Component: ARM Compiler 5.06 update 6 (build 750) Tool: armlink [4d35ed]

==============================================================================

Section Cross References

    main.o(i.main) refers to misc.o(i.NVIC_PriorityGroupConfig) for NVIC_PriorityGroupConfig
    main.o(i.main) refers to hardwaremanage.o(i.vSystemHardwareDriverInit) for vSystemHardwareDriverInit
    main.o(i.main) refers to taskmanage.o(i.vTaskCreateFunction) for vTaskCreateFunction
    main.o(i.main) refers to tasks.o(i.vTaskStartScheduler) for vTaskStartScheduler
    main.o(i.main) refers to usmart_config.o(.data) for usmart_dev
    system_stm32f10x.o(i.SetSysClock) refers to system_stm32f10x.o(i.SetSysClockTo72) for SetSysClockTo72
    system_stm32f10x.o(i.SystemCoreClockUpdate) refers to system_stm32f10x.o(.data) for SystemCoreClock
    system_stm32f10x.o(i.SystemInit) refers to system_stm32f10x.o(i.SetSysClock) for SetSysClock
    delay.o(i.SysTick_Handler) refers to tasks.o(i.xTaskGetSchedulerState) for xTaskGetSchedulerState
    delay.o(i.SysTick_Handler) refers to port.o(i.xPortSysTickHandler) for xPortSysTickHandler
    delay.o(i.delay_init) refers to misc.o(i.SysTick_CLKSourceConfig) for SysTick_CLKSourceConfig
    delay.o(i.delay_init) refers to system_stm32f10x.o(.data) for SystemCoreClock
    delay.o(i.delay_init) refers to delay.o(.data) for fac_us
    delay.o(i.delay_ms) refers to tasks.o(i.xTaskGetSchedulerState) for xTaskGetSchedulerState
    delay.o(i.delay_ms) refers to tasks.o(i.vTaskDelay) for vTaskDelay
    delay.o(i.delay_ms) refers to delay.o(i.delay_us) for delay_us
    delay.o(i.delay_ms) refers to delay.o(.data) for fac_ms
    delay.o(i.delay_us) refers to delay.o(.data) for fac_us
    delay.o(i.delay_xms) refers to delay.o(i.delay_us) for delay_us
    usart1.o(i.USART1_IRQHandler) refers (Special) to use_no_semi_2.o(.text) for __use_no_semihosting
    usart1.o(i.USART1_IRQHandler) refers to stm32f10x_usart.o(i.USART_GetITStatus) for USART_GetITStatus
    usart1.o(i.USART1_IRQHandler) refers to stm32f10x_usart.o(i.USART_ReceiveData) for USART_ReceiveData
    usart1.o(i.USART1_IRQHandler) refers to usart1.o(.data) for index
    usart1.o(i.USART1_IRQHandler) refers to usart1.o(.bss) for ucUSART1ReceiveBuffer
    usart1.o(i._sys_exit) refers (Special) to use_no_semi_2.o(.text) for __use_no_semihosting
    usart1.o(i.fputc) refers (Special) to use_no_semi_2.o(.text) for __use_no_semihosting
    usart1.o(i.vDma1_4_Usart1_TX_Init) refers (Special) to use_no_semi_2.o(.text) for __use_no_semihosting
    usart1.o(i.vDma1_4_Usart1_TX_Init) refers to stm32f10x_rcc.o(i.RCC_AHBPeriphClockCmd) for RCC_AHBPeriphClockCmd
    usart1.o(i.vDma1_4_Usart1_TX_Init) refers to stm32f10x_dma.o(i.DMA_DeInit) for DMA_DeInit
    usart1.o(i.vDma1_4_Usart1_TX_Init) refers to stm32f10x_dma.o(i.DMA_Init) for DMA_Init
    usart1.o(i.vUart1PinFunction_Init) refers (Special) to use_no_semi_2.o(.text) for __use_no_semihosting
    usart1.o(i.vUart1PinFunction_Init) refers to stm32f10x_rcc.o(i.RCC_APB2PeriphClockCmd) for RCC_APB2PeriphClockCmd
    usart1.o(i.vUart1PinFunction_Init) refers to stm32f10x_gpio.o(i.GPIO_Init) for GPIO_Init
    usart1.o(i.vUart1PinFunction_Init) refers to misc.o(i.NVIC_Init) for NVIC_Init
    usart1.o(i.vUart1PinFunction_Init) refers to stm32f10x_usart.o(i.USART_Init) for USART_Init
    usart1.o(i.vUart1PinFunction_Init) refers to stm32f10x_usart.o(i.USART_ITConfig) for USART_ITConfig
    usart1.o(i.vUart1PinFunction_Init) refers to stm32f10x_usart.o(i.USART_DMACmd) for USART_DMACmd
    usart1.o(i.vUart1PinFunction_Init) refers to stm32f10x_usart.o(i.USART_Cmd) for USART_Cmd
    usart1.o(i.vUart1_Init) refers (Special) to use_no_semi_2.o(.text) for __use_no_semihosting
    usart1.o(i.vUart1_Init) refers to usart1.o(i.vUart1PinFunction_Init) for vUart1PinFunction_Init
    usart1.o(i.vUart1_Init) refers to usart1.o(i.vDma1_4_Usart1_TX_Init) for vDma1_4_Usart1_TX_Init
    usart1.o(i.vUart1_Init) refers to usart1.o(.data) for ucDMA1_Stream4TransmitGrooveIndex
    usart1.o(i.vUart1_Init) refers to usart1.o(.bss) for ucUSART1TrainsmitBuffer
    usart1.o(i.vUsart1Interactive) refers (Special) to use_no_semi_2.o(.text) for __use_no_semihosting
    usart1.o(i.vUsart1Interactive) refers to stm32f10x_dma.o(i.DMA_GetFlagStatus) for DMA_GetFlagStatus
    usart1.o(i.vUsart1Interactive) refers to stm32f10x_dma.o(i.DMA_ClearFlag) for DMA_ClearFlag
    usart1.o(i.vUsart1Interactive) refers to stm32f10x_dma.o(i.DMA_Cmd) for DMA_Cmd
    usart1.o(i.vUsart1Interactive) refers to usart1.o(.data) for ucUSART1_TransmitMessageNumber
    usart1.o(i.vUsart1Interactive) refers to usart1.o(.bss) for ucUSART1TrainsmitBuffer
    usart1.o(.bss) refers (Special) to use_no_semi_2.o(.text) for __use_no_semihosting
    usart1.o(.data) refers (Special) to use_no_semi_2.o(.text) for __use_no_semihosting
    systemtime.o(i.GetOSRunTimeNow) refers to systemtime.o(.bss) for OS_RunTime
[...]
    vTaskStartScheduler                      0x0800aa11   Thumb Code   108  tasks.o(i.vTaskStartScheduler)
    vTaskSuspendAll                          0x0800aabd   Thumb Code    12  tasks.o(i.vTaskSuspendAll)
    vTaskSwitchContext                       0x0800aacd   Thumb Code   110  tasks.o(i.vTaskSwitchContext)
    vUart1PinFunction_Init                   0x0800ab75   Thumb Code   174  usart1.o(i.vUart1PinFunction_Init)
    vUart1_Init                              0x0800ac2d   Thumb Code    36  usart1.o(i.vUart1_Init)
    vUart2PinFunction_Init                   0x0800ac59   Thumb Code   150  usart.o(i.vUart2PinFunction_Init)
    vUart2_Init                              0x0800acf9   Thumb Code    60  usart.o(i.vUart2_Init)
    vUltransonicCaculate                     0x0800ad45   Thumb Code   168  application_ultrasonic.o(i.vUltransonicCaculate)
    vUltrasonicTask                          0x0800adfd   Thumb Code    54  application_ultrasonic.o(i.vUltrasonicTask)
    vUltrasonic_Emit                         0x0800ae3d   Thumb Code    42  iooutput.o(i.vUltrasonic_Emit)
    vUltrasonic_GPIO_config                  0x0800ae71   Thumb Code    54  iooutput.o(i.vUltrasonic_GPIO_config)
    vUltrasonic_Init                         0x0800aead   Thumb Code     8  iooutput.o(i.vUltrasonic_Init)
    vUsart1Interactive                       0x0800aeb5   Thumb Code   138  usart1.o(i.vUsart1Interactive)
    vUsart2Interactive                       0x0800af59   Thumb Code   270  usart.o(i.vUsart2Interactive)
    vUsmartTimerTask                         0x0800b095   Thumb Code    16  usmart.o(i.vUsmartTimerTask)
    vVAPowerCtlPinInit                       0x0800b0a9   Thumb Code    50  iooutput.o(i.vVAPowerCtlPinInit)
    vVPowerCtlPinInit                        0x0800b0e1   Thumb Code    50  iooutput.o(i.vVPowerCtlPinInit)
    vVccPowerCtlPinInit                      0x0800b119   Thumb Code    50  iooutput.o(i.vVccPowerCtlPinInit)
    vWaveFromOut                             0x0800b151   Thumb Code    48  datascope_dp.o(i.vWaveFromOut)
    vWheelCtlPinInit                         0x0800b189   Thumb Code    38  iooutput.o(i.vWheelCtlPinInit)
    vWhiteLedBrightness                      0x0800b1b5   Thumb Code    22  applicationled.o(i.vWhiteLedBrightness)
    vWrite_Bq24773_Register                  0x0800b1cb   Thumb Code    16  testfun.o(i.vWrite_Bq24773_Register)
    vWrite_Wheel                             0x0800b1dd   Thumb Code    62  testfun.o(i.vWrite_Wheel)
    vYellowLedBrightness                     0x0800b235   Thumb Code    22  applicationled.o(i.vYellowLedBrightness)
    write_addr                               0x0800b24b   Thumb Code     4  usmart.o(i.write_addr)
    xPortStartScheduler                      0x0800b251   Thumb Code   140  port.o(i.xPortStartScheduler)
    xPortSysTickHandler                      0x0800b2f1   Thumb Code    50  port.o(i.xPortSysTickHandler)
    xQueueGenericCreate                      0x0800b329   Thumb Code    78  queue.o(i.xQueueGenericCreate)
    xQueueGenericReceive                     0x0800b39d   Thumb Code   416  queue.o(i.xQueueGenericReceive)
    xQueueGenericReset                       0x0800b565   Thumb Code   136  queue.o(i.xQueueGenericReset)
    xQueueGenericSend                        0x0800b615   Thumb Code   412  queue.o(i.xQueueGenericSend)
    xQueueGenericSendFromISR                 0x0800b7d9   Thumb Code   234  queue.o(i.xQueueGenericSendFromISR)
    xTaskCheckForTimeOut                     0x0800b8e9   Thumb Code   116  tasks.o(i.xTaskCheckForTimeOut)
    xTaskCreate                              0x0800b989   Thumb Code    96  tasks.o(i.xTaskCreate)
    xTaskGenericNotifyFromISR                0x0800b9e9   Thumb Code   278  tasks.o(i.xTaskGenericNotifyFromISR)
    xTaskGetSchedulerState                   0x0800bb3d   Thumb Code    24  tasks.o(i.xTaskGetSchedulerState)
    xTaskGetTickCount                        0x0800bb5d   Thumb Code     6  tasks.o(i.xTaskGetTickCount)
    xTaskIncrementTick                       0x0800bb69   Thumb Code   272  tasks.o(i.xTaskIncrementTick)
    xTaskPriorityDisinherit                  0x0800bcc9   Thumb Code   168  tasks.o(i.xTaskPriorityDisinherit)
    xTaskRemoveFromEventList                 0x0800bda1   Thumb Code   118  tasks.o(i.xTaskRemoveFromEventList)
    xTaskResumeAll                           0x0800be55   Thumb Code   214  tasks.o(i.xTaskResumeAll)
    xTimerCreateTimerTask                    0x0800bf75   Thumb Code    56  timers.o(i.xTimerCreateTimerTask)
    xTimerGenericCommand                     0x0800bfe9   Thumb Code   118  timers.o(i.xTimerGenericCommand)
    _get_lc_numeric                          0x0800c08d   Thumb Code    44  lc_numeric_c.o(locale$$code)
    __aeabi_d2f                              0x0800c0b9   Thumb Code     0  d2f.o(x$fpl$d2f)
    _d2f                                     0x0800c0b9   Thumb Code    98  d2f.o(x$fpl$d2f)
    __aeabi_dadd                             0x0800c11d   Thumb Code     0  daddsub_clz.o(x$fpl$dadd)
    _dadd                                    0x0800c11d   Thumb Code   332  daddsub_clz.o(x$fpl$dadd)
    __fpl_dcheck_NaN1                        0x0800c26d   Thumb Code    10  dcheck1.o(x$fpl$dcheck1)
    __fpl_dcmp_Inf                           0x0800c27d   Thumb Code    24  dcmpi.o(x$fpl$dcmpinf)
    __aeabi_ddiv                             0x0800c295   Thumb Code     0  ddiv.o(x$fpl$ddiv)
    _ddiv                                    0x0800c295   Thumb Code   552  ddiv.o(x$fpl$ddiv)
    __aeabi_d2iz                             0x0800c545   Thumb Code     0  dfix.o(x$fpl$dfix)
    _dfix                                    0x0800c545   Thumb Code    94  dfix.o(x$fpl$dfix)
    __aeabi_i2d                              0x0800c5a3   Thumb Code     0  dflt_clz.o(x$fpl$dflt)
    _dflt                                    0x0800c5a3   Thumb Code    46  dflt_clz.o(x$fpl$dflt)
    __aeabi_ui2d                             0x0800c5d1   Thumb Code     0  dflt_clz.o(x$fpl$dfltu)
    _dfltu                                   0x0800c5d1   Thumb Code    38  dflt_clz.o(x$fpl$dfltu)
    __aeabi_cdcmple                          0x0800c5f9   Thumb Code     0  dleqf.o(x$fpl$dleqf)
    _dcmple                                  0x0800c5f9   Thumb Code   120  dleqf.o(x$fpl$dleqf)
    __fpl_dcmple_InfNaN                      0x0800c65b   Thumb Code     0  dleqf.o(x$fpl$dleqf)
    __aeabi_dmul                             0x0800c671   Thumb Code     0  dmul.o(x$fpl$dmul)
    _dmul                                    0x0800c671   Thumb Code   332  dmul.o(x$fpl$dmul)
    __fpl_dnaninf                            0x0800c7c5   Thumb Code   156  dnaninf.o(x$fpl$dnaninf)
    __fpl_dretinf                            0x0800c861   Thumb Code    12  dretinf.o(x$fpl$dretinf)
    __aeabi_cdrcmple                         0x0800c86d   Thumb Code     0  drleqf.o(x$fpl$drleqf)
    _drcmple                                 0x0800c86d   Thumb Code   108  drleqf.o(x$fpl$drleqf)
    __aeabi_drsub                            0x0800c8d9   Thumb Code     0  daddsub_clz.o(x$fpl$drsb)
    _drsb                                    0x0800c8d9   Thumb Code    22  daddsub_clz.o(x$fpl$drsb)
    __aeabi_dsub                             0x0800c8f1   Thumb Code     0  daddsub_clz.o(x$fpl$dsub)
    _dsub                                    0x0800c8f1   Thumb Code   464  daddsub_clz.o(x$fpl$dsub)
    __aeabi_f2d                              0x0800cac5   Thumb Code     0  f2d.o(x$fpl$f2d)
    _f2d                                     0x0800cac5   Thumb Code    86  f2d.o(x$fpl$f2d)
    __aeabi_fadd                             0x0800cb1d   Thumb Code     0  faddsub_clz.o(x$fpl$fadd)
    _fadd                                    0x0800cb1d   Thumb Code   196  faddsub_clz.o(x$fpl$fadd)
    __fpl_fcmp_Inf                           0x0800cbe1   Thumb Code    24  fcmpi.o(x$fpl$fcmpinf)
    __aeabi_fdiv                             0x0800cbf9   Thumb Code     0  fdiv.o(x$fpl$fdiv)
    _fdiv                                    0x0800cbf9   Thumb Code   384  fdiv.o(x$fpl$fdiv)
    __aeabi_cfcmpeq                          0x0800cd7d   Thumb Code     0  feqf.o(x$fpl$feqf)
    _fcmpeq                                  0x0800cd7d   Thumb Code   104  feqf.o(x$fpl$feqf)
    __aeabi_f2iz                             0x0800cde5   Thumb Code     0  ffix.o(x$fpl$ffix)
    _ffix                                    0x0800cde5   Thumb Code    54  ffix.o(x$fpl$ffix)
    __aeabi_f2uiz                            0x0800ce1d   Thumb Code     0  ffixu.o(x$fpl$ffixu)
    _ffixu                                   0x0800ce1d   Thumb Code    62  ffixu.o(x$fpl$ffixu)
    __aeabi_i2f                              0x0800ce5d   Thumb Code     0  fflt_clz.o(x$fpl$fflt)
    _fflt                                    0x0800ce5d   Thumb Code    48  fflt_clz.o(x$fpl$fflt)
    __aeabi_ui2f                             0x0800ce8d   Thumb Code     0  fflt_clz.o(x$fpl$ffltu)
    _ffltu                                   0x0800ce8d   Thumb Code    38  fflt_clz.o(x$fpl$ffltu)
    __aeabi_cfcmple                          0x0800ceb5   Thumb Code     0  fleqf.o(x$fpl$fleqf)
    _fcmple                                  0x0800ceb5   Thumb Code   104  fleqf.o(x$fpl$fleqf)
    __fpl_fcmple_InfNaN                      0x0800cf07   Thumb Code     0  fleqf.o(x$fpl$fleqf)
    __aeabi_fmul                             0x0800cf1d   Thumb Code     0  fmul.o(x$fpl$fmul)
    _fmul                                    0x0800cf1d   Thumb Code   258  fmul.o(x$fpl$fmul)
    __fpl_fnaninf                            0x0800d01f   Thumb Code   140  fnaninf.o(x$fpl$fnaninf)
    __fpl_fretinf                            0x0800d0ab   Thumb Code    10  fretinf.o(x$fpl$fretinf)
    __aeabi_cfrcmple                         0x0800d0b5   Thumb Code     0  frleqf.o(x$fpl$frleqf)
    _frcmple                                 0x0800d0b5   Thumb Code    98  frleqf.o(x$fpl$frleqf)
    __aeabi_fsub                             0x0800d119   Thumb Code     0  faddsub_clz.o(x$fpl$fsub)
    _fsub                                    0x0800d119   Thumb Code   234  faddsub_clz.o(x$fpl$fsub)
    _printf_fp_dec                           0x0800d203   Thumb Code     4  printf1.o(x$fpl$printf1)
    __fpl_return_NaN                         0x0800d207   Thumb Code   100  retnan.o(x$fpl$retnan)
    __ARM_scalbn                             0x0800d26b   Thumb Code    92  scalbn.o(x$fpl$scalbn)
    __fpl_cmpreturn                          0x0800d2c7   Thumb Code    48  trapv.o(x$fpl$trapveneer)
    __I$use$fp                               0x0800d2f6   Number         0  usenofp.o(x$fpl$usenofp)
    __mathlib_zero                           0x0800d3c8   Data           8  qnan.o(.constdata)
    Region$$Table$$Base                      0x0800d7f4   Number         0  anon$$obj.o(Region$$Table)
    Region$$Table$$Limit                     0x0800d814   Number         0  anon$$obj.o(Region$$Table)
    SystemCoreClock                          0x20000000   Data           4  system_stm32f10x.o(.data)
    AHBPrescTable                            0x20000004   Data          16  system_stm32f10x.o(.data)
    __stdout                                 0x20000018   Data           4  usart1.o(.data)
    ucUSART1TrainsmitLength                  0x2000001c   Data           5  usart1.o(.data)
    ucDMA1_Stream4TransmitGrooveIndex        0x20000021   Data           1  usart1.o(.data)
    ucUSART1_TransmitMessageNumber           0x20000022   Data           1  usart1.o(.data)
    ucWtiteDataToUSART1TransmitGrooveIndex   0x20000023   Data           1  usart1.o(.data)
    ucUSART1_TransmitWritingBytePointer      0x20000024   Data           1  usart1.o(.data)
    ucUSART1ReceiveBufferLength              0x20000025   Data           5  usart1.o(.data)
    ucUSART1ReceiveGrooveIndex               0x2000002a   Data           1  usart1.o(.data)
    ucUSART1ReadBufferIndex                  0x2000002b   Data           1  usart1.o(.data)
    ucUSART1ReceiveWritingBytePointer        0x2000002c   Data           1  usart1.o(.data)
    ucDMA1_Stream5ReceiveGrooveIndex         0x2000002d   Data           1  usart1.o(.data)
    ucUSART1_ReceiveMessageNumber            0x2000002e   Data           1  usart1.o(.data)
    tULTime                                  0x20000032   Data           8  exti.o(.data)
    GyroUpdateCNT                            0x2000003a   Data           1  timer.o(.data)
    ucDMA1_Stream7TransmitGrooveIndex        0x2000003b   Data           1  usart.o(.data)
    ucUSART2_TransmitMessageNumber           0x2000003c   Data           1  usart.o(.data)
    ucWtiteDataToUSART2TransmitGrooveIndex   0x2000003d   Data           1  usart.o(.data)
    ucUSART2_TransmitWritingBytePointer      0x2000003e   Data           1  usart.o(.data)
    ucUSART2ReceiveBufferLength              0x2000003f   Data           5  usart.o(.data)
    ucUSART2ReceiveGrooveIndex               0x20000044   Data           1  usart.o(.data)
    ucUSART2ReadBufferIndex                  0x20000045   Data           1  usart.o(.data)
    ucUSART2ReceiveWritingBytePointer        0x20000046   Data           1  usart.o(.data)
    ucDMA1_Stream6ReceiveGrooveIndex         0x20000047   Data           1  usart.o(.data)
    ucUSART2_ReceiveMessageNumber            0x20000048   Data           1  usart.o(.data)
    g_FanEncodeCount                         0x2000004c   Data           4  timecapture.o(.data)
    ForwardSpeed                             0x20000050   Data           2  behaviormanage.o(.data)
    AlongEdgeSpeed                           0x20000052   Data           2  behaviormanage.o(.data)
    g_FanRotationRate                        0x20000070   Data           4  applicationmotor.o(.data)
    g_sExpect_Angle                          0x20000074   Data           2  applicationmotor.o(.data)
    g_sExpect_speed                          0x20000076   Data           2  applicationmotor.o(.data)
    g_sExpect_range                          0x20000078   Data           2  applicationmotor.o(.data)
    P_V                                      0x2000007c   Data           4  applicationmotor.o(.data)
    I_V                                      0x20000080   Data           4  applicationmotor.o(.data)
    D_V                                      0x20000084   Data           4  applicationmotor.o(.data)
    SpeedLeftUiV                             0x20000088   Data           4  applicationmotor.o(.data)
    SpeedRightUiV                            0x2000008c   Data           4  applicationmotor.o(.data)
    P_AE                                     0x20000090   Data           4  applicationmotor.o(.data)
    I_AE                                     0x20000094   Data           4  applicationmotor.o(.data)
    D_AE                                     0x20000098   Data           4  applicationmotor.o(.data)
    g_tIncPID                                0x2000009c   Data           2  applicationmotor.o(.data)
    HandleADCDataProcessing                  0x200000a4   Data           4  applicationadc.o(.data)
    g_usAnalogSwitch                         0x200000a8   Data           8  applicationadc.o(.data)
    tDropcheck                               0x200000b2   Data           5  applicationdropcheck.o(.data)
    g_usDROP_AD                              0x200000b8   Data           8  applicationdropcheck.o(.data)
    eGyro_State                              0x200000c0   Data           1  bmi160.o(.data)
    ucToleranceFlag                          0x200000c1   Data           1  bmi160.o(.data)
    ucToleranceFailFlag                      0x200000c2   Data           1  bmi160.o(.data)
    AccValue_t                               0x200000d4   Data           3  bmi160_data.o(.data)
    g_usMaxClashDistance                     0x200000d8   Data           2  application_ultrasonic.o(.data)
    g_fSoundDistance                         0x200000da   Data           2  application_ultrasonic.o(.data)
    tClash                                   0x200000dc   Data           4  application_ultrasonic.o(.data)
    ucBattery_Level                          0x200000e4   Data           1  applicationpowerchip.o(.data)
    bInRechargeStand                         0x200000e5   Data           1  applicationpowerchip.o(.data)
    bNeedCharge                              0x200000e6   Data           1  applicationpowerchip.o(.data)
    pxCurrentTCB                             0x200000e8   Data           4  tasks.o(.data)
    sys_cmd_tab                              0x20000170   Data          28  usmart.o(.data)
    usmart_nametab                           0x2000018c   Data         152  usmart_config.o(.data)
    usmart_dev                               0x20000224   Data         244  usmart_config.o(.data)
    BufIndex                                 0x20000318   Data          44  testfun.o(.data)
    g_tRobotState                            0x20000344   Data          14  main.o(.bss)
    ucUSART1TrainsmitBuffer                  0x20000352   Data         450  usart1.o(.bss)
    ucUSART1ReceiveBuffer                    0x20000514   Data         450  usart1.o(.bss)
    OS_RunTime                               0x200006d8   Data          12  systemtime.o(.bss)
    g_AdcOriginalValue                       0x200006e4   Data          78  adc.o(.bss)
    ucUSART2TrainsmitBuffer                  0x20000732   Data        2700  usart.o(.bss)
    ucUSART2TrainsmitLength                  0x200011be   Data          30  usart.o(.bss)
    ucUSART2ReceiveBuffer                    0x200011dc   Data         450  usart.o(.bss)
    g_tLeftWheel                             0x200013a0   Data          28  timecapture.o(.bss)
    g_tRightWheel                            0x200013bc   Data          28  timecapture.o(.bss)
    g_usInChipAdcChannelAverageValue         0x20001420   Data          26  applicationadc.o(.bss)
    tGyro_Offset                             0x2000143c   Data          12  bmi160.o(.bss)
    GyroValue_t                              0x200014ac   Data          12  bmi160_data.o(.bss)
    xQueueRegistry                           0x200017c4   Data          64  queue.o(.bss)
    DataScope_OutPut_Buffer                  0x20006804   Data          42  datascope_dp.o(.bss)
    __libspace_start                         0x20006830   Data          96  libspace.o(.bss)
    __temporary_stack_top$libspace           0x20006890   Data           0  libspace.o(.bss)



==============================================================================

Memory Map of the image

  Image Entry point : 0x080002dd

  Load Region LR_1 (Base: 0x08000000, Size: 0x0000db74, Max: 0xffffffff, ABSOLUTE, COMPRESSED[0x0000d948])

    Execution Region ER_RO (Exec base: 0x08000000, Load base: 0x08000000, Size: 0x0000d830, Max: 0xffffffff, ABSOLUTE)

    Exec Addr    Load Addr    Size         Type   Attr      Idx    E Section Name        Object

    0x08000000   0x08000000   0x00000130   Data   RO         3076    RESET               startup_stm32f10x_hd.o
    0x08000130   0x08000130   0x00000008   Code   RO         5396  * !!!main             c_w.l(__main.o)
    0x08000138   0x08000138   0x00000034   Code   RO         5746    !!!scatter          c_w.l(__scatter.o)
    0x0800016c   0x0800016c   0x0000005a   Code   RO         5744    !!dczerorl2         c_w.l(__dczerorl2.o)
    0x080001c6   0x080001c6   0x00000002   PAD
    0x080001c8   0x080001c8   0x0000001c   Code   RO         5748    !!handler_zi        c_w.l(__scatter_zi.o)
    0x080001e4   0x080001e4   0x00000000   Code   RO         5381    .ARM.Collect$$_printf_percent$$00000000  c_w.l(_printf_percent.o)
    0x080001e4   0x080001e4   0x00000006   Code   RO         5380    .ARM.Collect$$_printf_percent$$00000003  c_w.l(_printf_f.o)
    0x080001ea   0x080001ea   0x00000006   Code   RO         5378    .ARM.Collect$$_printf_percent$$00000009  c_w.l(_printf_d.o)
    0x080001f0   0x080001f0   0x00000006   Code   RO         5379    .ARM.Collect$$_printf_percent$$0000000A  c_w.l(_printf_u.o)
    0x080001f6   0x080001f6   0x00000006   Code   RO         5377    .ARM.Collect$$_printf_percent$$0000000C  c_w.l(_printf_x.o)
    0x080001fc   0x080001fc   0x00000006   Code   RO         5375    .ARM.Collect$$_printf_percent$$00000013  c_w.l(_printf_c.o)
    0x08000202   0x08000202   0x00000006   Code   RO         5376    .ARM.Collect$$_printf_percent$$00000014  c_w.l(_printf_s.o)
    0x08000208   0x08000208   0x00000004   Code   RO         5487    .ARM.Collect$$_printf_percent$$00000017  c_w.l(_printf_percent_end.o)
    0x0800020c   0x0800020c   0x00000002   Code   RO         5615    .ARM.Collect$$libinit$$00000000  c_w.l(libinit.o)
    0x0800020e   0x0800020e   0x00000000   Code   RO         5617    .ARM.Collect$$libinit$$00000002  c_w.l(libinit2.o)
    0x0800020e   0x0800020e   0x00000000   Code   RO         5619    .ARM.Collect$$libinit$$00000004  c_w.l(libinit2.o)
    0x0800020e   0x0800020e   0x00000000   Code   RO         5622    .ARM.Collect$$libinit$$0000000A  c_w.l(libinit2.o)
    0x0800020e   0x0800020e   0x00000000   Code   RO         5624    .ARM.Collect$$libinit$$0000000C  c_w.l(libinit2.o)
    0x0800020e   0x0800020e   0x00000000   Code   RO         5626    .ARM.Collect$$libinit$$0000000E  c_w.l(libinit2.o)
    0x0800020e   0x0800020e   0x00000006   Code   RO         5627    .ARM.Collect$$libinit$$0000000F  c_w.l(libinit2.o)
    0x08000214   0x08000214   0x00000000   Code   RO         5629    .ARM.Collect$$libinit$$00000011  c_w.l(libinit2.o)
    0x08000214   0x08000214   0x00000000   Code   RO         5631    .ARM.Collect$$libinit$$00000013  c_w.l(libinit2.o)
    0x08000214   0x08000214   0x00000000   Code   RO         5633    .ARM.Collect$$libinit$$00000015  c_w.l(libinit2.o)
    0x08000214   0x08000214   0x0000000a   Code   RO         5634    .ARM.Collect$$libinit$$00000016  c_w.l(libinit2.o)
    0x0800021e   0x0800021e   0x00000000   Code   RO         5635    .ARM.Collect$$libinit$$00000017  c_w.l(libinit2.o)
    0x0800021e   0x0800021e   0x00000000   Code   RO         5637    .ARM.Collect$$libinit$$00000019  c_w.l(libinit2.o)
    0x0800021e   0x0800021e   0x00000000   Code   RO         5639    .ARM.Collect$$libinit$$0000001B  c_w.l(libinit2.o)
    0x0800021e   0x0800021e   0x00000000   Code   RO         5641    .ARM.Collect$$libinit$$0000001D  c_w.l(libinit2.o)
    0x0800021e   0x0800021e   0x00000000   Code   RO         5643    .ARM.Collect$$libinit$$0000001F  c_w.l(libinit2.o)
    0x0800021e   0x0800021e   0x00000000   Code   RO         5645    .ARM.Collect$$libinit$$00000021  c_w.l(libinit2.o)
    0x0800021e   0x0800021e   0x00000000   Code   RO         5647    .ARM.Collect$$libinit$$00000023  c_w.l(libinit2.o)
    0x0800021e   0x0800021e   0x00000000   Code   RO         5649    .ARM.Collect$$libinit$$00000025  c_w.l(libinit2.o)
    0x0800021e   0x0800021e   0x00000000   Code   RO         5653    .ARM.Collect$$libinit$$0000002C  c_w.l(libinit2.o)
    0x0800021e   0x0800021e   0x00000000   Code   RO         5655    .ARM.Collect$$libinit$$0000002E  c_w.l(libinit2.o)
    0x0800021e   0x0800021e   0x00000000   Code   RO         5657    .ARM.Collect$$libinit$$00000030  c_w.l(libinit2.o)
    0x0800021e   0x0800021e   0x00000000   Code   RO         5659    .ARM.Collect$$libinit$$00000032  c_w.l(libinit2.o)
    0x0800021e   0x0800021e   0x00000002   Code   RO         5660    .ARM.Collect$$libinit$$00000033  c_w.l(libinit2.o)
    0x08000220   0x08000220   0x00000002   Code   RO         5694    .ARM.Collect$$libshutdown$$00000000  c_w.l(libshutdown.o)
    0x08000222   0x08000222   0x00000000   Code   RO         5703    .ARM.Collect$$libshutdown$$00000002  c_w.l(libshutdown2.o)
    0x08000222   0x08000222   0x00000000   Code   RO         5705    .ARM.Collect$$libshutdown$$00000004  c_w.l(libshutdown2.o)
    0x08000222   0x08000222   0x00000000   Code   RO         5708    .ARM.Collect$$libshutdown$$00000007  c_w.l(libshutdown2.o)
    0x08000222   0x08000222   0x00000000   Code   RO         5711    .ARM.Collect$$libshutdown$$0000000A  c_w.l(libshutdown2.o)
    0x08000222   0x08000222   0x00000000   Code   RO         5713    .ARM.Collect$$libshutdown$$0000000C  c_w.l(libshutdown2.o)
    0x08000222   0x08000222   0x00000000   Code   RO         5716    .ARM.Collect$$libshutdown$$0000000F  c_w.l(libshutdown2.o)
    0x08000222   0x08000222   0x00000002   Code   RO         5717    .ARM.Collect$$libshutdown$$00000010  c_w.l(libshutdown2.o)
    0x08000224   0x08000224   0x00000000   Code   RO         5472    .ARM.Collect$$rtentry$$00000000  c_w.l(__rtentry.o)
    0x08000224   0x08000224   0x00000000   Code   RO         5531    .ARM.Collect$$rtentry$$00000002  c_w.l(__rtentry2.o)
    0x08000224   0x08000224   0x00000006   Code   RO         5543    .ARM.Collect$$rtentry$$00000004  c_w.l(__rtentry4.o)
    0x0800022a   0x0800022a   0x00000000   Code   RO         5533    .ARM.Collect$$rtentry$$00000009  c_w.l(__rtentry2.o)
    0x0800022a   0x0800022a   0x00000004   Code   RO         5534    .ARM.Collect$$rtentry$$0000000A  c_w.l(__rtentry2.o)
    0x0800022e   0x0800022e   0x00000000   Code   RO         5536    .ARM.Collect$$rtentry$$0000000C  c_w.l(__rtentry2.o)
    0x0800022e   0x0800022e   0x00000008   Code   RO         5537    .ARM.Collect$$rtentry$$0000000D  c_w.l(__rtentry2.o)
    0x08000236   0x08000236   0x00000002   Code   RO         5663    .ARM.Collect$$rtexit$$00000000  c_w.l(rtexit.o)
    0x08000238   0x08000238   0x00000000   Code   RO         5672    .ARM.Collect$$rtexit$$00000002  c_w.l(rtexit2.o)
    0x08000238   0x08000238   0x00000004   Code   RO         5673    .ARM.Collect$$rtexit$$00000003  c_w.l(rtexit2.o)
    0x0800023c   0x0800023c   0x00000006   Code   RO         5674    .ARM.Collect$$rtexit$$00000004  c_w.l(rtexit2.o)
    0x08000242   0x08000242   0x00000002   PAD
    0x08000244   0x08000244   0x00000096   Code   RO         2938    .emb_text           port.o
    0x080002da   0x080002da   0x00000002   PAD
    0x080002dc   0x080002dc   0x00000040   Code   RO         3077  * .text               startup_stm32f10x_hd.o
    0x0800031c   0x0800031c   0x00000002   Code   RO         5316    .text               c_w.l(use_no_semi_2.o)
    0x0800031e   0x0800031e   0x00000002   PAD
    0x08000320   0x08000320   0x00000018   Code   RO         5322    .text               c_w.l(noretval__2printf.o)
    0x08000338   0x08000338   0x0000004e   Code   RO         5328    .text               c_w.l(_printf_pad.o)
    0x08000386   0x08000386   0x00000052   Code   RO         5330    .text               c_w.l(_printf_str.o)
    0x080003d8   0x080003d8   0x00000078   Code   RO         5332    .text               c_w.l(_printf_dec.o)
    0x08000450   0x08000450   0x00000058   Code   RO         5337    .text               c_w.l(_printf_hex_int.o)
    0x080004a8   0x080004a8   0x00000188   Code   RO         5372    .text               c_w.l(__printf_flags_ss_wp.o)
    0x08000630   0x08000630   0x0000008a   Code   RO         5388    .text               c_w.l(rt_memcpy_v6.o)
    0x080006ba   0x080006ba   0x00000010   Code   RO         5390    .text               c_w.l(aeabi_memset.o)
    0x080006ca   0x080006ca   0x0000004e   Code   RO         5392    .text               c_w.l(rt_memclr_w.o)
    0x08000718   0x08000718   0x00000006   Code   RO         5394    .text               c_w.l(heapauxi.o)
    0x0800071e   0x0800071e   0x00000002   Code   RO         5470    .text               c_w.l(use_no_semi.o)
    0x08000720   0x08000720   0x000000b2   Code   RO         5475    .text               c_w.l(_printf_intcommon.o)
    0x080007d2   0x080007d2   0x0000041e   Code   RO         5477    .text               c_w.l(_printf_fp_dec.o)
    0x08000bf0   0x08000bf0   0x00000030   Code   RO         5479    .text               c_w.l(_printf_char_common.o)
    0x08000c20   0x08000c20   0x0000002c   Code   RO         5483    .text               c_w.l(_printf_char.o)
    0x08000c4c   0x08000c4c   0x00000024   Code   RO         5485    .text               c_w.l(_printf_char_file.o)
    0x08000c70   0x08000c70   0x00000064   Code   RO         5488    .text               c_w.l(rt_memcpy_w.o)
    0x08000cd4   0x08000cd4   0x00000044   Code   RO         5490    .text               c_w.l(rt_memclr.o)
    0x08000d18   0x08000d18   0x00000008   Code   RO         5548    .text               c_w.l(rt_locale_intlibspace.o)
    0x08000d20   0x08000d20   0x0000008a   Code   RO         5555    .text               c_w.l(lludiv10.o)
    0x08000daa   0x08000daa   0x00000002   PAD
    0x08000dac   0x08000dac   0x00000080   Code   RO         5557    .text               c_w.l(_printf_fp_infnan.o)
    0x08000e2c   0x08000e2c   0x000000e4   Code   RO         5561    .text               c_w.l(bigflt0.o)
    0x08000f10   0x08000f10   0x00000008   Code   RO         5586    .text               c_w.l(ferror.o)
    0x08000f18   0x08000f18   0x00000008   Code   RO         5601    .text               c_w.l(libspace.o)
    0x08000f20   0x08000f20   0x0000004a   Code   RO         5604    .text               c_w.l(sys_stackheap_outer.o)
    0x08000f6a   0x08000f6a   0x00000012   Code   RO         5606    .text               c_w.l(exit.o)
    0x08000f7c   0x08000f7c   0x00000080   Code   RO         5608    .text               c_w.l(strcmpv7m.o)
    0x08000ffc   0x08000ffc   0x0000003e   Code   RO         5564    CL$$btod_d2e        c_w.l(btod.o)
    0x0800103a   0x0800103a   0x00000046   Code   RO         5566    CL$$btod_d2e_denorm_low  c_w.l(btod.o)
    0x08001080   0x08001080   0x00000060   Code   RO         5565    CL$$btod_d2e_norm_op1  c_w.l(btod.o)
    0x080010e0   0x080010e0   0x00000338   Code   RO         5574    CL$$btod_div_common  c_w.l(btod.o)
    0x08001418   0x08001418   0x000000dc   Code   RO         5571    CL$$btod_e2e        c_w.l(btod.o)
    0x080014f4   0x080014f4   0x0000002a   Code   RO         5568    CL$$btod_ediv       c_w.l(btod.o)
    0x0800151e   0x0800151e   0x0000002a   Code   RO         5567    CL$$btod_emul       c_w.l(btod.o)
    0x08001548   0x08001548   0x00000244   Code   RO         5573    CL$$btod_mult_common  c_w.l(btod.o)
    0x0800178c   0x0800178c   0x00000016   Code   RO         4069    i.ADC_Cmd           stm32f10x_adc.o
    0x080017a2   0x080017a2   0x00000016   Code   RO         4070    i.ADC_DMACmd        stm32f10x_adc.o
    0x080017b8   0x080017b8   0x0000005c   Code   RO         4071    i.ADC_DeInit        stm32f10x_adc.o
    0x08001814   0x08001814   0x00000014   Code   RO         4077    i.ADC_GetCalibrationStatus  stm32f10x_adc.o
    0x08001828   0x08001828   0x00000014   Code   RO         4083    i.ADC_GetResetCalibrationStatus  stm32f10x_adc.o
    0x0800183c   0x0800183c   0x00000050   Code   RO         4087    i.ADC_Init          stm32f10x_adc.o
    0x0800188c   0x0800188c   0x000000b8   Code   RO         4091    i.ADC_RegularChannelConfig  stm32f10x_adc.o
    0x08001944   0x08001944   0x0000000a   Code   RO         4092    i.ADC_ResetCalibration  stm32f10x_adc.o
    0x0800194e   0x0800194e   0x00000016   Code   RO         4094    i.ADC_SoftwareStartConvCmd  stm32f10x_adc.o
    0x08001964   0x08001964   0x0000000a   Code   RO         4096    i.ADC_StartCalibration  stm32f10x_adc.o
    0x0800196e   0x0800196e   0x00000002   PAD
    0x08001970   0x08001970   0x00000110   Code   RO         1226    i.AllMotorErrorCheck  behaviormanage.o
    0x08001a80   0x08001a80   0x0000009c   Code   RO         1610    i.BMI160_Init       bmi160.o
    0x08001b1c   0x08001b1c   0x00000030   Code   RO          721    i.BMI160_ReadOneByteFromSlave  spi.o
    0x08001b4c   0x08001b4c   0x00000104   Code   RO         1611    i.BMI160_SPI_GetACC  bmi160.o
    0x08001c50   0x08001c50   0x00000158   Code   RO         1612    i.BMI160_SPI_GetGyro  bmi160.o
    0x08001da8   0x08001da8   0x00000010   Code   RO         1613    i.BMI160_SPI_GetID  bmi160.o
    0x08001db8   0x08001db8   0x00000076   Code   RO         1614    i.BMI160_SPI_GetOffset  bmi160.o
    0x08001e2e   0x08001e2e   0x00000002   PAD
    0x08001e30   0x08001e30   0x00000030   Code   RO          722    i.BMI160_WriteOneByteToSlave  spi.o
    0x08001e60   0x08001e60   0x00000004   Code   RO          271    i.BusFault_Handler  stm32f10x_it.o
    0x08001e64   0x08001e64   0x0000003c   Code   RO          769    i.DMA1_Channel1_IRQHandler  adc.o
    0x08001ea0   0x08001ea0   0x0000001c   Code   RO         4285    i.DMA_ClearFlag     stm32f10x_dma.o
    0x08001ebc   0x08001ebc   0x0000001c   Code   RO         4286    i.DMA_ClearITPendingBit  stm32f10x_dma.o
    0x08001ed8   0x08001ed8   0x00000018   Code   RO         4287    i.DMA_Cmd           stm32f10x_dma.o
    0x08001ef0   0x08001ef0   0x0000014c   Code   RO         4288    i.DMA_DeInit        stm32f10x_dma.o
    0x0800203c   0x0800203c   0x00000008   Code   RO         4289    i.DMA_GetCurrDataCounter  stm32f10x_dma.o
    0x08002044   0x08002044   0x0000002c   Code   RO         4290    i.DMA_GetFlagStatus  stm32f10x_dma.o
    0x08002070   0x08002070   0x0000002c   Code   RO         4291    i.DMA_GetITStatus   stm32f10x_dma.o
    0x0800209c   0x0800209c   0x00000012   Code   RO         4292    i.DMA_ITConfig      stm32f10x_dma.o
    0x080020ae   0x080020ae   0x0000003c   Code   RO         4293    i.DMA_Init          stm32f10x_dma.o
    0x080020ea   0x080020ea   0x00000002   PAD
    0x080020ec   0x080020ec   0x00000208   Code   RO         5183    i.DROP_AD_Printf    testfun.o
    0x080022f4   0x080022f4   0x00000098   Code   RO         5278    i.DataScope_Data_Generate  datascope_dp.o
    0x0800238c   0x0800238c   0x000000a4   Code   RO         5279    i.DataScope_Get_Channel_Data  datascope_dp.o
    0x08002430   0x08002430   0x00000002   Code   RO          272    i.DebugMon_Handler  stm32f10x_it.o
    0x08002432   0x08002432   0x00000002   PAD
    0x08002434   0x08002434   0x0000007c   Code   RO         1227    i.DropCheckUpdate   behaviormanage.o
    0x080024b0   0x080024b0   0x00000084   Code   RO          794    i.EXTI15_10_IRQHandler  exti.o
    0x08002534   0x08002534   0x00000054   Code   RO          795    i.EXTI1_IRQHandler  exti.o
    0x08002588   0x08002588   0x00000054   Code   RO          796    i.EXTI2_IRQHandler  exti.o
    0x080025dc   0x080025dc   0x00000034   Code   RO          797    i.EXTI3_IRQHandler  exti.o
    0x08002610   0x08002610   0x000000b0   Code   RO          798    i.EXTI9_5_IRQHandler  exti.o
    0x080026c0   0x080026c0   0x0000000c   Code   RO         4010    i.EXTI_ClearITPendingBit  stm32f10x_exti.o
    0x080026cc   0x080026cc   0x00000028   Code   RO         4014    i.EXTI_GetITStatus  stm32f10x_exti.o
    0x080026f4   0x080026f4   0x00000094   Code   RO         4015    i.EXTI_Init         stm32f10x_exti.o
    0x08002788   0x08002788   0x0000001c   Code   RO         5280    i.Float2Byte        datascope_dp.o
    0x080027a4   0x080027a4   0x00000040   Code   RO         4360    i.GPIO_EXTILineConfig  stm32f10x_gpio.o
    0x080027e4   0x080027e4   0x00000116   Code   RO         4363    i.GPIO_Init         stm32f10x_gpio.o
    0x080028fa   0x080028fa   0x00000002   PAD
    0x080028fc   0x080028fc   0x00000090   Code   RO         4365    i.GPIO_PinRemapConfig  stm32f10x_gpio.o
    0x0800298c   0x0800298c   0x00000012   Code   RO         4367    i.GPIO_ReadInputDataBit  stm32f10x_gpio.o
    0x0800299e   0x0800299e   0x00000004   Code   RO         4370    i.GPIO_ResetBits    stm32f10x_gpio.o
    0x080029a2   0x080029a2   0x00000004   Code   RO         4371    i.GPIO_SetBits      stm32f10x_gpio.o
    0x080029a6   0x080029a6   0x00000002   PAD
    0x080029a8   0x080029a8   0x00000120   Code   RO         1583    i.GetDropAdValue    applicationdropcheck.o
    0x08002ac8   0x08002ac8   0x0000000c   Code   RO         1695    i.GetGyroValue_Z    bmi160_data.o
    0x08002ad4   0x08002ad4   0x00000010   Code   RO          632    i.GetOSRunTimeNow   systemtime.o
    0x08002ae4   0x08002ae4   0x00000004   Code   RO          273    i.HardFault_Handler  stm32f10x_it.o
    0x08002ae8   0x08002ae8   0x00000050   Code   RO          909    i.IIC_Ack           myiic.o
    0x08002b38   0x08002b38   0x00000050   Code   RO          910    i.IIC_NAck          myiic.o
    0x08002b88   0x08002b88   0x0000004c   Code   RO          911    i.IIC_Start         myiic.o
    0x08002bd4   0x08002bd4   0x0000004c   Code   RO          912    i.IIC_Stop          myiic.o
    0x08002c20   0x08002c20   0x00000004   Code   RO          274    i.MemManage_Handler  stm32f10x_it.o
    0x08002c24   0x08002c24   0x000000c4   Code   RO          634    i.MultipleTimeoutCheck  systemtime.o
    0x08002ce8   0x08002ce8   0x00000002   Code   RO          275    i.NMI_Handler       stm32f10x_it.o
    0x08002cea   0x08002cea   0x00000002   PAD
    0x08002cec   0x08002cec   0x00000070   Code   RO         3081    i.NVIC_Init         misc.o
    0x08002d5c   0x08002d5c   0x00000014   Code   RO         3082    i.NVIC_PriorityGroupConfig  misc.o
    0x08002d70   0x08002d70   0x00000018   Code   RO         3809    i.RCC_ADCCLKConfig  stm32f10x_rcc.o
    0x08002d88   0x08002d88   0x00000020   Code   RO         3810    i.RCC_AHBPeriphClockCmd  stm32f10x_rcc.o
    0x08002da8   0x08002da8   0x00000020   Code   RO         3811    i.RCC_APB1PeriphClockCmd  stm32f10x_rcc.o
    0x08002dc8   0x08002dc8   0x00000020   Code   RO         3812    i.RCC_APB1PeriphResetCmd  stm32f10x_rcc.o
    0x08002de8   0x08002de8   0x00000020   Code   RO         3813    i.RCC_APB2PeriphClockCmd  stm32f10x_rcc.o
    0x08002e08   0x08002e08   0x00000020   Code   RO         3814    i.RCC_APB2PeriphResetCmd  stm32f10x_rcc.o
    0x08002e28   0x08002e28   0x000000d4   Code   RO         3821    i.RCC_GetClocksFreq  stm32f10x_rcc.o
    0x08002efc   0x08002efc   0x00000054   Code   RO          723    i.SPI2_SendByte     spi.o
    0x08002f50   0x08002f50   0x00000018   Code   RO         3670    i.SPI_Cmd           stm32f10x_spi.o
    0x08002f68   0x08002f68   0x00000012   Code   RO         3678    i.SPI_I2S_GetFlagStatus  stm32f10x_spi.o
    0x08002f7a   0x08002f7a   0x00000006   Code   RO         3681    i.SPI_I2S_ReceiveData  stm32f10x_spi.o
    0x08002f80   0x08002f80   0x00000004   Code   RO         3682    i.SPI_I2S_SendData  stm32f10x_spi.o
    0x08002f84   0x08002f84   0x0000003c   Code   RO         3683    i.SPI_Init          stm32f10x_spi.o
    0x08002fc0   0x08002fc0   0x00000018   Code   RO         1696    i.SetAccValue_X     bmi160_data.o
    0x08002fd8   0x08002fd8   0x00000018   Code   RO         1697    i.SetAccValue_Y     bmi160_data.o
    0x08002ff0   0x08002ff0   0x00000018   Code   RO         1698    i.SetAccValue_Z     bmi160_data.o
    0x08003008   0x08003008   0x0000000c   Code   RO         1699    i.SetGyroValue_X    bmi160_data.o
    0x08003014   0x08003014   0x0000000c   Code   RO         1700    i.SetGyroValue_Y    bmi160_data.o
    0x08003020   0x08003020   0x0000000c   Code   RO         1701    i.SetGyroValue_Z    bmi160_data.o
    0x0800302c   0x0800302c   0x0000000c   Code   RO         1936    i.SetNeedCharge     applicationpowerchip.o
    0x08003038   0x08003038   0x00000008   Code   RO          399    i.SetSysClock       system_stm32f10x.o
    0x08003040   0x08003040   0x000000e0   Code   RO          400    i.SetSysClockTo72   system_stm32f10x.o
    0x08003120   0x08003120   0x000000b2   Code   RO          636    i.SingleTimeoutCheck  systemtime.o
    0x080031d2   0x080031d2   0x00000028   Code   RO         3085    i.SysTick_CLKSourceConfig  misc.o
    0x080031fa   0x080031fa   0x00000010   Code   RO          495    i.SysTick_Handler   delay.o
    0x0800320a   0x0800320a   0x00000002   PAD
    0x0800320c   0x0800320c   0x00000060   Code   RO          402    i.SystemInit        system_stm32f10x.o
    0x0800326c   0x0800326c   0x00000080   Code   RO         3117    i.TI1_Config        stm32f10x_tim.o
    0x080032ec   0x080032ec   0x00000098   Code   RO         3118    i.TI2_Config        stm32f10x_tim.o
    0x08003384   0x08003384   0x00000090   Code   RO         3119    i.TI3_Config        stm32f10x_tim.o
    0x08003414   0x08003414   0x00000098   Code   RO         3120    i.TI4_Config        stm32f10x_tim.o
    0x080034ac   0x080034ac   0x0000010c   Code   RO         1147    i.TIM1_CC_IRQHandler  timecapture.o
    0x080035b8   0x080035b8   0x000000e4   Code   RO         1148    i.TIM1_CH12WheelCaptureInit  timecapture.o
    0x0800369c   0x0800369c   0x00000010   Code   RO         1149    i.TIM1_Capture_Init  timecapture.o
    0x080036ac   0x080036ac   0x000000a0   Code   RO         1096    i.TIM3_CH34_Init    timepwm.o
    0x0800374c   0x0800374c   0x0000000e   Code   RO         1097    i.TIM3_PWM_Init     timepwm.o
    0x0800375a   0x0800375a   0x00000002   PAD
    0x0800375c   0x0800375c   0x000000c0   Code   RO         1098    i.TIM4_CH234_Init   timepwm.o
    0x0800381c   0x0800381c   0x0000001c   Code   RO         1099    i.TIM4_PWM_Init     timepwm.o
    0x08003838   0x08003838   0x00000090   Code   RO         1100    i.TIM5_CH2_FanInit  timepwm.o
    0x080038c8   0x080038c8   0x0000000e   Code   RO         1101    i.TIM5_PWM_Init     timepwm.o
    0x080038d6   0x080038d6   0x00000002   PAD
    0x080038d8   0x080038d8   0x0000002c   Code   RO          839    i.TIM6_IRQHandler   timer.o
    0x08003904   0x08003904   0x0000002c   Code   RO         1150    i.TIM8_CC_IRQHandler  timecapture.o
    0x08003930   0x08003930   0x000000c0   Code   RO         1151    i.TIM8_CH4_FanCaptureInit  timecapture.o
    0x080039f0   0x080039f0   0x0000000e   Code   RO         1152    i.TIM8_Capture_Init  timecapture.o
    0x080039fe   0x080039fe   0x00000006   Code   RO         3127    i.TIM_ClearFlag     stm32f10x_tim.o
    0x08003a04   0x08003a04   0x00000006   Code   RO         3128    i.TIM_ClearITPendingBit  stm32f10x_tim.o
    0x08003a0a   0x08003a0a   0x00000018   Code   RO         3133    i.TIM_Cmd           stm32f10x_tim.o
    0x08003a22   0x08003a22   0x00000002   PAD
    0x08003a24   0x08003a24   0x000001e8   Code   RO         3138    i.TIM_DeInit        stm32f10x_tim.o
    0x08003c0c   0x08003c0c   0x00000006   Code   RO         3148    i.TIM_GetCapture1   stm32f10x_tim.o
    0x08003c12   0x08003c12   0x00000006   Code   RO         3149    i.TIM_GetCapture2   stm32f10x_tim.o
    0x08003c18   0x08003c18   0x00000008   Code   RO         3151    i.TIM_GetCapture4   stm32f10x_tim.o
    0x08003c20   0x08003c20   0x00000022   Code   RO         3154    i.TIM_GetITStatus   stm32f10x_tim.o
    0x08003c42   0x08003c42   0x00000002   PAD
    0x08003c44   0x08003c44   0x000000ac   Code   RO         3156    i.TIM_ICInit        stm32f10x_tim.o
    0x08003cf0   0x08003cf0   0x00000012   Code   RO         3158    i.TIM_ITConfig      stm32f10x_tim.o
    0x08003d02   0x08003d02   0x00000002   PAD
    0x08003d04   0x08003d04   0x000000a4   Code   RO         3167    i.TIM_OC2Init       stm32f10x_tim.o
    0x08003da8   0x08003da8   0x0000001a   Code   RO         3170    i.TIM_OC2PreloadConfig  stm32f10x_tim.o
    0x08003dc2   0x08003dc2   0x00000002   PAD
    0x08003dc4   0x08003dc4   0x000000a0   Code   RO         3172    i.TIM_OC3Init       stm32f10x_tim.o
    0x08003e64   0x08003e64   0x00000012   Code   RO         3175    i.TIM_OC3PreloadConfig  stm32f10x_tim.o
    0x08003e76   0x08003e76   0x00000002   PAD
    0x08003e78   0x08003e78   0x0000007c   Code   RO         3177    i.TIM_OC4Init       stm32f10x_tim.o
    0x08003ef4   0x08003ef4   0x0000001a   Code   RO         3179    i.TIM_OC4PreloadConfig  stm32f10x_tim.o
    0x08003f0e   0x08003f0e   0x00000006   Code   RO         3182    i.TIM_PrescalerConfig  stm32f10x_tim.o
    0x08003f14   0x08003f14   0x00000004   Code   RO         3195    i.TIM_SetCompare2   stm32f10x_tim.o
    0x08003f18   0x08003f18   0x00000004   Code   RO         3196    i.TIM_SetCompare3   stm32f10x_tim.o
    0x08003f1c   0x08003f1c   0x00000006   Code   RO         3197    i.TIM_SetCompare4   stm32f10x_tim.o
    0x08003f22   0x08003f22   0x00000004   Code   RO         3198    i.TIM_SetCounter    stm32f10x_tim.o
    0x08003f26   0x08003f26   0x00000012   Code   RO         3199    i.TIM_SetIC1Prescaler  stm32f10x_tim.o
    0x08003f38   0x08003f38   0x0000001a   Code   RO         3200    i.TIM_SetIC2Prescaler  stm32f10x_tim.o
    0x08003f52   0x08003f52   0x00000012   Code   RO         3201    i.TIM_SetIC3Prescaler  stm32f10x_tim.o
    0x08003f64   0x08003f64   0x0000001a   Code   RO         3202    i.TIM_SetIC4Prescaler  stm32f10x_tim.o
    0x08003f7e   0x08003f7e   0x00000002   PAD
    0x08003f80   0x08003f80   0x000000a4   Code   RO         3204    i.TIM_TimeBaseInit  stm32f10x_tim.o
    0x08004024   0x08004024   0x000000a4   Code   RO          570    i.USART1_IRQHandler  usart1.o
    0x080040c8   0x080040c8   0x00000018   Code   RO         4475    i.USART_Cmd         stm32f10x_usart.o
    0x080040e0   0x080040e0   0x00000012   Code   RO         4476    i.USART_DMACmd      stm32f10x_usart.o
    0x080040f2   0x080040f2   0x0000001a   Code   RO         4478    i.USART_GetFlagStatus  stm32f10x_usart.o
    0x0800410c   0x0800410c   0x00000054   Code   RO         4479    i.USART_GetITStatus  stm32f10x_usart.o
    0x08004160   0x08004160   0x0000004a   Code   RO         4481    i.USART_ITConfig    stm32f10x_usart.o
    0x080041aa   0x080041aa   0x00000002   PAD
    0x080041ac   0x080041ac   0x000000d8   Code   RO         4482    i.USART_Init        stm32f10x_usart.o
    0x08004284   0x08004284   0x0000000a   Code   RO         4489    i.USART_ReceiveData  stm32f10x_usart.o
    0x0800428e   0x0800428e   0x00000002   PAD
    0x08004290   0x08004290   0x00000068   Code   RO         1228    i.UltraSonicCheckUpdate  behaviormanage.o
    0x080042f8   0x080042f8   0x00000004   Code   RO          276    i.UsageFault_Handler  stm32f10x_it.o
    0x080042fc   0x080042fc   0x00000028   Code   RO         5597    i.__ARM_fpclassify  m_ws.l(fpclassify.o)
    0x08004324   0x08004324   0x000000aa   Code   RO         5599    i.__kernel_poly     m_ws.l(poly.o)
    0x080043ce   0x080043ce   0x00000006   Code   RO         5516    i.__mathlib_dbl_infnan  m_ws.l(dunder.o)
    0x080043d4   0x080043d4   0x00000004   Code   RO         5517    i.__mathlib_dbl_infnan2  m_ws.l(dunder.o)
    0x080043d8   0x080043d8   0x00000010   Code   RO         5521    i.__mathlib_dbl_underflow  m_ws.l(dunder.o)
    0x080043e8   0x080043e8   0x0000000e   Code   RO         5365    i._is_digit         c_w.l(__printf_wp.o)
    0x080043f6   0x080043f6   0x00000004   Code   RO          571    i._sys_exit         usart1.o
    0x080043fa   0x080043fa   0x00000002   PAD
    0x080043fc   0x080043fc   0x00000220   Code   RO         5506    i.atan              m_ws.l(atan.o)
    0x0800461c   0x0800461c   0x00000180   Code   RO         5463    i.atan2             m_ws.l(atan2.o)
    0x0800479c   0x0800479c   0x0000000c   Code   RO         1885    i.bGetClashFlag     application_ultrasonic.o
    0x080047a8   0x080047a8   0x0000005c   Code   RO          496    i.delay_init        delay.o
    0x08004804   0x08004804   0x00000040   Code   RO          497    i.delay_ms          delay.o
    0x08004844   0x08004844   0x00000048   Code   RO          498    i.delay_us          delay.o
    0x0800488c   0x0800488c   0x000001c8   Code   RO         1500    i.eKey1State        applicationkey.o
    0x08004a54   0x08004a54   0x000001c8   Code   RO         1501    i.eKey2State        applicationkey.o
    0x08004c1c   0x08004c1c   0x0000005c   Code   RO         1330    i.fMath_FindMaxDiff  mymath.o
    0x08004c78   0x08004c78   0x0000006c   Code   RO         1886    i.fUltrasonic_Distance_Caculate  application_ultrasonic.o
    0x08004ce4   0x08004ce4   0x0000001c   Code   RO          572    i.fputc             usart1.o
    0x08004d00   0x08004d00   0x0000008c   Code   RO         1354    i.iIncPIDCalc       applicationmotor.o
    0x08004d8c   0x08004d8c   0x0000000c   Code   RO         2017    i.isGarbageBoxClose  garbage_boxes_check.o
    0x08004d98   0x08004d98   0x0000000c   Code   RO         1937    i.isInRechargeStand  applicationpowerchip.o
    0x08004da4   0x08004da4   0x0000000c   Code   RO         1938    i.isNeedCharge      applicationpowerchip.o
    0x08004db0   0x08004db0   0x00000028   Code   RO            1    i.main              main.o
    0x08004dd8   0x08004dd8   0x00000098   Code   RO         2100    i.prvAddCurrentTaskToDelayedList  tasks.o
    0x08004e70   0x08004e70   0x000000b8   Code   RO         2101    i.prvAddNewTaskToReadyList  tasks.o
    0x08004f28   0x08004f28   0x00000064   Code   RO         2466    i.prvCheckForValidListAndQueue  timers.o
    0x08004f8c   0x08004f8c   0x00000064   Code   RO         2102    i.prvCheckTasksWaitingTermination  tasks.o
    0x08004ff0   0x08004ff0   0x0000002a   Code   RO         2600    i.prvCopyDataFromQueue  queue.o
    0x0800501a   0x0800501a   0x0000007c   Code   RO         2601    i.prvCopyDataToQueue  queue.o
    0x08005096   0x08005096   0x00000012   Code   RO         2103    i.prvDeleteTCB      tasks.o
    0x080050a8   0x080050a8   0x00000028   Code   RO         2467    i.prvGetNextExpireTime  timers.o
    0x080050d0   0x080050d0   0x0000007c   Code   RO         3015    i.prvHeapInit       heap_4.o
    0x0800514c   0x0800514c   0x00000028   Code   RO         2104    i.prvIdleTask       tasks.o
    0x08005174   0x08005174   0x0000002e   Code   RO         2603    i.prvInitialiseNewQueue  queue.o
    0x080051a2   0x080051a2   0x00000002   PAD
    0x080051a4   0x080051a4   0x000000d0   Code   RO         2105    i.prvInitialiseNewTask  tasks.o
    0x08005274   0x08005274   0x00000068   Code   RO         2106    i.prvInitialiseTaskLists  tasks.o
    0x080052dc   0x080052dc   0x00000068   Code   RO         3016    i.prvInsertBlockIntoFreeList  heap_4.o
    0x08005344   0x08005344   0x00000058   Code   RO         2469    i.prvInsertTimerInActiveList  timers.o
    0x0800539c   0x0800539c   0x0000001a   Code   RO         2604    i.prvIsQueueEmpty   queue.o
    0x080053b6   0x080053b6   0x0000001e   Code   RO         2605    i.prvIsQueueFull    queue.o
    0x080053d4   0x080053d4   0x000000a0   Code   RO         2606    i.prvNotifyQueueSetContainer  queue.o
    0x08005474   0x08005474   0x00000080   Code   RO         2470    i.prvProcessExpiredTimer  timers.o
    0x080054f4   0x080054f4   0x0000012c   Code   RO         2471    i.prvProcessReceivedCommands  timers.o
    0x08005620   0x08005620   0x00000074   Code   RO         2472    i.prvProcessTimerOrBlockTask  timers.o
    0x08005694   0x08005694   0x00000034   Code   RO         2108    i.prvResetNextTaskUnblockTime  tasks.o
    0x080056c8   0x080056c8   0x0000002c   Code   RO         2473    i.prvSampleTimeNow  timers.o
    0x080056f4   0x080056f4   0x000000bc   Code   RO         2474    i.prvSwitchTimerLists  timers.o
    0x080057b0   0x080057b0   0x00000070   Code   RO         2939    i.prvTaskExitError  port.o
    0x08005820   0x08005820   0x0000001a   Code   RO         2475    i.prvTimerTask      timers.o
    0x0800583a   0x0800583a   0x00000092   Code   RO         2607    i.prvUnlockQueue    queue.o
    0x080058cc   0x080058cc   0x00000154   Code   RO         3017    i.pvPortMalloc      heap_4.o
    0x08005a20   0x08005a20   0x00000020   Code   RO         2112    i.pvTaskIncrementMutexHeldCount  tasks.o
    0x08005a40   0x08005a40   0x00000024   Code   RO         2940    i.pxPortInitialiseStack  port.o
    0x08005a64   0x08005a64   0x00000006   Code   RO         5011    i.read_addr         usmart.o
    0x08005a6a   0x08005a6a   0x00000002   PAD
    0x08005a6c   0x08005a6c   0x000000d0   Code   RO         1355    i.sSpeed_L_PID      applicationmotor.o
    0x08005b3c   0x08005b3c   0x000000d0   Code   RO         1356    i.sSpeed_R_PID      applicationmotor.o
    0x08005c0c   0x08005c0c   0x0000000e   Code   RO         1615    i.ucBMI160deal_Shake_Reset  bmi160.o
    0x08005c1a   0x08005c1a   0x00000002   PAD
    0x08005c1c   0x08005c1c   0x00000054   Code   RO         1616    i.ucBmi160_Shake_Reset  bmi160.o
    0x08005c70   0x08005c70   0x0000003c   Code   RO         1939    i.ucBp24773_ReadOneByte  applicationpowerchip.o
    0x08005cac   0x08005cac   0x0000000c   Code   RO         1940    i.ucGetBatteryLevel  applicationpowerchip.o
    0x08005cb8   0x08005cb8   0x00000070   Code   RO          913    i.ucIIC_Read_Byte   myiic.o
    0x08005d28   0x08005d28   0x00000064   Code   RO          914    i.ucIIC_Wait_Ack    myiic.o
    0x08005d8c   0x08005d8c   0x000000a8   Code   RO         1331    i.ucMath_Tolerance  mymath.o
    0x08005e34   0x08005e34   0x00000124   Code   RO         1357    i.ucRotateAroundAxle  applicationmotor.o
    0x08005f58   0x08005f58   0x00000050   Code   RO         1359    i.ucRouteAdjustByAlongEdgeDistance  applicationmotor.o
    0x08005fa8   0x08005fa8   0x00000154   Code   RO         1360    i.ucRoute_Adjust    applicationmotor.o
    0x080060fc   0x080060fc   0x0000011c   Code   RO         1361    i.ucTurn_Angle_Round  applicationmotor.o
    0x08006218   0x08006218   0x00000060   Code   RO         1362    i.ucTurn_Angle_Round_NoCheak  applicationmotor.o
    0x08006278   0x08006278   0x0000000c   Code   RO         1363    i.uiGetFanRotationRate  applicationmotor.o
    0x08006284   0x08006284   0x00000074   Code   RO         2113    i.ulTaskNotifyTake  tasks.o
    0x080062f8   0x080062f8   0x0000000c   Code   RO         1941    i.usGetChargeCurrent  applicationpowerchip.o
    0x08006304   0x08006304   0x0000000c   Code   RO         1887    i.usGetClashDistance  application_ultrasonic.o
    0x08006310   0x08006310   0x00000040   Code   RO         1486    i.usGetMiddleValue  applicationmotor.o
    0x08006350   0x08006350   0x00000038   Code   RO         1364    i.usGetWheelSpeed   applicationmotor.o
    0x08006388   0x08006388   0x00000036   Code   RO         1480    i.usSpeed2Cycle     applicationmotor.o
    0x080063be   0x080063be   0x00000002   PAD
    0x080063c0   0x080063c0   0x000000b0   Code   RO         5012    i.usmart_cmd_rec    usmart.o
    0x08006470   0x08006470   0x000002d4   Code   RO         5013    i.usmart_exe        usmart.o
    0x08006744   0x08006744   0x000000c8   Code   RO         5091    i.usmart_get_aparm  usmart_str.o
    0x0800680c   0x0800680c   0x00000036   Code   RO         5092    i.usmart_get_cmdname  usmart_str.o
    0x08006842   0x08006842   0x00000002   PAD
    0x08006844   0x08006844   0x000001c0   Code   RO         5093    i.usmart_get_fname  usmart_str.o
    0x08006a04   0x08006a04   0x0000010c   Code   RO         5094    i.usmart_get_fparam  usmart_str.o
    0x08006b10   0x08006b10   0x00000020   Code   RO         5095    i.usmart_get_parmpos  usmart_str.o
    0x08006b30   0x08006b30   0x0000001c   Code   RO         5014    i.usmart_get_runtime  usmart.o
    0x08006b4c   0x08006b4c   0x0000003c   Code   RO         5015    i.usmart_init       usmart.o
    0x08006b88   0x08006b88   0x00000016   Code   RO         5096    i.usmart_pow        usmart_str.o
    0x08006b9e   0x08006b9e   0x00000002   PAD
    0x08006ba0   0x08006ba0   0x00000010   Code   RO         5016    i.usmart_reset_runtime  usmart.o
    0x08006bb0   0x08006bb0   0x00000110   Code   RO         5017    i.usmart_scan       usmart.o
    0x08006cc0   0x08006cc0   0x00000016   Code   RO         5097    i.usmart_search_nextc  usmart_str.o
    0x08006cd6   0x08006cd6   0x000000ca   Code   RO         5098    i.usmart_str2num    usmart_str.o
    0x08006da0   0x08006da0   0x00000022   Code   RO         5099    i.usmart_strcmp     usmart_str.o
    0x08006dc2   0x08006dc2   0x00000016   Code   RO         5100    i.usmart_strcopy    usmart_str.o
    0x08006dd8   0x08006dd8   0x00000018   Code   RO         5101    i.usmart_strlen     usmart_str.o
    0x08006df0   0x08006df0   0x000006e4   Code   RO         5018    i.usmart_sys_cmd_exe  usmart.o
    0x080074d4   0x080074d4   0x00000028   Code   RO         2049    i.uxListRemove      list.o
    0x080074fc   0x080074fc   0x0000003c   Code   RO         1558    i.vADCDataProcessingTask  applicationadc.o
    0x08007538   0x08007538   0x000001dc   Code   RO          770    i.vAllAdcPinInit    adc.o
    0x08007714   0x08007714   0x0000000e   Code   RO         1365    i.vAllMotorMotionTask  applicationmotor.o
    0x08007722   0x08007722   0x0000002c   Code   RO         1012    i.vAllOutputPinInit  iooutput.o
    0x0800774e   0x0800774e   0x00000002   PAD
    0x08007750   0x08007750   0x000002e8   Code   RO         5184    i.vAll_AD_VoluePrintf  testfun.o
    0x08007a38   0x08007a38   0x0000012c   Code   RO          799    i.vAll_EXTI_PinInit  exti.o
    0x08007b64   0x08007b64   0x00000010   Code   RO         1102    i.vAll_PWM_Init     timepwm.o
    0x08007b74   0x08007b74   0x0000000c   Code   RO         1153    i.vAll_TIM_CaptureInit  timecapture.o
    0x08007b80   0x08007b80   0x00000050   Code   RO         5185    i.vAll_UltraSonic_VoluePrintf  testfun.o
    0x08007bd0   0x08007bd0   0x00000564   Code   RO         1229    i.vAlongEdge        behaviormanage.o
    0x08008134   0x08008134   0x0000029c   Code   RO         1618    i.vBMI160CalcOffset_Gyro  bmi160.o
    0x080083d0   0x080083d0   0x000000d0   Code   RO          724    i.vBMI160_SPI2_Init  spi.o
    0x080084a0   0x080084a0   0x00000044   Code   RO         1942    i.vBatteryLevelUpdate  applicationpowerchip.o
    0x080084e4   0x080084e4   0x000001ac   Code   RO         1230    i.vBehaviorAuto     behaviormanage.o
    0x08008690   0x08008690   0x00000054   Code   RO         1231    i.vBehaviorForward  behaviormanage.o
    0x080086e4   0x080086e4   0x0000008c   Code   RO         1232    i.vBehaviorManageTask  behaviormanage.o
    0x08008770   0x08008770   0x0000004c   Code   RO         1233    i.vBehaviorRetreat  behaviormanage.o
    0x080087bc   0x080087bc   0x000001b4   Code   RO         1234    i.vBehaviorRetreatL  behaviormanage.o
    0x08008970   0x08008970   0x000001b4   Code   RO         1235    i.vBehaviorRetreatR  behaviormanage.o
    0x08008b24   0x08008b24   0x000000c8   Code   RO         1236    i.vBehaviorRotate   behaviormanage.o
    0x08008bec   0x08008bec   0x00000050   Code   RO         1237    i.vBehaviorStop     behaviormanage.o
    0x08008c3c   0x08008c3c   0x000000d8   Code   RO         1238    i.vBehaviorTurnLeft  behaviormanage.o
    0x08008d14   0x08008d14   0x000000dc   Code   RO         1239    i.vBehaviorTurnRight  behaviormanage.o
    0x08008df0   0x08008df0   0x00000028   Code   RO         1619    i.vBmi160_InitAttAngle  bmi160.o
    0x08008e18   0x08008e18   0x00000034   Code   RO         1013    i.vBoradPowerCtlPinInit  iooutput.o
    0x08008e4c   0x08008e4c   0x00000034   Code   RO         1943    i.vBp24773_WriteOneByte  applicationpowerchip.o
    0x08008e80   0x08008e80   0x000000e0   Code   RO         1944    i.vBq24773_Set_Charge_Current  applicationpowerchip.o
    0x08008f60   0x08008f60   0x0000009a   Code   RO         1945    i.vBq24773_Set_MAX_Charge_Voltage  applicationpowerchip.o
    0x08008ffa   0x08008ffa   0x00000002   PAD
    0x08008ffc   0x08008ffc   0x00000074   Code   RO         1502    i.vButtonCheckOperation  applicationkey.o
    0x08009070   0x08009070   0x00000024   Code   RO         5186    i.vChange_EX_Angle  testfun.o
    0x08009094   0x08009094   0x0000006c   Code   RO         5187    i.vChange_PID       testfun.o
    0x08009100   0x08009100   0x0000001a   Code   RO         1366    i.vDataMemoryCopy   applicationmotor.o
    0x0800911a   0x0800911a   0x00000002   PAD
    0x0800911c   0x0800911c   0x00000050   Code   RO          573    i.vDma1_4_Usart1_TX_Init  usart1.o
    0x0800916c   0x0800916c   0x00000058   Code   RO          866    i.vDma1_6_Usart2_RX_Init  usart.o
    0x080091c4   0x080091c4   0x00000058   Code   RO          867    i.vDma1_7_Usart2_TX_Init  usart.o
    0x0800921c   0x0800921c   0x0000000e   Code   RO         1584    i.vDropCheckTask    applicationdropcheck.o
    0x0800922a   0x0800922a   0x00000002   PAD
    0x0800922c   0x0800922c   0x0000005c   Code   RO         5188    i.vDropWaveformOut  testfun.o
    0x08009288   0x08009288   0x00000110   Code   RO         1240    i.vErrorAbnormalCheckTask  behaviormanage.o
    0x08009398   0x08009398   0x00000018   Code   RO         5189    i.vFAN_Test         testfun.o
    0x080093b0   0x080093b0   0x00000034   Code   RO         1014    i.vFanPowerCtlPinInit  iooutput.o
    0x080093e4   0x080093e4   0x00000028   Code   RO         2018    i.vGarbageBoxChecking  garbage_boxes_check.o
    0x0800940c   0x0800940c   0x00000028   Code   RO         2019    i.vGarbage_box_check_Init  garbage_boxes_check.o
    0x08009434   0x08009434   0x00000028   Code   RO         2020    i.vGarbage_box_check_task  garbage_boxes_check.o
    0x0800945c   0x0800945c   0x0000019c   Code   RO         1559    i.vGetADCChannelAverageNumber  applicationadc.o
    0x080095f8   0x080095f8   0x0000004c   Code   RO         5190    i.vGyroscope_VoluePrintf  testfun.o
    0x08009644   0x08009644   0x00000040   Code   RO         1620    i.vGyroscopse_task  bmi160.o
    0x08009684   0x08009684   0x00000034   Code   RO          915    i.vIIC_Init         myiic.o
    0x080096b8   0x080096b8   0x00000074   Code   RO          916    i.vIIC_Send_Byte    myiic.o
    0x0800972c   0x0800972c   0x00000068   Code   RO          754    i.vKey_Init         key.o
    0x08009794   0x08009794   0x000000cc   Code   RO          706    i.vLEDPWM_Init      led.o
    0x08009860   0x08009860   0x000000ac   Code   RO         1526    i.vLedStateDisplay  applicationled.o
    0x0800990c   0x0800990c   0x0000001a   Code   RO         2050    i.vListInitialise   list.o
    0x08009926   0x08009926   0x00000006   Code   RO         2051    i.vListInitialiseItem  list.o
    0x0800992c   0x0800992c   0x00000034   Code   RO         2052    i.vListInsert       list.o
    0x08009960   0x08009960   0x00000018   Code   RO         2053    i.vListInsertEnd    list.o
    0x08009978   0x08009978   0x000000b4   Code   RO         1367    i.vMotionWheel      applicationmotor.o
    0x08009a2c   0x08009a2c   0x00000084   Code   RO         1368    i.vMotorSpeedUpdateTask  applicationmotor.o
    0x08009ab0   0x08009ab0   0x00000088   Code   RO         2942    i.vPortEnterCritical  port.o
    0x08009b38   0x08009b38   0x00000070   Code   RO         2943    i.vPortExitCritical  port.o
    0x08009ba8   0x08009ba8   0x000000b8   Code   RO         3018    i.vPortFree         heap_4.o
    0x08009c60   0x08009c60   0x00000020   Code   RO         2944    i.vPortSetupTimerInterrupt  port.o
    0x08009c80   0x08009c80   0x000000a0   Code   RO         2945    i.vPortValidateInterruptPriority  port.o
    0x08009d20   0x08009d20   0x00000080   Code   RO         1946    i.vPowerChipTask    applicationpowerchip.o
    0x08009da0   0x08009da0   0x000001e4   Code   RO         5191    i.vPrintf_ALL_Register_Bp24773  testfun.o
    0x08009f84   0x08009f84   0x0000007c   Code   RO         5192    i.vPrintf_ALL_RobotSta  testfun.o
    0x0800a000   0x0800a000   0x00000168   Code   RO         5193    i.vPrintf_ALL_wheel_Data  testfun.o
    0x0800a168   0x0800a168   0x0000002c   Code   RO         2613    i.vQueueAddToRegistry  queue.o
    0x0800a194   0x0800a194   0x0000004a   Code   RO         2617    i.vQueueWaitForMessageRestricted  queue.o
    0x0800a1de   0x0800a1de   0x00000002   PAD
    0x0800a1e0   0x0800a1e0   0x00000024   Code   RO         1947    i.vRechargeStandUpdate  applicationpowerchip.o
    0x0800a204   0x0800a204   0x00000044   Code   RO          637    i.vRecordOSRunTime  systemtime.o
    0x0800a248   0x0800a248   0x00000016   Code   RO         1527    i.vRedLedBrightness  applicationled.o
    0x0800a25e   0x0800a25e   0x00000002   PAD
    0x0800a260   0x0800a260   0x0000002c   Code   RO         1015    i.vRollBrushCtlPinInit  iooutput.o
    0x0800a28c   0x0800a28c   0x0000002c   Code   RO         1016    i.vSGM4878CtlPinInit  iooutput.o
    0x0800a2b8   0x0800a2b8   0x00000040   Code   RO         5194    i.vSetDropTime      testfun.o
    0x0800a2f8   0x0800a2f8   0x00000028   Code   RO         1369    i.vSetFanSpeed      applicationmotor.o
    0x0800a320   0x0800a320   0x0000002c   Code   RO         1017    i.vSideBrushCtlPinInit  iooutput.o
    0x0800a34c   0x0800a34c   0x00000080   Code   RO         1372    i.vSoftSpeedAdjust  applicationmotor.o
    0x0800a3cc   0x0800a3cc   0x0000000e   Code   RO         1373    i.vSoftSpeedAdvanceTask  applicationmotor.o
    0x0800a3da   0x0800a3da   0x0000003c   Code   RO          681    i.vSystemHardwareDriverInit  hardwaremanage.o
    0x0800a416   0x0800a416   0x0000001a   Code   RO         1205    i.vSystemHardwareWorkTask  taskmanage.o
    0x0800a430   0x0800a430   0x00000060   Code   RO          840    i.vTIM6_Int_Init    timer.o
    0x0800a490   0x0800a490   0x00000048   Code   RO          841    i.vTIM7_Configuration  timer.o
    0x0800a4d8   0x0800a4d8   0x00000230   Code   RO         1206    i.vTaskCreateFunction  taskmanage.o
    0x0800a708   0x0800a708   0x00000074   Code   RO         2120    i.vTaskDelay        tasks.o
    0x0800a77c   0x0800a77c   0x000000dc   Code   RO         2121    i.vTaskDelayUntil   tasks.o
    0x0800a858   0x0800a858   0x0000000c   Code   RO         2126    i.vTaskMissedYield  tasks.o
    0x0800a864   0x0800a864   0x00000054   Code   RO         2128    i.vTaskPlaceOnEventList  tasks.o
    0x0800a8b8   0x0800a8b8   0x0000005c   Code   RO         2129    i.vTaskPlaceOnEventListRestricted  tasks.o
    0x0800a914   0x0800a914   0x000000b0   Code   RO         2131    i.vTaskPriorityInherit  tasks.o
    0x0800a9c4   0x0800a9c4   0x0000004c   Code   RO         2135    i.vTaskSetTimeOutState  tasks.o
    0x0800aa10   0x0800aa10   0x000000ac   Code   RO         2136    i.vTaskStartScheduler  tasks.o
    0x0800aabc   0x0800aabc   0x00000010   Code   RO         2138    i.vTaskSuspendAll   tasks.o
    0x0800aacc   0x0800aacc   0x000000a8   Code   RO         2139    i.vTaskSwitchContext  tasks.o
    0x0800ab74   0x0800ab74   0x000000b8   Code   RO          574    i.vUart1PinFunction_Init  usart1.o
    0x0800ac2c   0x0800ac2c   0x0000002c   Code   RO          575    i.vUart1_Init       usart1.o
    0x0800ac58   0x0800ac58   0x000000a0   Code   RO          868    i.vUart2PinFunction_Init  usart.o
    0x0800acf8   0x0800acf8   0x0000004c   Code   RO          869    i.vUart2_Init       usart.o
    0x0800ad44   0x0800ad44   0x000000b8   Code   RO         1889    i.vUltransonicCaculate  application_ultrasonic.o
    0x0800adfc   0x0800adfc   0x00000040   Code   RO         1890    i.vUltrasonicTask   application_ultrasonic.o
    0x0800ae3c   0x0800ae3c   0x00000034   Code   RO         1018    i.vUltrasonic_Emit  iooutput.o
    0x0800ae70   0x0800ae70   0x0000003c   Code   RO         1019    i.vUltrasonic_GPIO_config  iooutput.o
    0x0800aeac   0x0800aeac   0x00000008   Code   RO         1020    i.vUltrasonic_Init  iooutput.o
    0x0800aeb4   0x0800aeb4   0x000000a4   Code   RO          576    i.vUsart1Interactive  usart1.o
    0x0800af58   0x0800af58   0x0000013c   Code   RO          870    i.vUsart2Interactive  usart.o
    0x0800b094   0x0800b094   0x00000014   Code   RO         5019    i.vUsmartTimerTask  usmart.o
    0x0800b0a8   0x0800b0a8   0x00000038   Code   RO         1021    i.vVAPowerCtlPinInit  iooutput.o
    0x0800b0e0   0x0800b0e0   0x00000038   Code   RO         1022    i.vVPowerCtlPinInit  iooutput.o
    0x0800b118   0x0800b118   0x00000038   Code   RO         1023    i.vVccPowerCtlPinInit  iooutput.o
    0x0800b150   0x0800b150   0x00000038   Code   RO         5281    i.vWaveFromOut      datascope_dp.o
    0x0800b188   0x0800b188   0x0000002c   Code   RO         1024    i.vWheelCtlPinInit  iooutput.o
    0x0800b1b4   0x0800b1b4   0x00000016   Code   RO         1528    i.vWhiteLedBrightness  applicationled.o
    0x0800b1ca   0x0800b1ca   0x00000010   Code   RO         5195    i.vWrite_Bq24773_Register  testfun.o
    0x0800b1da   0x0800b1da   0x00000002   PAD
    0x0800b1dc   0x0800b1dc   0x00000058   Code   RO         5196    i.vWrite_Wheel      testfun.o
    0x0800b234   0x0800b234   0x00000016   Code   RO         1529    i.vYellowLedBrightness  applicationled.o
    0x0800b24a   0x0800b24a   0x00000004   Code   RO         5020    i.write_addr        usmart.o
    0x0800b24e   0x0800b24e   0x00000002   PAD
    0x0800b250   0x0800b250   0x000000a0   Code   RO         2946    i.xPortStartScheduler  port.o
    0x0800b2f0   0x0800b2f0   0x00000038   Code   RO         2947    i.xPortSysTickHandler  port.o
    0x0800b328   0x0800b328   0x00000074   Code   RO         2622    i.xQueueGenericCreate  queue.o
    0x0800b39c   0x0800b39c   0x000001c8   Code   RO         2623    i.xQueueGenericReceive  queue.o
    0x0800b564   0x0800b564   0x000000b0   Code   RO         2624    i.xQueueGenericReset  queue.o
    0x0800b614   0x0800b614   0x000001c4   Code   RO         2625    i.xQueueGenericSend  queue.o
    0x0800b7d8   0x0800b7d8   0x00000110   Code   RO         2626    i.xQueueGenericSendFromISR  queue.o
    0x0800b8e8   0x0800b8e8   0x000000a0   Code   RO         2140    i.xTaskCheckForTimeOut  tasks.o
    0x0800b988   0x0800b988   0x00000060   Code   RO         2141    i.xTaskCreate       tasks.o
    0x0800b9e8   0x0800b9e8   0x00000154   Code   RO         2143    i.xTaskGenericNotifyFromISR  tasks.o
    0x0800bb3c   0x0800bb3c   0x00000020   Code   RO         2145    i.xTaskGetSchedulerState  tasks.o
    0x0800bb5c   0x0800bb5c   0x0000000c   Code   RO         2146    i.xTaskGetTickCount  tasks.o
    0x0800bb68   0x0800bb68   0x00000160   Code   RO         2148    i.xTaskIncrementTick  tasks.o
    0x0800bcc8   0x0800bcc8   0x000000d8   Code   RO         2151    i.xTaskPriorityDisinherit  tasks.o
    0x0800bda0   0x0800bda0   0x000000b4   Code   RO         2152    i.xTaskRemoveFromEventList  tasks.o
    0x0800be54   0x0800be54   0x00000120   Code   RO         2154    i.xTaskResumeAll    tasks.o
    0x0800bf74   0x0800bf74   0x00000074   Code   RO         2479    i.xTimerCreateTimerTask  timers.o
    0x0800bfe8   0x0800bfe8   0x000000a4   Code   RO         2480    i.xTimerGenericCommand  timers.o
    0x0800c08c   0x0800c08c   0x0000002c   Code   RO         5591    locale$$code        c_w.l(lc_numeric_c.o)
    0x0800c0b8   0x0800c0b8   0x00000062   Code   RO         5398    x$fpl$d2f           fz_ws.l(d2f.o)
    0x0800c11a   0x0800c11a   0x00000002   PAD
    0x0800c11c   0x0800c11c   0x00000150   Code   RO         5400    x$fpl$dadd          fz_ws.l(daddsub_clz.o)
    0x0800c26c   0x0800c26c   0x00000010   Code   RO         5661    x$fpl$dcheck1       fz_ws.l(dcheck1.o)
    0x0800c27c   0x0800c27c   0x00000018   Code   RO         5492    x$fpl$dcmpinf       fz_ws.l(dcmpi.o)
    0x0800c294   0x0800c294   0x000002b0   Code   RO         5407    x$fpl$ddiv          fz_ws.l(ddiv.o)
    0x0800c544   0x0800c544   0x0000005e   Code   RO         5410    x$fpl$dfix          fz_ws.l(dfix.o)
    0x0800c5a2   0x0800c5a2   0x0000002e   Code   RO         5415    x$fpl$dflt          fz_ws.l(dflt_clz.o)
    0x0800c5d0   0x0800c5d0   0x00000026   Code   RO         5414    x$fpl$dfltu         fz_ws.l(dflt_clz.o)
    0x0800c5f6   0x0800c5f6   0x00000002   PAD
    0x0800c5f8   0x0800c5f8   0x00000078   Code   RO         5420    x$fpl$dleqf         fz_ws.l(dleqf.o)
    0x0800c670   0x0800c670   0x00000154   Code   RO         5422    x$fpl$dmul          fz_ws.l(dmul.o)
    0x0800c7c4   0x0800c7c4   0x0000009c   Code   RO         5494    x$fpl$dnaninf       fz_ws.l(dnaninf.o)
    0x0800c860   0x0800c860   0x0000000c   Code   RO         5496    x$fpl$dretinf       fz_ws.l(dretinf.o)
    0x0800c86c   0x0800c86c   0x0000006c   Code   RO         5424    x$fpl$drleqf        fz_ws.l(drleqf.o)
    0x0800c8d8   0x0800c8d8   0x00000016   Code   RO         5401    x$fpl$drsb          fz_ws.l(daddsub_clz.o)
    0x0800c8ee   0x0800c8ee   0x00000002   PAD
    0x0800c8f0   0x0800c8f0   0x000001d4   Code   RO         5402    x$fpl$dsub          fz_ws.l(daddsub_clz.o)
    0x0800cac4   0x0800cac4   0x00000056   Code   RO         5426    x$fpl$f2d           fz_ws.l(f2d.o)
    0x0800cb1a   0x0800cb1a   0x00000002   PAD
    0x0800cb1c   0x0800cb1c   0x000000c4   Code   RO         5428    x$fpl$fadd          fz_ws.l(faddsub_clz.o)
    0x0800cbe0   0x0800cbe0   0x00000018   Code   RO         5498    x$fpl$fcmpinf       fz_ws.l(fcmpi.o)
    0x0800cbf8   0x0800cbf8   0x00000184   Code   RO         5435    x$fpl$fdiv          fz_ws.l(fdiv.o)
    0x0800cd7c   0x0800cd7c   0x00000068   Code   RO         5438    x$fpl$feqf          fz_ws.l(feqf.o)
    0x0800cde4   0x0800cde4   0x00000036   Code   RO         5440    x$fpl$ffix          fz_ws.l(ffix.o)
    0x0800ce1a   0x0800ce1a   0x00000002   PAD
    0x0800ce1c   0x0800ce1c   0x0000003e   Code   RO         5444    x$fpl$ffixu         fz_ws.l(ffixu.o)
    0x0800ce5a   0x0800ce5a   0x00000002   PAD
    0x0800ce5c   0x0800ce5c   0x00000030   Code   RO         5449    x$fpl$fflt          fz_ws.l(fflt_clz.o)
    0x0800ce8c   0x0800ce8c   0x00000026   Code   RO         5448    x$fpl$ffltu         fz_ws.l(fflt_clz.o)
    0x0800ceb2   0x0800ceb2   0x00000002   PAD
    0x0800ceb4   0x0800ceb4   0x00000068   Code   RO         5454    x$fpl$fleqf         fz_ws.l(fleqf.o)
    0x0800cf1c   0x0800cf1c   0x00000102   Code   RO         5456    x$fpl$fmul          fz_ws.l(fmul.o)
    0x0800d01e   0x0800d01e   0x0000008c   Code   RO         5500    x$fpl$fnaninf       fz_ws.l(fnaninf.o)
    0x0800d0aa   0x0800d0aa   0x0000000a   Code   RO         5502    x$fpl$fretinf       fz_ws.l(fretinf.o)
    0x0800d0b4   0x0800d0b4   0x00000062   Code   RO         5458    x$fpl$frleqf        fz_ws.l(frleqf.o)
    0x0800d116   0x0800d116   0x00000002   PAD
    0x0800d118   0x0800d118   0x000000ea   Code   RO         5430    x$fpl$fsub          fz_ws.l(faddsub_clz.o)
    0x0800d202   0x0800d202   0x00000004   Code   RO         5460    x$fpl$printf1       fz_ws.l(printf1.o)
    0x0800d206   0x0800d206   0x00000064   Code   RO         5669    x$fpl$retnan        fz_ws.l(retnan.o)
    0x0800d26a   0x0800d26a   0x0000005c   Code   RO         5595    x$fpl$scalbn        fz_ws.l(scalbn.o)
    0x0800d2c6   0x0800d2c6   0x00000030   Code   RO         5682    x$fpl$trapveneer    fz_ws.l(trapv.o)
    0x0800d2f6   0x0800d2f6   0x00000000   Code   RO         5504    x$fpl$usenofp       fz_ws.l(usenofp.o)
    0x0800d2f6   0x0800d2f6   0x00000028   Data   RO         5338    .constdata          c_w.l(_printf_hex_int.o)
    0x0800d31e   0x0800d31e   0x00000011   Data   RO         5373    .constdata          c_w.l(__printf_flags_ss_wp.o)
    0x0800d32f   0x0800d32f   0x00000001   PAD
    0x0800d330   0x0800d330   0x00000098   Data   RO         5507    .constdata          m_ws.l(atan.o)
    0x0800d3c8   0x0800d3c8   0x00000008   Data   RO         5529    .constdata          m_ws.l(qnan.o)
    0x0800d3d0   0x0800d3d0   0x00000094   Data   RO         5562    .constdata          c_w.l(bigflt0.o)
    0x0800d464   0x0800d464   0x00000028   Data   RO         5021    .conststring        usmart.o
    0x0800d48c   0x0800d48c   0x00000300   Data   RO         5163    .conststring        usmart_config.o
    0x0800d78c   0x0800d78c   0x00000065   Data   RO         5197    .conststring        testfun.o
    0x0800d7f1   0x0800d7f1   0x00000003   PAD
    0x0800d7f4   0x0800d7f4   0x00000020   Data   RO         5742    Region$$Table       anon$$obj.o
    0x0800d814   0x0800d814   0x0000001c   Data   RO         5590    locale$$data        c_w.l(lc_numeric_c.o)


    Execution Region ER_RW (Exec base: 0x20000000, Load base: 0x0800d830, Size: 0x00000344, Max: 0xffffffff, ABSOLUTE, COMPRESSED[0x00000118])

    Exec Addr    Load Addr    Size         Type   Attr      Idx    E Section Name        Object

    0x20000000   COMPRESSED   0x00000014   Data   RW          403    .data               system_stm32f10x.o
    0x20000014   COMPRESSED   0x00000004   Data   RW          500    .data               delay.o
    0x20000018   COMPRESSED   0x00000019   Data   RW          578    .data               usart1.o
    0x20000031   COMPRESSED   0x00000001   Data   RW          639    .data               systemtime.o
    0x20000032   COMPRESSED   0x00000008   Data   RW          800    .data               exti.o
    0x2000003a   COMPRESSED   0x00000001   Data   RW          842    .data               timer.o
    0x2000003b   COMPRESSED   0x0000000f   Data   RW          872    .data               usart.o
    0x2000004a   COMPRESSED   0x00000002   PAD
    0x2000004c   COMPRESSED   0x00000004   Data   RW         1155    .data               timecapture.o
    0x20000050   COMPRESSED   0x0000001e   Data   RW         1242    .data               behaviormanage.o
    0x2000006e   COMPRESSED   0x00000002   PAD
    0x20000070   COMPRESSED   0x0000002f   Data   RW         1374    .data               applicationmotor.o
    0x2000009f   COMPRESSED   0x00000002   Data   RW         1504    .data               applicationkey.o
    0x200000a1   COMPRESSED   0x00000002   Data   RW         1531    .data               applicationled.o
    0x200000a3   COMPRESSED   0x00000001   PAD
    0x200000a4   COMPRESSED   0x0000000d   Data   RW         1561    .data               applicationadc.o
    0x200000b1   COMPRESSED   0x00000001   PAD
    0x200000b2   COMPRESSED   0x0000000e   Data   RW         1585    .data               applicationdropcheck.o
    0x200000c0   COMPRESSED   0x00000014   Data   RW         1622    .data               bmi160.o
    0x200000d4   COMPRESSED   0x00000003   Data   RW         1703    .data               bmi160_data.o
    0x200000d7   COMPRESSED   0x00000001   PAD
    0x200000d8   COMPRESSED   0x0000000c   Data   RW         1891    .data               application_ultrasonic.o
    0x200000e4   COMPRESSED   0x00000003   Data   RW         1948    .data               applicationpowerchip.o
    0x200000e7   COMPRESSED   0x00000001   Data   RW         2021    .data               garbage_boxes_check.o
    0x200000e8   COMPRESSED   0x0000003c   Data   RW         2157    .data               tasks.o
    0x20000124   COMPRESSED   0x00000014   Data   RW         2488    .data               timers.o
    0x20000138   COMPRESSED   0x0000000c   Data   RW         2948    .data               port.o
    0x20000144   COMPRESSED   0x00000018   Data   RW         3023    .data               heap_4.o
    0x2000015c   COMPRESSED   0x00000014   Data   RW         3841    .data               stm32f10x_rcc.o
    0x20000170   COMPRESSED   0x0000001c   Data   RW         5022    .data               usmart.o
    0x2000018c   COMPRESSED   0x0000018c   Data   RW         5164    .data               usmart_config.o
    0x20000318   COMPRESSED   0x0000002c   Data   RW         5198    .data               testfun.o


    Execution Region ER_ZI (Exec base: 0x20000344, Load base: 0x0800d948, Size: 0x00006b4c, Max: 0xffffffff, ABSOLUTE)

    Exec Addr    Load Addr    Size         Type   Attr      Idx    E Section Name        Object

    0x20000344        -       0x0000000e   Zero   RW            2    .bss                main.o
    0x20000352        -       0x00000384   Zero   RW          577    .bss                usart1.o
    0x200006d6   0x0800d948   0x00000002   PAD
    0x200006d8        -       0x0000000c   Zero   RW          638    .bss                systemtime.o
    0x200006e4        -       0x0000004e   Zero   RW          771    .bss                adc.o
    0x20000732        -       0x00000c6c   Zero   RW          871    .bss                usart.o
    0x2000139e   0x0800d948   0x00000002   PAD
    0x200013a0        -       0x00000038   Zero   RW         1154    .bss                timecapture.o
    0x200013d8        -       0x00000024   Zero   RW         1241    .bss                behaviormanage.o
    0x200013fc        -       0x00000018   Zero   RW         1503    .bss                applicationkey.o
    0x20001414        -       0x0000000c   Zero   RW         1530    .bss                applicationled.o
    0x20001420        -       0x0000001a   Zero   RW         1560    .bss                applicationadc.o
    0x2000143a   0x0800d948   0x00000002   PAD
    0x2000143c        -       0x00000070   Zero   RW         1621    .bss                bmi160.o
    0x200014ac        -       0x0000000c   Zero   RW         1702    .bss                bmi160_data.o
    0x200014b8        -       0x000002e4   Zero   RW         2156    .bss                tasks.o
    0x2000179c        -       0x00000028   Zero   RW         2487    .bss                timers.o
    0x200017c4        -       0x00000040   Zero   RW         2637    .bss                queue.o
    0x20001804        -       0x00005000   Zero   RW         3022    .bss                heap_4.o
    0x20006804        -       0x0000002a   Zero   RW         5282    .bss                datascope_dp.o
    0x2000682e   0x0800d948   0x00000002   PAD
    0x20006830        -       0x00000060   Zero   RW         5602    .bss                c_w.l(libspace.o)
    0x20006890        -       0x00000200   Zero   RW         3075    HEAP                startup_stm32f10x_hd.o
    0x20006a90        -       0x00000400   Zero   RW         3074    STACK               startup_stm32f10x_hd.o


==============================================================================

Image component sizes


      Code (inc. data)   RO Data    RW Data    ZI Data      Debug   Object Name

       536         32          0          0         78       1983   adc.o
       380         50          0         12          0       3429   application_ultrasonic.o
       472         28          0         13         26       2731   applicationadc.o
       302         12          0         14          0       3895   applicationdropcheck.o
      1028         76          0          2         24       2278   applicationkey.o
       238         14          0          2         12       2308   applicationled.o
      2368        384          0         47          0      16124   applicationmotor.o
       782         72          0          3          0       7353   applicationpowerchip.o
      4468        858          0         30         36       9699   behaviormanage.o
      1764        240          0         20        112       8707   bmi160.o
       120         42          0          3         12       4397   bmi160_data.o
       400         42          0          0         42       3309   datascope_dp.o
       244         26          0          4          0      14788   delay.o
       828        214          0          8          0       3671   exti.o
       132         28          0          1          0       2390   garbage_boxes_check.o
        60          0          0          0          0        548   hardwaremanage.o
       752        176          0         24      20480       3847   heap_4.o
       612         64          0          0          0       6731   iooutput.o
       104         12          0          0          0        512   key.o
       204         12          0          0          0        679   led.o
       148          0          0          0          0       4526   list.o
        40          6          0          0         14     274409   main.o
       172         22          0          0          0       2049   misc.o
       692        100          0          0          0       4236   myiic.o
       260         36          0          0          0       1699   mymath.o
       954        320          0         12          0      10129   port.o
      2164        238          0          0         64      20777   queue.o
       388         26          0          0          0       2479   spi.o
        64         26        304          0       1536        792   startup_stm32f10x_hd.o
       482         24          0          0          0       7950   stm32f10x_adc.o
       586         44          0          0          0       6812   stm32f10x_dma.o
       200         18          0          0          0       2104   stm32f10x_exti.o
       512         10          0          0          0       5096   stm32f10x_gpio.o
        20          0          0          0          0      62729   stm32f10x_it.o
       396         56          0         20          0       6675   stm32f10x_rcc.o
       112          0          0          0          0       3822   stm32f10x_spi.o
      2138        244          0          0          0      19038   stm32f10x_tim.o
       452          6          0          0          0       6203   stm32f10x_usart.o
         0          0          0          0          0     216048   sys.o
       328         28          0         20          0       2077   system_stm32f10x.o
       458         16          0          1         12       3998   systemtime.o
       586        304          0          0          0       1072   taskmanage.o
      3814        928          0         60        740      33134   tasks.o
      2816       1338        101         44          0       8330   testfun.o
       774         42          0          4         56       5737   timecapture.o
       568         32          0          0          0       4170   timepwm.o
       212         22          0          1          0       1793   timer.o
      1310        312          0         20         40      10891   timers.o
       728         90          0         15       3180       4682   usart.o
       668         80          0         25        900       8337   usart1.o
      3070       1346         40         28          0       6897   usmart.o
         0          0        768        396          0       1560   usmart_config.o
      1328         20          0          0          0       8449   usmart_str.o

    ----------------------------------------------------------------------
     42302       8116       1248        836      27372     858079   Object Totals
         0          0         32          0          0          0   (incl. Generated)
        68          0          3          7          8          0   (incl. Padding)

    ----------------------------------------------------------------------

      Code (inc. data)   RO Data    RW Data    ZI Data      Debug   Library Member Name

        90          0          0          0          0          0   __dczerorl2.o
         8          0          0          0          0         68   __main.o
       392          4         17          0          0         92   __printf_flags_ss_wp.o
        14          0          0          0          0         68   __printf_wp.o
         0          0          0          0          0          0   __rtentry.o
        12          0          0          0          0          0   __rtentry2.o
         6          0          0          0          0          0   __rtentry4.o
        52          8          0          0          0          0   __scatter.o
        28          0          0          0          0          0   __scatter_zi.o
         6          0          0          0          0          0   _printf_c.o
        44          0          0          0          0        108   _printf_char.o
        48          6          0          0          0         96   _printf_char_common.o
        36          4          0          0          0         80   _printf_char_file.o
         6          0          0          0          0          0   _printf_d.o
       120         16          0          0          0         92   _printf_dec.o
         6          0          0          0          0          0   _printf_f.o
      1054          0          0          0          0        216   _printf_fp_dec.o
       128         16          0          0          0         84   _printf_fp_infnan.o
        88          4         40          0          0         88   _printf_hex_int.o
       178          0          0          0          0         88   _printf_intcommon.o
        78          0          0          0          0        108   _printf_pad.o
         0          0          0          0          0          0   _printf_percent.o
         4          0          0          0          0          0   _printf_percent_end.o
         6          0          0          0          0          0   _printf_s.o
        82          0          0          0          0         80   _printf_str.o
         6          0          0          0          0          0   _printf_u.o
         6          0          0          0          0          0   _printf_x.o
        16          0          0          0          0         68   aeabi_memset.o
       228          4        148          0          0         96   bigflt0.o
      1936        128          0          0          0        672   btod.o
        18          0          0          0          0         80   exit.o
         8          0          0          0          0         68   ferror.o
         6          0          0          0          0        152   heapauxi.o
        44         10         28          0          0         76   lc_numeric_c.o
         2          0          0          0          0          0   libinit.o
        18          0          0          0          0          0   libinit2.o
         2          0          0          0          0          0   libshutdown.o
         2          0          0          0          0          0   libshutdown2.o
         8          4          0          0         96         68   libspace.o
       138          0          0          0          0         80   lludiv10.o
        24          4          0          0          0         84   noretval__2printf.o
         8          4          0          0          0         68   rt_locale_intlibspace.o
        68          0          0          0          0         68   rt_memclr.o
        78          0          0          0          0         80   rt_memclr_w.o
       138          0          0          0          0         68   rt_memcpy_v6.o
       100          0          0          0          0         80   rt_memcpy_w.o
         2          0          0          0          0          0   rtexit.o
        10          0          0          0          0          0   rtexit2.o
       128          0          0          0          0         68   strcmpv7m.o
        74          0          0          0          0         80   sys_stackheap_outer.o
         2          0          0          0          0         68   use_no_semi.o
         2          0          0          0          0         68   use_no_semi_2.o
        98          4          0          0          0         92   d2f.o
       826         16          0          0          0        348   daddsub_clz.o
        16          4          0          0          0         68   dcheck1.o
        24          0          0          0          0         68   dcmpi.o
       688        140          0          0          0        208   ddiv.o
        94          4          0          0          0         92   dfix.o
        84          0          0          0          0        136   dflt_clz.o
       120          4          0          0          0         92   dleqf.o
       340         12          0          0          0        104   dmul.o
       156          4          0          0          0         92   dnaninf.o
        12          0          0          0          0         68   dretinf.o
       108          0          0          0          0         80   drleqf.o
        86          4          0          0          0         84   f2d.o
       430          8          0          0          0        168   faddsub_clz.o
        24          0          0          0          0         68   fcmpi.o
       388         76          0          0          0         96   fdiv.o
       104          4          0          0          0         84   feqf.o
        54          4          0          0          0         84   ffix.o
        62          4          0          0          0         84   ffixu.o
        86          0          0          0          0        136   fflt_clz.o
       104          4          0          0          0         84   fleqf.o
       258          4          0          0          0         84   fmul.o
       140          4          0          0          0         84   fnaninf.o
        10          0          0          0          0         68   fretinf.o
        98          0          0          0          0         68   frleqf.o
         4          0          0          0          0         68   printf1.o
       100          0          0          0          0         68   retnan.o
        92          0          0          0          0         68   scalbn.o
        48          0          0          0          0         68   trapv.o
         0          0          0          0          0          0   usenofp.o
       544         70        152          0          0        124   atan.o
       384         38          0          0          0        144   atan2.o
        26          6          0          0          0        204   dunder.o
        40          0          0          0          0         68   fpclassify.o
       170          0          0          0          0         96   poly.o
         0          0          8          0          0          0   qnan.o

    ----------------------------------------------------------------------
     11400        626        394          0         96       6908   Library Totals
        24          0          1          0          0          0   (incl. Padding)

    ----------------------------------------------------------------------

      Code (inc. data)   RO Data    RW Data    ZI Data      Debug   Library Name

      5558        212        233          0         96       3360   c_w.l
      4654        300          0          0          0       2912   fz_ws.l
      1164        114        160          0          0        636   m_ws.l

    ----------------------------------------------------------------------
     11400        626        394          0         96       6908   Library Totals

    ----------------------------------------------------------------------

==============================================================================


      Code (inc. data)   RO Data    RW Data    ZI Data      Debug   

     53702       8742       1642        836      27468     842467   Grand Totals
     53702       8742       1642        280      27468     842467   ELF Image Totals (compressed)
     53702       8742       1642        280          0          0   ROM Totals

==============================================================================

    Total RO  Size (Code + RO Data)                55344 (  54.05kB)
    Total RW  Size (RW Data + ZI Data)             28304 (  27.64kB)
    Total ROM Size (Code + RO Data + RW Data)      55624 (  54.32kB)

==============================================================================

