Component: ARM Compiler 5.05 update 1 (build 106) Tool: armlink [4d0efa]

==============================================================================

Section Cross References

    main.o(i.main) refers to iap.o(i.iap_load_app) for iap_load_app
    main.o(i.main) refers to misc.o(i.NVIC_PriorityGroupConfig) for NVIC_PriorityGroupConfig
    main.o(i.main) refers to delay.o(i.delay_init) for delay_init
    main.o(i.main) refers to led.o(i.LED_Init) for LED_Init
    main.o(i.main) refers to usart.o(i.vUsart1DmaInitForTest) for vUsart1DmaInitForTest
    main.o(i.main) refers to usart.o(i.vUsart2DmaInitForTest) for vUsart2DmaInitForTest
    main.o(i.main) refers to main.o(i.vAppInforInit) for vAppInforInit
    main.o(i.main) refers to tasks.o(i.xTaskCreate) for xTaskCreate
    main.o(i.main) refers to tasks.o(i.vTaskStartScheduler) for vTaskStartScheduler
    main.o(i.main) refers to main.o(.bss) for tAI
    main.o(i.main) refers to main.o(i.vLed_Task) for vLed_Task
    main.o(i.main) refers to main.o(i.vUsartDataHandleTask) for vUsartDataHandleTask
    main.o(i.main) refers to main.o(i.vFrameDataHandlerTask) for vFrameDataHandlerTask
    main.o(i.main) refers to main.o(i.vFirmwareWriteTask) for vFirmwareWriteTask
    main.o(i.vAppInforInit) refers to main.o(.bss) for FirmwareBuf
    main.o(i.vCommandFrameHandle) refers to stmflash.o(i.STMFLASH_Write) for STMFLASH_Write
    main.o(i.vCommandFrameHandle) refers to main.o(.data) for ProductAppPassword
    main.o(i.vCommandFrameHandle) refers to main.o(.bss) for tAI
    main.o(i.vDataFrameHandle) refers to rt_memcpy_v6.o(.text) for __aeabi_memcpy
    main.o(i.vDataFrameHandle) refers to tasks.o(i.vTaskDelay) for vTaskDelay
    main.o(i.vDataFrameHandle) refers to main.o(.data) for LastCommand
    main.o(i.vDataFrameHandle) refers to main.o(.bss) for tAI
    main.o(i.vFirmwareWriteTask) refers to iap.o(i.iap_write_appbin) for iap_write_appbin
    main.o(i.vFirmwareWriteTask) refers to stmflash.o(i.STMFLASH_Write) for STMFLASH_Write
    main.o(i.vFirmwareWriteTask) refers to iap.o(i.iap_load_app) for iap_load_app
    main.o(i.vFirmwareWriteTask) refers to tasks.o(i.vTaskDelay) for vTaskDelay
    main.o(i.vFirmwareWriteTask) refers to main.o(.bss) for tAI
    main.o(i.vFirmwareWriteTask) refers to main.o(.data) for LastCommand
    main.o(i.vFrameDataHandlerTask) refers to protocol.o(i.eFrame_Analy) for eFrame_Analy
    main.o(i.vFrameDataHandlerTask) refers to protocol.o(i.ucCode_RespondFrame) for ucCode_RespondFrame
    main.o(i.vFrameDataHandlerTask) refers to main.o(i.vCommandFrameHandle) for vCommandFrameHandle
    main.o(i.vFrameDataHandlerTask) refers to main.o(i.vDataFrameHandle) for vDataFrameHandle
    main.o(i.vFrameDataHandlerTask) refers to tasks.o(i.vTaskDelay) for vTaskDelay
    main.o(i.vFrameDataHandlerTask) refers to usart.o(.data) for ucUSART1_ReceiveMessageNumber
    main.o(i.vFrameDataHandlerTask) refers to protocol.o(.bss) for FR_Rx
    main.o(i.vFrameDataHandlerTask) refers to usart.o(.bss) for ucUSART1ReceiveBuffer
    main.o(i.vLed_Task) refers to tasks.o(i.vTaskDelay) for vTaskDelay
    main.o(i.vUsartDataHandleTask) refers to usart.o(i.vUsart1Interactive) for vUsart1Interactive
    main.o(i.vUsartDataHandleTask) refers to usart.o(i.vUsart2Interactive) for vUsart2Interactive
    main.o(i.vUsartDataHandleTask) refers to tasks.o(i.vTaskDelay) for vTaskDelay
    system_stm32f10x.o(i.SetSysClock) refers to system_stm32f10x.o(i.SetSysClockTo72) for SetSysClockTo72
    system_stm32f10x.o(i.SystemCoreClockUpdate) refers to system_stm32f10x.o(.data) for SystemCoreClock
    system_stm32f10x.o(i.SystemInit) refers to system_stm32f10x.o(i.SetSysClock) for SetSysClock
    led.o(i.LED_Init) refers to stm32f10x_rcc.o(i.RCC_APB2PeriphClockCmd) for RCC_APB2PeriphClockCmd
    led.o(i.LED_Init) refers to stm32f10x_gpio.o(i.GPIO_Init) for GPIO_Init
    led.o(i.LED_Init) refers to stm32f10x_gpio.o(i.GPIO_SetBits) for GPIO_SetBits
    key.o(i.KEY_Init) refers to stm32f10x_rcc.o(i.RCC_APB2PeriphClockCmd) for RCC_APB2PeriphClockCmd
    key.o(i.KEY_Init) refers to stm32f10x_gpio.o(i.GPIO_Init) for GPIO_Init
    key.o(i.KEY_Scan) refers to stm32f10x_gpio.o(i.GPIO_ReadInputDataBit) for GPIO_ReadInputDataBit
    key.o(i.KEY_Scan) refers to delay.o(i.delay_ms) for delay_ms
    key.o(i.KEY_Scan) refers to key.o(.data) for key_up
    stmflash.o(i.STMFLASH_Read) refers to stmflash.o(i.STMFLASH_ReadHalfWord) for STMFLASH_ReadHalfWord
    stmflash.o(i.STMFLASH_Write) refers to stm32f10x_flash.o(i.FLASH_Unlock) for FLASH_Unlock
    stmflash.o(i.STMFLASH_Write) refers to stmflash.o(i.STMFLASH_Read) for STMFLASH_Read
    stmflash.o(i.STMFLASH_Write) refers to stm32f10x_flash.o(i.FLASH_ErasePage) for FLASH_ErasePage
    stmflash.o(i.STMFLASH_Write) refers to stmflash.o(i.STMFLASH_Write_NoCheck) for STMFLASH_Write_NoCheck
    stmflash.o(i.STMFLASH_Write) refers to stm32f10x_flash.o(i.FLASH_Lock) for FLASH_Lock
[...]
    .ARM.Collect$$libshutdown$$00000009      0x080001ba   Section        0  libshutdown2.o(.ARM.Collect$$libshutdown$$00000009)
    .ARM.Collect$$libshutdown$$0000000B      0x080001ba   Section        0  libshutdown2.o(.ARM.Collect$$libshutdown$$0000000B)
    .ARM.Collect$$libshutdown$$0000000E      0x080001ba   Section        0  libshutdown2.o(.ARM.Collect$$libshutdown$$0000000E)
    .ARM.Collect$$libshutdown$$0000000F      0x080001ba   Section        2  libshutdown2.o(.ARM.Collect$$libshutdown$$0000000F)
    .ARM.Collect$$rtentry$$00000000          0x080001bc   Section        0  __rtentry.o(.ARM.Collect$$rtentry$$00000000)
    .ARM.Collect$$rtentry$$00000002          0x080001bc   Section        0  __rtentry2.o(.ARM.Collect$$rtentry$$00000002)
    .ARM.Collect$$rtentry$$00000004          0x080001bc   Section        6  __rtentry4.o(.ARM.Collect$$rtentry$$00000004)
    .ARM.Collect$$rtentry$$00000009          0x080001c2   Section        0  __rtentry2.o(.ARM.Collect$$rtentry$$00000009)
    .ARM.Collect$$rtentry$$0000000A          0x080001c2   Section        4  __rtentry2.o(.ARM.Collect$$rtentry$$0000000A)
    .ARM.Collect$$rtentry$$0000000C          0x080001c6   Section        0  __rtentry2.o(.ARM.Collect$$rtentry$$0000000C)
    .ARM.Collect$$rtentry$$0000000D          0x080001c6   Section        8  __rtentry2.o(.ARM.Collect$$rtentry$$0000000D)
    .ARM.Collect$$rtexit$$00000000           0x080001ce   Section        2  rtexit.o(.ARM.Collect$$rtexit$$00000000)
    .ARM.Collect$$rtexit$$00000002           0x080001d0   Section        0  rtexit2.o(.ARM.Collect$$rtexit$$00000002)
    .ARM.Collect$$rtexit$$00000003           0x080001d0   Section        4  rtexit2.o(.ARM.Collect$$rtexit$$00000003)
    .ARM.Collect$$rtexit$$00000004           0x080001d4   Section        6  rtexit2.o(.ARM.Collect$$rtexit$$00000004)
    .emb_text                                0x080001dc   Section        6  sys.o(.emb_text)
    .emb_text                                0x080001e4   Section      150  port.o(.emb_text)
    .text                                    0x0800027c   Section       64  startup_stm32f10x_hd.o(.text)
    .text                                    0x080002bc   Section        2  use_no_semi_2.o(.text)
    .text                                    0x080002c0   Section        0  noretval__2printf.o(.text)
    .text                                    0x080002d8   Section        0  __printf.o(.text)
    .text                                    0x08000340   Section        0  _printf_str.o(.text)
    .text                                    0x08000394   Section        0  _printf_dec.o(.text)
    .text                                    0x0800040c   Section      138  rt_memcpy_v6.o(.text)
    .text                                    0x08000496   Section       16  aeabi_memset.o(.text)
    .text                                    0x080004a6   Section        0  heapauxi.o(.text)
    .text                                    0x080004ac   Section        2  use_no_semi.o(.text)
    .text                                    0x080004ae   Section        0  _printf_intcommon.o(.text)
    .text                                    0x08000560   Section        0  _printf_char_common.o(.text)
    _printf_input_char                       0x08000561   Thumb Code    10  _printf_char_common.o(.text)
    .text                                    0x08000590   Section        0  _printf_char.o(.text)
    .text                                    0x080005bc   Section        0  _printf_char_file.o(.text)
    .text                                    0x080005e0   Section      100  rt_memcpy_w.o(.text)
    .text                                    0x08000644   Section       68  rt_memclr.o(.text)
    .text                                    0x08000688   Section        0  ferror.o(.text)
    .text                                    0x08000690   Section       78  rt_memclr_w.o(.text)
    .text                                    0x080006de   Section       74  sys_stackheap_outer.o(.text)
    .text                                    0x08000728   Section        0  exit.o(.text)
    .text                                    0x08000734   Section        8  libspace.o(.text)
    i.BusFault_Handler                       0x0800073c   Section        0  stm32f10x_it.o(i.BusFault_Handler)
    i.DMA_ClearFlag                          0x08000740   Section        0  stm32f10x_dma.o(i.DMA_ClearFlag)
    i.DMA_Cmd                                0x0800075c   Section        0  stm32f10x_dma.o(i.DMA_Cmd)
    i.DMA_DeInit                             0x08000774   Section        0  stm32f10x_dma.o(i.DMA_DeInit)
    i.DMA_GetCurrDataCounter                 0x080008c0   Section        0  stm32f10x_dma.o(i.DMA_GetCurrDataCounter)
    i.DMA_GetFlagStatus                      0x080008c8   Section        0  stm32f10x_dma.o(i.DMA_GetFlagStatus)
    i.DMA_Init                               0x080008f4   Section        0  stm32f10x_dma.o(i.DMA_Init)
    i.DebugMon_Handler                       0x08000930   Section        0  stm32f10x_it.o(i.DebugMon_Handler)
    i.FLASH_ErasePage                        0x08000934   Section        0  stm32f10x_flash.o(i.FLASH_ErasePage)
    i.FLASH_GetBank1Status                   0x08000980   Section        0  stm32f10x_flash.o(i.FLASH_GetBank1Status)
    i.FLASH_Lock                             0x080009b4   Section        0  stm32f10x_flash.o(i.FLASH_Lock)
    i.FLASH_ProgramHalfWord                  0x080009c8   Section        0  stm32f10x_flash.o(i.FLASH_ProgramHalfWord)
    i.FLASH_Unlock                           0x08000a08   Section        0  stm32f10x_flash.o(i.FLASH_Unlock)
    i.FLASH_WaitForLastOperation             0x08000a20   Section        0  stm32f10x_flash.o(i.FLASH_WaitForLastOperation)
    i.GPIO_Init                              0x08000a46   Section        0  stm32f10x_gpio.o(i.GPIO_Init)
    i.GPIO_PinRemapConfig                    0x08000b5c   Section        0  stm32f10x_gpio.o(i.GPIO_PinRemapConfig)
    i.GPIO_SetBits                           0x08000bec   Section        0  stm32f10x_gpio.o(i.GPIO_SetBits)
    i.HardFault_Handler                      0x08000bf0   Section        0  stm32f10x_it.o(i.HardFault_Handler)
    i.LED_Init                               0x08000bf4   Section        0  led.o(i.LED_Init)
    i.MemManage_Handler                      0x08000c40   Section        0  stm32f10x_it.o(i.MemManage_Handler)
    i.NMI_Handler                            0x08000c44   Section        0  stm32f10x_it.o(i.NMI_Handler)
    i.NVIC_Init                              0x08000c48   Section        0  misc.o(i.NVIC_Init)
    i.NVIC_PriorityGroupConfig               0x08000cb8   Section        0  misc.o(i.NVIC_PriorityGroupConfig)
    i.RCC_AHBPeriphClockCmd                  0x08000ccc   Section        0  stm32f10x_rcc.o(i.RCC_AHBPeriphClockCmd)
    i.RCC_APB1PeriphClockCmd                 0x08000cec   Section        0  stm32f10x_rcc.o(i.RCC_APB1PeriphClockCmd)
    i.RCC_APB2PeriphClockCmd                 0x08000d0c   Section        0  stm32f10x_rcc.o(i.RCC_APB2PeriphClockCmd)
    i.RCC_GetClocksFreq                      0x08000d2c   Section        0  stm32f10x_rcc.o(i.RCC_GetClocksFreq)
    i.STMFLASH_Read                          0x08000e00   Section        0  stmflash.o(i.STMFLASH_Read)
    i.STMFLASH_ReadHalfWord                  0x08000e22   Section        0  stmflash.o(i.STMFLASH_ReadHalfWord)
    i.STMFLASH_Write                         0x08000e28   Section        0  stmflash.o(i.STMFLASH_Write)
    i.STMFLASH_Write_NoCheck                 0x08000f10   Section        0  stmflash.o(i.STMFLASH_Write_NoCheck)
    i.SetSysClock                            0x08000f36   Section        0  system_stm32f10x.o(i.SetSysClock)
    SetSysClock                              0x08000f37   Thumb Code     8  system_stm32f10x.o(i.SetSysClock)
    i.SetSysClockTo72                        0x08000f40   Section        0  system_stm32f10x.o(i.SetSysClockTo72)
    SetSysClockTo72                          0x08000f41   Thumb Code   214  system_stm32f10x.o(i.SetSysClockTo72)
    i.SysTick_CLKSourceConfig                0x08001020   Section        0  misc.o(i.SysTick_CLKSourceConfig)
    i.SysTick_Handler                        0x08001048   Section        0  delay.o(i.SysTick_Handler)
    i.SystemInit                             0x08001058   Section        0  system_stm32f10x.o(i.SystemInit)
    i.USART1_IRQHandler                      0x080010b8   Section        0  usart.o(i.USART1_IRQHandler)
    i.USART_Cmd                              0x0800115c   Section        0  stm32f10x_usart.o(i.USART_Cmd)
    i.USART_DMACmd                           0x08001174   Section        0  stm32f10x_usart.o(i.USART_DMACmd)
    i.USART_GetFlagStatus                    0x08001186   Section        0  stm32f10x_usart.o(i.USART_GetFlagStatus)
    i.USART_GetITStatus                      0x080011a0   Section        0  stm32f10x_usart.o(i.USART_GetITStatus)
    i.USART_ITConfig                         0x080011f4   Section        0  stm32f10x_usart.o(i.USART_ITConfig)
    i.USART_Init                             0x08001240   Section        0  stm32f10x_usart.o(i.USART_Init)
    i.USART_ReceiveData                      0x08001318   Section        0  stm32f10x_usart.o(i.USART_ReceiveData)
    i.UsageFault_Handler                     0x08001322   Section        0  stm32f10x_it.o(i.UsageFault_Handler)
    i._sys_exit                              0x08001326   Section        0  usart.o(i._sys_exit)
    i.bJudgeChecksum                         0x0800132a   Section        0  protocol.o(i.bJudgeChecksum)
    i.delay_init                             0x08001364   Section        0  delay.o(i.delay_init)
    i.eFrame_Analy                           0x080013c0   Section        0  protocol.o(i.eFrame_Analy)
    i.fputc                                  0x080014bc   Section        0  usart.o(i.fputc)
    i.iap_load_app                           0x080014d8   Section        0  iap.o(i.iap_load_app)
    i.iap_write_appbin                       0x08001504   Section        0  iap.o(i.iap_write_appbin)
    i.main                                   0x0800156c   Section        0  main.o(i.main)
    i.prvAddCurrentTaskToDelayedList         0x08001664   Section        0  tasks.o(i.prvAddCurrentTaskToDelayedList)
    prvAddCurrentTaskToDelayedList           0x08001665   Thumb Code   124  tasks.o(i.prvAddCurrentTaskToDelayedList)
    i.prvAddNewTaskToReadyList               0x080016fc   Section        0  tasks.o(i.prvAddNewTaskToReadyList)
    prvAddNewTaskToReadyList                 0x080016fd   Thumb Code   156  tasks.o(i.prvAddNewTaskToReadyList)
    i.prvCheckForValidListAndQueue           0x080017b4   Section        0  timers.o(i.prvCheckForValidListAndQueue)
    prvCheckForValidListAndQueue             0x080017b5   Thumb Code    72  timers.o(i.prvCheckForValidListAndQueue)
    i.prvCheckTasksWaitingTermination        0x08001818   Section        0  tasks.o(i.prvCheckTasksWaitingTermination)
    prvCheckTasksWaitingTermination          0x08001819   Thumb Code    86  tasks.o(i.prvCheckTasksWaitingTermination)
    i.prvCopyDataFromQueue                   0x0800187c   Section        0  queue.o(i.prvCopyDataFromQueue)
    prvCopyDataFromQueue                     0x0800187d   Thumb Code    42  queue.o(i.prvCopyDataFromQueue)
    i.prvCopyDataToQueue                     0x080018a6   Section        0  queue.o(i.prvCopyDataToQueue)
    prvCopyDataToQueue                       0x080018a7   Thumb Code   124  queue.o(i.prvCopyDataToQueue)
    i.prvDeleteTCB                           0x08001922   Section        0  tasks.o(i.prvDeleteTCB)
    prvDeleteTCB                             0x08001923   Thumb Code    18  tasks.o(i.prvDeleteTCB)
    i.prvGetNextExpireTime                   0x08001934   Section        0  timers.o(i.prvGetNextExpireTime)
    prvGetNextExpireTime                     0x08001935   Thumb Code    36  timers.o(i.prvGetNextExpireTime)
    i.prvHeapInit                            0x0800195c   Section        0  heap_4.o(i.prvHeapInit)
    prvHeapInit                              0x0800195d   Thumb Code    98  heap_4.o(i.prvHeapInit)
    i.prvIdleTask                            0x080019d8   Section        0  tasks.o(i.prvIdleTask)
    prvIdleTask                              0x080019d9   Thumb Code    32  tasks.o(i.prvIdleTask)
    i.prvInitialiseNewQueue                  0x08001a00   Section        0  queue.o(i.prvInitialiseNewQueue)
    prvInitialiseNewQueue                    0x08001a01   Thumb Code    46  queue.o(i.prvInitialiseNewQueue)
    i.prvInitialiseNewTask                   0x08001a30   Section        0  tasks.o(i.prvInitialiseNewTask)
    prvInitialiseNewTask                     0x08001a31   Thumb Code   170  tasks.o(i.prvInitialiseNewTask)
    i.prvInitialiseTaskLists                 0x08001b00   Section        0  tasks.o(i.prvInitialiseTaskLists)
    prvInitialiseTaskLists                   0x08001b01   Thumb Code    70  tasks.o(i.prvInitialiseTaskLists)
    i.prvInsertBlockIntoFreeList             0x08001b68   Section        0  heap_4.o(i.prvInsertBlockIntoFreeList)
    prvInsertBlockIntoFreeList               0x08001b69   Thumb Code    96  heap_4.o(i.prvInsertBlockIntoFreeList)
    i.prvInsertTimerInActiveList             0x08001bd0   Section        0  timers.o(i.prvInsertTimerInActiveList)
    prvInsertTimerInActiveList               0x08001bd1   Thumb Code    80  timers.o(i.prvInsertTimerInActiveList)
    i.prvIsQueueEmpty                        0x08001c28   Section        0  queue.o(i.prvIsQueueEmpty)
    prvIsQueueEmpty                          0x08001c29   Thumb Code    26  queue.o(i.prvIsQueueEmpty)
    i.prvIsQueueFull                         0x08001c42   Section        0  queue.o(i.prvIsQueueFull)
    prvIsQueueFull                           0x08001c43   Thumb Code    30  queue.o(i.prvIsQueueFull)
    i.prvNotifyQueueSetContainer             0x08001c60   Section        0  queue.o(i.prvNotifyQueueSetContainer)
    prvNotifyQueueSetContainer               0x08001c61   Thumb Code   124  queue.o(i.prvNotifyQueueSetContainer)
    i.prvProcessExpiredTimer                 0x08001d00   Section        0  timers.o(i.prvProcessExpiredTimer)
    prvProcessExpiredTimer                   0x08001d01   Thumb Code    84  timers.o(i.prvProcessExpiredTimer)
    i.prvProcessReceivedCommands             0x08001d80   Section        0  timers.o(i.prvProcessReceivedCommands)
    prvProcessReceivedCommands               0x08001d81   Thumb Code   254  timers.o(i.prvProcessReceivedCommands)
    i.prvProcessTimerOrBlockTask             0x08001eac   Section        0  timers.o(i.prvProcessTimerOrBlockTask)
    prvProcessTimerOrBlockTask               0x08001ead   Thumb Code   102  timers.o(i.prvProcessTimerOrBlockTask)
    i.prvResetNextTaskUnblockTime            0x08001f20   Section        0  tasks.o(i.prvResetNextTaskUnblockTime)
    prvResetNextTaskUnblockTime              0x08001f21   Thumb Code    42  tasks.o(i.prvResetNextTaskUnblockTime)
    i.prvSampleTimeNow                       0x08001f54   Section        0  timers.o(i.prvSampleTimeNow)
    prvSampleTimeNow                         0x08001f55   Thumb Code    40  timers.o(i.prvSampleTimeNow)
    i.prvSwitchTimerLists                    0x08001f80   Section        0  timers.o(i.prvSwitchTimerLists)
    prvSwitchTimerLists                      0x08001f81   Thumb Code   140  timers.o(i.prvSwitchTimerLists)
    i.prvTaskExitError                       0x0800203c   Section        0  port.o(i.prvTaskExitError)
    prvTaskExitError                         0x0800203d   Thumb Code    48  port.o(i.prvTaskExitError)
    i.prvTimerTask                           0x080020ac   Section        0  timers.o(i.prvTimerTask)
    prvTimerTask                             0x080020ad   Thumb Code    26  timers.o(i.prvTimerTask)
    i.prvUnlockQueue                         0x080020c6   Section        0  queue.o(i.prvUnlockQueue)
    prvUnlockQueue                           0x080020c7   Thumb Code   146  queue.o(i.prvUnlockQueue)
    i.pvPortMalloc                           0x08002158   Section        0  heap_4.o(i.pvPortMalloc)
    i.pvTaskIncrementMutexHeldCount          0x080022ac   Section        0  tasks.o(i.pvTaskIncrementMutexHeldCount)
    i.pxPortInitialiseStack                  0x080022cc   Section        0  port.o(i.pxPortInitialiseStack)
    i.ucCodeChecksum                         0x080022f0   Section        0  protocol.o(i.ucCodeChecksum)
    i.ucCode_RespondFrame                    0x08002322   Section        0  protocol.o(i.ucCode_RespondFrame)
    i.uxListRemove                           0x080023a6   Section        0  list.o(i.uxListRemove)
    i.vAppInforInit                          0x080023d0   Section        0  main.o(i.vAppInforInit)
    i.vCommandFrameHandle                    0x08002404   Section        0  main.o(i.vCommandFrameHandle)
    i.vDataFrameHandle                       0x08002454   Section        0  main.o(i.vDataFrameHandle)
    i.vDma1_4_Usart1_TX_Init                 0x08002568   Section        0  usart.o(i.vDma1_4_Usart1_TX_Init)
    i.vDma1_6_Usart2_RX_Init                 0x080025b8   Section        0  usart.o(i.vDma1_6_Usart2_RX_Init)
    i.vDma1_7_Usart2_TX_Init                 0x08002610   Section        0  usart.o(i.vDma1_7_Usart2_TX_Init)
    i.vFirmwareWriteTask                     0x08002668   Section        0  main.o(i.vFirmwareWriteTask)
    i.vFrameDataHandlerTask                  0x08002744   Section        0  main.o(i.vFrameDataHandlerTask)
    i.vLed_Task                              0x08002868   Section        0  main.o(i.vLed_Task)
    i.vListInitialise                        0x08002888   Section        0  list.o(i.vListInitialise)
    i.vListInitialiseItem                    0x080028a2   Section        0  list.o(i.vListInitialiseItem)
    i.vListInsert                            0x080028a8   Section        0  list.o(i.vListInsert)
    i.vListInsertEnd                         0x080028dc   Section        0  list.o(i.vListInsertEnd)
    i.vPortEnterCritical                     0x080028f4   Section        0  port.o(i.vPortEnterCritical)
    i.vPortExitCritical                      0x0800297c   Section        0  port.o(i.vPortExitCritical)
    i.vPortFree                              0x080029ec   Section        0  heap_4.o(i.vPortFree)
    i.vPortSetupTimerInterrupt               0x08002aa4   Section        0  port.o(i.vPortSetupTimerInterrupt)
    i.vPortValidateInterruptPriority         0x08002ac4   Section        0  port.o(i.vPortValidateInterruptPriority)
    i.vQueueAddToRegistry                    0x08002b64   Section        0  queue.o(i.vQueueAddToRegistry)
    i.vQueueWaitForMessageRestricted         0x08002b90   Section        0  queue.o(i.vQueueWaitForMessageRestricted)
    i.vTaskDelay                             0x08002bdc   Section        0  tasks.o(i.vTaskDelay)
    i.vTaskMissedYield                       0x08002c50   Section        0  tasks.o(i.vTaskMissedYield)
    i.vTaskPlaceOnEventList                  0x08002c5c   Section        0  tasks.o(i.vTaskPlaceOnEventList)
    i.vTaskPlaceOnEventListRestricted        0x08002cb0   Section        0  tasks.o(i.vTaskPlaceOnEventListRestricted)
    i.vTaskPriorityInherit                   0x08002d0c   Section        0  tasks.o(i.vTaskPriorityInherit)
    i.vTaskSetTimeOutState                   0x08002dbc   Section        0  tasks.o(i.vTaskSetTimeOutState)
    i.vTaskStartScheduler                    0x08002e08   Section        0  tasks.o(i.vTaskStartScheduler)
    i.vTaskSuspendAll                        0x08002eb4   Section        0  tasks.o(i.vTaskSuspendAll)
    i.vTaskSwitchContext                     0x08002ec4   Section        0  tasks.o(i.vTaskSwitchContext)
    i.vUart1_Init                            0x08002f6c   Section        0  usart.o(i.vUart1_Init)
    i.vUart2_Init                            0x08003024   Section        0  usart.o(i.vUart2_Init)
    i.vUsart1DmaInitForTest                  0x080030c4   Section        0  usart.o(i.vUsart1DmaInitForTest)
    i.vUsart1Interactive                     0x080030f0   Section        0  usart.o(i.vUsart1Interactive)
    i.vUsart2DmaInitForTest                  0x08003194   Section        0  usart.o(i.vUsart2DmaInitForTest)
    i.vUsart2Interactive                     0x080031e0   Section        0  usart.o(i.vUsart2Interactive)
    i.vUsartDataHandleTask                   0x0800331c   Section        0  main.o(i.vUsartDataHandleTask)
    i.xPortStartScheduler                    0x08003330   Section        0  port.o(i.xPortStartScheduler)
    i.xPortSysTickHandler                    0x080033d0   Section        0  port.o(i.xPortSysTickHandler)
    i.xQueueGenericCreate                    0x08003404   Section        0  queue.o(i.xQueueGenericCreate)
    i.xQueueGenericReceive                   0x08003478   Section        0  queue.o(i.xQueueGenericReceive)
    i.xQueueGenericReset                     0x08003640   Section        0  queue.o(i.xQueueGenericReset)
    i.xQueueGenericSend                      0x080036f0   Section        0  queue.o(i.xQueueGenericSend)
    i.xQueueGenericSendFromISR               0x080038b4   Section        0  queue.o(i.xQueueGenericSendFromISR)
    i.xTaskCheckForTimeOut                   0x080039c4   Section        0  tasks.o(i.xTaskCheckForTimeOut)
    i.xTaskCreate                            0x08003a64   Section        0  tasks.o(i.xTaskCreate)
    i.xTaskGetSchedulerState                 0x08003ac4   Section        0  tasks.o(i.xTaskGetSchedulerState)
    i.xTaskGetTickCount                      0x08003ae4   Section        0  tasks.o(i.xTaskGetTickCount)
    i.xTaskIncrementTick                     0x08003af0   Section        0  tasks.o(i.xTaskIncrementTick)
    i.xTaskPriorityDisinherit                0x08003c50   Section        0  tasks.o(i.xTaskPriorityDisinherit)
    i.xTaskRemoveFromEventList               0x08003d28   Section        0  tasks.o(i.xTaskRemoveFromEventList)
    i.xTaskResumeAll                         0x08003ddc   Section        0  tasks.o(i.xTaskResumeAll)
    i.xTimerCreateTimerTask                  0x08003efc   Section        0  timers.o(i.xTimerCreateTimerTask)
    i.xTimerGenericCommand                   0x08003f70   Section        0  timers.o(i.xTimerGenericCommand)
    .data                                    0x20000000   Section       16  main.o(.data)
    Count                                    0x20000008   Data           4  main.o(.data)
    WriteFirmwareCount                       0x2000000c   Data           4  main.o(.data)
    .data                                    0x20000010   Section       20  system_stm32f10x.o(.data)
    .data                                    0x20000024   Section        4  delay.o(.data)
    fac_us                                   0x20000024   Data           1  delay.o(.data)
    fac_ms                                   0x20000026   Data           2  delay.o(.data)
    .data                                    0x20000028   Section       35  usart.o(.data)
    DMA1_Stream4Flag                         0x20000048   Data           1  usart.o(.data)
    DMA1_Stream7Flag                         0x20000049   Data           1  usart.o(.data)
    index                                    0x2000004a   Data           1  usart.o(.data)
    .data                                    0x2000004b   Section       20  stm32f10x_rcc.o(.data)
    APBAHBPrescTable                         0x2000004b   Data          16  stm32f10x_rcc.o(.data)
    ADCPrescTable                            0x2000005b   Data           4  stm32f10x_rcc.o(.data)
    .data                                    0x20000060   Section       60  tasks.o(.data)
    pxDelayedTaskList                        0x20000064   Data           4  tasks.o(.data)
    pxOverflowDelayedTaskList                0x20000068   Data           4  tasks.o(.data)
    uxDeletedTasksWaitingCleanUp             0x2000006c   Data           4  tasks.o(.data)
    uxCurrentNumberOfTasks                   0x20000070   Data           4  tasks.o(.data)
    xTickCount                               0x20000074   Data           4  tasks.o(.data)
    uxTopReadyPriority                       0x20000078   Data           4  tasks.o(.data)
    xSchedulerRunning                        0x2000007c   Data           4  tasks.o(.data)
    uxPendedTicks                            0x20000080   Data           4  tasks.o(.data)
    xYieldPending                            0x20000084   Data           4  tasks.o(.data)
    xNumOfOverflows                          0x20000088   Data           4  tasks.o(.data)
    uxTaskNumber                             0x2000008c   Data           4  tasks.o(.data)
    xNextTaskUnblockTime                     0x20000090   Data           4  tasks.o(.data)
    xIdleTaskHandle                          0x20000094   Data           4  tasks.o(.data)
    uxSchedulerSuspended                     0x20000098   Data           4  tasks.o(.data)
    .data                                    0x2000009c   Section       20  timers.o(.data)
    pxCurrentTimerList                       0x2000009c   Data           4  timers.o(.data)
    pxOverflowTimerList                      0x200000a0   Data           4  timers.o(.data)
    xTimerQueue                              0x200000a4   Data           4  timers.o(.data)
    xTimerTaskHandle                         0x200000a8   Data           4  timers.o(.data)
    xLastTime                                0x200000ac   Data           4  timers.o(.data)
    .data                                    0x200000b0   Section       24  heap_4.o(.data)
    xStart                                   0x200000b0   Data           8  heap_4.o(.data)
    pxEnd                                    0x200000b8   Data           4  heap_4.o(.data)
    xFreeBytesRemaining                      0x200000bc   Data           4  heap_4.o(.data)
    xMinimumEverFreeBytesRemaining           0x200000c0   Data           4  heap_4.o(.data)
    xBlockAllocatedBit                       0x200000c4   Data           4  heap_4.o(.data)
    .data                                    0x200000c8   Section       12  port.o(.data)
    uxCriticalNesting                        0x200000c8   Data           4  port.o(.data)
    ucMaxSysCallPriority                     0x200000cc   Data           1  port.o(.data)
    ulMaxPRIGROUPValue                       0x200000d0   Data           4  port.o(.data)
    .data                                    0x200000d4   Section        4  iap.o(.data)
    .bss                                     0x200000d8   Section    10272  main.o(.bss)
    .bss                                     0x200028f8   Section     2048  stmflash.o(.bss)
    .bss                                     0x200030f8   Section     6360  usart.o(.bss)
    .bss                                     0x200049d0   Section       64  queue.o(.bss)
    .bss                                     0x20004a10   Section      740  tasks.o(.bss)
    pxReadyTasksLists                        0x20004a10   Data         640  tasks.o(.bss)
    xDelayedTaskList1                        0x20004c90   Data          20  tasks.o(.bss)
    xDelayedTaskList2                        0x20004ca4   Data          20  tasks.o(.bss)
    xPendingReadyList                        0x20004cb8   Data          20  tasks.o(.bss)
    xTasksWaitingTermination                 0x20004ccc   Data          20  tasks.o(.bss)
    xSuspendedTaskList                       0x20004ce0   Data          20  tasks.o(.bss)
    .bss                                     0x20004cf4   Section       40  timers.o(.bss)
    xActiveTimerList1                        0x20004cf4   Data          20  timers.o(.bss)
    xActiveTimerList2                        0x20004d08   Data          20  timers.o(.bss)
    .bss                                     0x20004d1c   Section    20480  heap_4.o(.bss)
    ucHeap                                   0x20004d1c   Data       20480  heap_4.o(.bss)
    .bss                                     0x20009d1c   Section     2048  iap.o(.bss)
    .bss                                     0x2000a51c   Section      124  protocol.o(.bss)
    .bss                                     0x2000a598   Section       96  libspace.o(.bss)
    HEAP                                     0x2000a5f8   Section      512  startup_stm32f10x_hd.o(HEAP)
    Heap_Mem                                 0x2000a5f8   Data         512  startup_stm32f10x_hd.o(HEAP)
    STACK                                    0x2000a7f8   Section     2048  startup_stm32f10x_hd.o(STACK)
    Stack_Mem                                0x2000a7f8   Data        2048  startup_stm32f10x_hd.o(STACK)
    __initial_sp                             0x2000aff8   Data           0  startup_stm32f10x_hd.o(STACK)

    Global Symbols

    Symbol Name                              Value     Ov Type        Size  Object(Section)

    BuildAttributes$$THM_ISAv4$P$D$K$B$S$PE$A:L22UL41UL21$X:L11$S22US41US21$IEEE1$IW$USESV6$~STKCKD$USESV7$~SHL$OSPACE$ROPI$EBA8$UX$STANDARDLIB$REQ8$PRES8$EABIv2 0x00000000   Number         0  anon$$obj.o ABSOLUTE
    __ARM_use_no_argv                        0x00000000   Number         0  main.o ABSOLUTE
    __ARM_exceptions_init                     - Undefined Weak Reference
    __alloca_initialize                       - Undefined Weak Reference
    __arm_preinit_                            - Undefined Weak Reference
    __cpp_initialize__aeabi_                  - Undefined Weak Reference
    __cxa_finalize                            - Undefined Weak Reference
    __rt_locale                               - Undefined Weak Reference
    __sigvec_lookup                           - Undefined Weak Reference
    _atexit_init                              - Undefined Weak Reference
    _call_atexit_fns                          - Undefined Weak Reference
    _clock_init                               - Undefined Weak Reference
    _fp_trap_init                             - Undefined Weak Reference
    _fp_trap_shutdown                         - Undefined Weak Reference
    _get_lc_collate                           - Undefined Weak Reference
    _get_lc_ctype                             - Undefined Weak Reference
    _get_lc_monetary                          - Undefined Weak Reference
    _get_lc_numeric                           - Undefined Weak Reference
    _get_lc_time                              - Undefined Weak Reference
    _getenv_init                              - Undefined Weak Reference
    _handle_redirection                       - Undefined Weak Reference
    _init_alloc                               - Undefined Weak Reference
    _init_user_alloc                          - Undefined Weak Reference
    _initio                                   - Undefined Weak Reference
    _mutex_acquire                            - Undefined Weak Reference
    _mutex_release                            - Undefined Weak Reference
    _printf_mbtowc                            - Undefined Weak Reference
    _printf_post_padding                      - Undefined Weak Reference
    _printf_pre_padding                       - Undefined Weak Reference
    _printf_truncate_signed                   - Undefined Weak Reference
    _printf_truncate_unsigned                 - Undefined Weak Reference
    _rand_init                                - Undefined Weak Reference
    _signal_finish                            - Undefined Weak Reference
    _signal_init                              - Undefined Weak Reference
    _terminate_alloc                          - Undefined Weak Reference
    _terminate_user_alloc                     - Undefined Weak Reference
    _terminateio                              - Undefined Weak Reference
    __Vectors_Size                           0x00000130   Number         0  startup_stm32f10x_hd.o ABSOLUTE
    __Vectors                                0x08000000   Data           4  startup_stm32f10x_hd.o(RESET)
    __Vectors_End                            0x08000130   Data           0  startup_stm32f10x_hd.o(RESET)
    __main                                   0x08000131   Thumb Code     8  __main.o(!!!main)
    __scatterload                            0x08000139   Thumb Code     0  __scatter.o(!!!scatter)
    __scatterload_rt2                        0x08000139   Thumb Code    44  __scatter.o(!!!scatter)
    __scatterload_rt2_thumb_only             0x08000139   Thumb Code     0  __scatter.o(!!!scatter)
    __scatterload_null                       0x08000147   Thumb Code     0  __scatter.o(!!!scatter)
    __scatterload_copy                       0x0800016d   Thumb Code    26  __scatter_copy.o(!!handler_copy)
    __scatterload_zeroinit                   0x08000189   Thumb Code    28  __scatter_zi.o(!!handler_zi)
    _printf_d                                0x080001a5   Thumb Code     0  _printf_d.o(.ARM.Collect$$_printf_percent$$00000009)
    _printf_percent                          0x080001a5   Thumb Code     0  _printf_percent.o(.ARM.Collect$$_printf_percent$$00000000)
    _printf_s                                0x080001ab   Thumb Code     0  _printf_s.o(.ARM.Collect$$_printf_percent$$00000014)
    _printf_percent_end                      0x080001b1   Thumb Code     0  _printf_percent_end.o(.ARM.Collect$$_printf_percent$$00000017)
    __rt_lib_init                            0x080001b5   Thumb Code     0  libinit.o(.ARM.Collect$$libinit$$00000000)
    __rt_lib_init_alloca_1                   0x080001b7   Thumb Code     0  libinit2.o(.ARM.Collect$$libinit$$0000002E)
    __rt_lib_init_argv_1                     0x080001b7   Thumb Code     0  libinit2.o(.ARM.Collect$$libinit$$0000002C)
    __rt_lib_init_atexit_1                   0x080001b7   Thumb Code     0  libinit2.o(.ARM.Collect$$libinit$$0000001B)
    __rt_lib_init_clock_1                    0x080001b7   Thumb Code     0  libinit2.o(.ARM.Collect$$libinit$$00000021)
    __rt_lib_init_cpp_1                      0x080001b7   Thumb Code     0  libinit2.o(.ARM.Collect$$libinit$$00000032)
    __rt_lib_init_exceptions_1               0x080001b7   Thumb Code     0  libinit2.o(.ARM.Collect$$libinit$$00000030)
    __rt_lib_init_fp_1                       0x080001b7   Thumb Code     0  libinit2.o(.ARM.Collect$$libinit$$00000002)
    __rt_lib_init_fp_trap_1                  0x080001b7   Thumb Code     0  libinit2.o(.ARM.Collect$$libinit$$0000001F)
    __rt_lib_init_getenv_1                   0x080001b7   Thumb Code     0  libinit2.o(.ARM.Collect$$libinit$$00000023)
    __rt_lib_init_heap_1                     0x080001b7   Thumb Code     0  libinit2.o(.ARM.Collect$$libinit$$0000000A)
    __rt_lib_init_lc_collate_1               0x080001b7   Thumb Code     0  libinit2.o(.ARM.Collect$$libinit$$00000011)
    __rt_lib_init_lc_ctype_1                 0x080001b7   Thumb Code     0  libinit2.o(.ARM.Collect$$libinit$$00000013)
    __rt_lib_init_lc_monetary_1              0x080001b7   Thumb Code     0  libinit2.o(.ARM.Collect$$libinit$$00000015)
    __rt_lib_init_lc_numeric_1               0x080001b7   Thumb Code     0  libinit2.o(.ARM.Collect$$libinit$$00000017)
    __rt_lib_init_lc_time_1                  0x080001b7   Thumb Code     0  libinit2.o(.ARM.Collect$$libinit$$00000019)
    __rt_lib_init_preinit_1                  0x080001b7   Thumb Code     0  libinit2.o(.ARM.Collect$$libinit$$00000004)
    __rt_lib_init_rand_1                     0x080001b7   Thumb Code     0  libinit2.o(.ARM.Collect$$libinit$$0000000E)
    __rt_lib_init_return                     0x080001b7   Thumb Code     0  libinit2.o(.ARM.Collect$$libinit$$00000033)
    __rt_lib_init_signal_1                   0x080001b7   Thumb Code     0  libinit2.o(.ARM.Collect$$libinit$$0000001D)
    __rt_lib_init_stdio_1                    0x080001b7   Thumb Code     0  libinit2.o(.ARM.Collect$$libinit$$00000025)
    __rt_lib_init_user_alloc_1               0x080001b7   Thumb Code     0  libinit2.o(.ARM.Collect$$libinit$$0000000C)
    __rt_lib_shutdown                        0x080001b9   Thumb Code     0  libshutdown.o(.ARM.Collect$$libshutdown$$00000000)
    __rt_lib_shutdown_fp_trap_1              0x080001bb   Thumb Code     0  libshutdown2.o(.ARM.Collect$$libshutdown$$00000006)
    __rt_lib_shutdown_heap_1                 0x080001bb   Thumb Code     0  libshutdown2.o(.ARM.Collect$$libshutdown$$0000000E)
    __rt_lib_shutdown_return                 0x080001bb   Thumb Code     0  libshutdown2.o(.ARM.Collect$$libshutdown$$0000000F)
    __rt_lib_shutdown_signal_1               0x080001bb   Thumb Code     0  libshutdown2.o(.ARM.Collect$$libshutdown$$00000009)
    __rt_lib_shutdown_stdio_1                0x080001bb   Thumb Code     0  libshutdown2.o(.ARM.Collect$$libshutdown$$00000003)
    __rt_lib_shutdown_user_alloc_1           0x080001bb   Thumb Code     0  libshutdown2.o(.ARM.Collect$$libshutdown$$0000000B)
    __rt_entry                               0x080001bd   Thumb Code     0  __rtentry.o(.ARM.Collect$$rtentry$$00000000)
    __rt_entry_presh_1                       0x080001bd   Thumb Code     0  __rtentry2.o(.ARM.Collect$$rtentry$$00000002)
    __rt_entry_sh                            0x080001bd   Thumb Code     0  __rtentry4.o(.ARM.Collect$$rtentry$$00000004)
    __rt_entry_li                            0x080001c3   Thumb Code     0  __rtentry2.o(.ARM.Collect$$rtentry$$0000000A)
    __rt_entry_postsh_1                      0x080001c3   Thumb Code     0  __rtentry2.o(.ARM.Collect$$rtentry$$00000009)
    __rt_entry_main                          0x080001c7   Thumb Code     0  __rtentry2.o(.ARM.Collect$$rtentry$$0000000D)
    __rt_entry_postli_1                      0x080001c7   Thumb Code     0  __rtentry2.o(.ARM.Collect$$rtentry$$0000000C)
    __rt_exit                                0x080001cf   Thumb Code     0  rtexit.o(.ARM.Collect$$rtexit$$00000000)
    __rt_exit_ls                             0x080001d1   Thumb Code     0  rtexit2.o(.ARM.Collect$$rtexit$$00000003)
    __rt_exit_prels_1                        0x080001d1   Thumb Code     0  rtexit2.o(.ARM.Collect$$rtexit$$00000002)
    __rt_exit_exit                           0x080001d5   Thumb Code     0  rtexit2.o(.ARM.Collect$$rtexit$$00000004)
    MSR_MSP                                  0x080001dd   Thumb Code     6  sys.o(.emb_text)
    SVC_Handler                              0x080001e5   Thumb Code    32  port.o(.emb_text)
    __asm___6_port_c_39a90d8d__prvStartFirstTask 0x08000209   Thumb Code    28  port.o(.emb_text)
    PendSV_Handler                           0x08000229   Thumb Code    72  port.o(.emb_text)
    vPortGetIPSR                             0x08000275   Thumb Code     6  port.o(.emb_text)
    Reset_Handler                            0x0800027d   Thumb Code     8  startup_stm32f10x_hd.o(.text)
    ADC1_2_IRQHandler                        0x08000297   Thumb Code     0  startup_stm32f10x_hd.o(.text)
    ADC3_IRQHandler                          0x08000297   Thumb Code     0  startup_stm32f10x_hd.o(.text)
    CAN1_RX1_IRQHandler                      0x08000297   Thumb Code     0  startup_stm32f10x_hd.o(.text)
    CAN1_SCE_IRQHandler                      0x08000297   Thumb Code     0  startup_stm32f10x_hd.o(.text)
    DMA1_Channel1_IRQHandler                 0x08000297   Thumb Code     0  startup_stm32f10x_hd.o(.text)
    DMA1_Channel2_IRQHandler                 0x08000297   Thumb Code     0  startup_stm32f10x_hd.o(.text)
    DMA1_Channel3_IRQHandler                 0x08000297   Thumb Code     0  startup_stm32f10x_hd.o(.text)
    DMA1_Channel4_IRQHandler                 0x08000297   Thumb Code     0  startup_stm32f10x_hd.o(.text)
    DMA1_Channel5_IRQHandler                 0x08000297   Thumb Code     0  startup_stm32f10x_hd.o(.text)
    DMA1_Channel6_IRQHandler                 0x08000297   Thumb Code     0  startup_stm32f10x_hd.o(.text)
    DMA1_Channel7_IRQHandler                 0x08000297   Thumb Code     0  startup_stm32f10x_hd.o(.text)
    DMA2_Channel1_IRQHandler                 0x08000297   Thumb Code     0  startup_stm32f10x_hd.o(.text)
    DMA2_Channel2_IRQHandler                 0x08000297   Thumb Code     0  startup_stm32f10x_hd.o(.text)
    DMA2_Channel3_IRQHandler                 0x08000297   Thumb Code     0  startup_stm32f10x_hd.o(.text)
    DMA2_Channel4_5_IRQHandler               0x08000297   Thumb Code     0  startup_stm32f10x_hd.o(.text)
    EXTI0_IRQHandler                         0x08000297   Thumb Code     0  startup_stm32f10x_hd.o(.text)
    EXTI15_10_IRQHandler                     0x08000297   Thumb Code     0  startup_stm32f10x_hd.o(.text)
    EXTI1_IRQHandler                         0x08000297   Thumb Code     0  startup_stm32f10x_hd.o(.text)
    EXTI2_IRQHandler                         0x08000297   Thumb Code     0  startup_stm32f10x_hd.o(.text)
    EXTI3_IRQHandler                         0x08000297   Thumb Code     0  startup_stm32f10x_hd.o(.text)
    EXTI4_IRQHandler                         0x08000297   Thumb Code     0  startup_stm32f10x_hd.o(.text)
    EXTI9_5_IRQHandler                       0x08000297   Thumb Code     0  startup_stm32f10x_hd.o(.text)
    FLASH_IRQHandler                         0x08000297   Thumb Code     0  startup_stm32f10x_hd.o(.text)
    FSMC_IRQHandler                          0x08000297   Thumb Code     0  startup_stm32f10x_hd.o(.text)
    I2C1_ER_IRQHandler                       0x08000297   Thumb Code     0  startup_stm32f10x_hd.o(.text)
    I2C1_EV_IRQHandler                       0x08000297   Thumb Code     0  startup_stm32f10x_hd.o(.text)
    I2C2_ER_IRQHandler                       0x08000297   Thumb Code     0  startup_stm32f10x_hd.o(.text)
    I2C2_EV_IRQHandler                       0x08000297   Thumb Code     0  startup_stm32f10x_hd.o(.text)
    PVD_IRQHandler                           0x08000297   Thumb Code     0  startup_stm32f10x_hd.o(.text)
    RCC_IRQHandler                           0x08000297   Thumb Code     0  startup_stm32f10x_hd.o(.text)
    RTCAlarm_IRQHandler                      0x08000297   Thumb Code     0  startup_stm32f10x_hd.o(.text)
    RTC_IRQHandler                           0x08000297   Thumb Code     0  startup_stm32f10x_hd.o(.text)
    SDIO_IRQHandler                          0x08000297   Thumb Code     0  startup_stm32f10x_hd.o(.text)
    SPI1_IRQHandler                          0x08000297   Thumb Code     0  startup_stm32f10x_hd.o(.text)
    SPI2_IRQHandler                          0x08000297   Thumb Code     0  startup_stm32f10x_hd.o(.text)
    SPI3_IRQHandler                          0x08000297   Thumb Code     0  startup_stm32f10x_hd.o(.text)
    TAMPER_IRQHandler                        0x08000297   Thumb Code     0  startup_stm32f10x_hd.o(.text)
    TIM1_BRK_IRQHandler                      0x08000297   Thumb Code     0  startup_stm32f10x_hd.o(.text)
    TIM1_CC_IRQHandler                       0x08000297   Thumb Code     0  startup_stm32f10x_hd.o(.text)
    TIM1_TRG_COM_IRQHandler                  0x08000297   Thumb Code     0  startup_stm32f10x_hd.o(.text)
    TIM1_UP_IRQHandler                       0x08000297   Thumb Code     0  startup_stm32f10x_hd.o(.text)
    TIM2_IRQHandler                          0x08000297   Thumb Code     0  startup_stm32f10x_hd.o(.text)
    TIM3_IRQHandler                          0x08000297   Thumb Code     0  startup_stm32f10x_hd.o(.text)
    TIM4_IRQHandler                          0x08000297   Thumb Code     0  startup_stm32f10x_hd.o(.text)
    TIM5_IRQHandler                          0x08000297   Thumb Code     0  startup_stm32f10x_hd.o(.text)
    TIM6_IRQHandler                          0x08000297   Thumb Code     0  startup_stm32f10x_hd.o(.text)
    TIM7_IRQHandler                          0x08000297   Thumb Code     0  startup_stm32f10x_hd.o(.text)
    TIM8_BRK_IRQHandler                      0x08000297   Thumb Code     0  startup_stm32f10x_hd.o(.text)
    TIM8_CC_IRQHandler                       0x08000297   Thumb Code     0  startup_stm32f10x_hd.o(.text)
    TIM8_TRG_COM_IRQHandler                  0x08000297   Thumb Code     0  startup_stm32f10x_hd.o(.text)
    TIM8_UP_IRQHandler                       0x08000297   Thumb Code     0  startup_stm32f10x_hd.o(.text)
    UART4_IRQHandler                         0x08000297   Thumb Code     0  startup_stm32f10x_hd.o(.text)
    UART5_IRQHandler                         0x08000297   Thumb Code     0  startup_stm32f10x_hd.o(.text)
    USART2_IRQHandler                        0x08000297   Thumb Code     0  startup_stm32f10x_hd.o(.text)
    USART3_IRQHandler                        0x08000297   Thumb Code     0  startup_stm32f10x_hd.o(.text)
    USBWakeUp_IRQHandler                     0x08000297   Thumb Code     0  startup_stm32f10x_hd.o(.text)
    USB_HP_CAN1_TX_IRQHandler                0x08000297   Thumb Code     0  startup_stm32f10x_hd.o(.text)
    USB_LP_CAN1_RX0_IRQHandler               0x08000297   Thumb Code     0  startup_stm32f10x_hd.o(.text)
    WWDG_IRQHandler                          0x08000297   Thumb Code     0  startup_stm32f10x_hd.o(.text)
    __user_initial_stackheap                 0x08000299   Thumb Code     0  startup_stm32f10x_hd.o(.text)
    __use_no_semihosting                     0x080002bd   Thumb Code     2  use_no_semi_2.o(.text)
    __2printf                                0x080002c1   Thumb Code    20  noretval__2printf.o(.text)
    __printf                                 0x080002d9   Thumb Code   104  __printf.o(.text)
    _printf_str                              0x08000341   Thumb Code    82  _printf_str.o(.text)
    _printf_int_dec                          0x08000395   Thumb Code   104  _printf_dec.o(.text)
    __aeabi_memcpy                           0x0800040d   Thumb Code     0  rt_memcpy_v6.o(.text)
    __rt_memcpy                              0x0800040d   Thumb Code   138  rt_memcpy_v6.o(.text)
    _memcpy_lastbytes                        0x08000473   Thumb Code     0  rt_memcpy_v6.o(.text)
    __aeabi_memset                           0x08000497   Thumb Code    16  aeabi_memset.o(.text)
    __use_two_region_memory                  0x080004a7   Thumb Code     2  heapauxi.o(.text)
    __rt_heap_escrow$2region                 0x080004a9   Thumb Code     2  heapauxi.o(.text)
    __rt_heap_expand$2region                 0x080004ab   Thumb Code     2  heapauxi.o(.text)
    __I$use$semihosting                      0x080004ad   Thumb Code     0  use_no_semi.o(.text)
    __use_no_semihosting_swi                 0x080004ad   Thumb Code     2  use_no_semi.o(.text)
    _printf_int_common                       0x080004af   Thumb Code   178  _printf_intcommon.o(.text)
    _printf_char_common                      0x0800056b   Thumb Code    32  _printf_char_common.o(.text)
    _printf_cs_common                        0x08000591   Thumb Code    20  _printf_char.o(.text)
    _printf_char                             0x080005a5   Thumb Code    16  _printf_char.o(.text)
    _printf_string                           0x080005b5   Thumb Code     8  _printf_char.o(.text)
    _printf_char_file                        0x080005bd   Thumb Code    32  _printf_char_file.o(.text)
    __aeabi_memcpy4                          0x080005e1   Thumb Code     0  rt_memcpy_w.o(.text)
    __aeabi_memcpy8                          0x080005e1   Thumb Code     0  rt_memcpy_w.o(.text)
    __rt_memcpy_w                            0x080005e1   Thumb Code   100  rt_memcpy_w.o(.text)
    _memcpy_lastbytes_aligned                0x08000629   Thumb Code     0  rt_memcpy_w.o(.text)
    __aeabi_memclr                           0x08000645   Thumb Code     0  rt_memclr.o(.text)
    __rt_memclr                              0x08000645   Thumb Code    68  rt_memclr.o(.text)
    _memset                                  0x08000649   Thumb Code     0  rt_memclr.o(.text)
    ferror                                   0x08000689   Thumb Code     8  ferror.o(.text)
    __aeabi_memclr4                          0x08000691   Thumb Code     0  rt_memclr_w.o(.text)
    __aeabi_memclr8                          0x08000691   Thumb Code     0  rt_memclr_w.o(.text)
    __rt_memclr_w                            0x08000691   Thumb Code    78  rt_memclr_w.o(.text)
    _memset_w                                0x08000695   Thumb Code     0  rt_memclr_w.o(.text)
    __user_setup_stackheap                   0x080006df   Thumb Code    74  sys_stackheap_outer.o(.text)
    exit                                     0x08000729   Thumb Code    12  exit.o(.text)
    __user_libspace                          0x08000735   Thumb Code     8  libspace.o(.text)
    __user_perproc_libspace                  0x08000735   Thumb Code     0  libspace.o(.text)
    __user_perthread_libspace                0x08000735   Thumb Code     0  libspace.o(.text)
    BusFault_Handler                         0x0800073d   Thumb Code     4  stm32f10x_it.o(i.BusFault_Handler)
    DMA_ClearFlag                            0x08000741   Thumb Code    18  stm32f10x_dma.o(i.DMA_ClearFlag)
    DMA_Cmd                                  0x0800075d   Thumb Code    24  stm32f10x_dma.o(i.DMA_Cmd)
    DMA_DeInit                               0x08000775   Thumb Code   324  stm32f10x_dma.o(i.DMA_DeInit)
    DMA_GetCurrDataCounter                   0x080008c1   Thumb Code     8  stm32f10x_dma.o(i.DMA_GetCurrDataCounter)
    DMA_GetFlagStatus                        0x080008c9   Thumb Code    36  stm32f10x_dma.o(i.DMA_GetFlagStatus)
    DMA_Init                                 0x080008f5   Thumb Code    60  stm32f10x_dma.o(i.DMA_Init)
    DebugMon_Handler                         0x08000931   Thumb Code     2  stm32f10x_it.o(i.DebugMon_Handler)
    FLASH_ErasePage                          0x08000935   Thumb Code    72  stm32f10x_flash.o(i.FLASH_ErasePage)
    FLASH_GetBank1Status                     0x08000981   Thumb Code    48  stm32f10x_flash.o(i.FLASH_GetBank1Status)
    FLASH_Lock                               0x080009b5   Thumb Code    14  stm32f10x_flash.o(i.FLASH_Lock)
    FLASH_ProgramHalfWord                    0x080009c9   Thumb Code    60  stm32f10x_flash.o(i.FLASH_ProgramHalfWord)
    FLASH_Unlock                             0x08000a09   Thumb Code    12  stm32f10x_flash.o(i.FLASH_Unlock)
    FLASH_WaitForLastOperation               0x08000a21   Thumb Code    38  stm32f10x_flash.o(i.FLASH_WaitForLastOperation)
    GPIO_Init                                0x08000a47   Thumb Code   278  stm32f10x_gpio.o(i.GPIO_Init)
    GPIO_PinRemapConfig                      0x08000b5d   Thumb Code   138  stm32f10x_gpio.o(i.GPIO_PinRemapConfig)
    GPIO_SetBits                             0x08000bed   Thumb Code     4  stm32f10x_gpio.o(i.GPIO_SetBits)
    HardFault_Handler                        0x08000bf1   Thumb Code     4  stm32f10x_it.o(i.HardFault_Handler)
    LED_Init                                 0x08000bf5   Thumb Code    68  led.o(i.LED_Init)
    MemManage_Handler                        0x08000c41   Thumb Code     4  stm32f10x_it.o(i.MemManage_Handler)
    NMI_Handler                              0x08000c45   Thumb Code     2  stm32f10x_it.o(i.NMI_Handler)
    NVIC_Init                                0x08000c49   Thumb Code   100  misc.o(i.NVIC_Init)
    NVIC_PriorityGroupConfig                 0x08000cb9   Thumb Code    10  misc.o(i.NVIC_PriorityGroupConfig)
    RCC_AHBPeriphClockCmd                    0x08000ccd   Thumb Code    26  stm32f10x_rcc.o(i.RCC_AHBPeriphClockCmd)
    RCC_APB1PeriphClockCmd                   0x08000ced   Thumb Code    26  stm32f10x_rcc.o(i.RCC_APB1PeriphClockCmd)
    RCC_APB2PeriphClockCmd                   0x08000d0d   Thumb Code    26  stm32f10x_rcc.o(i.RCC_APB2PeriphClockCmd)
    RCC_GetClocksFreq                        0x08000d2d   Thumb Code   192  stm32f10x_rcc.o(i.RCC_GetClocksFreq)
    STMFLASH_Read                            0x08000e01   Thumb Code    34  stmflash.o(i.STMFLASH_Read)
    STMFLASH_ReadHalfWord                    0x08000e23   Thumb Code     6  stmflash.o(i.STMFLASH_ReadHalfWord)
    STMFLASH_Write                           0x08000e29   Thumb Code   222  stmflash.o(i.STMFLASH_Write)
    STMFLASH_Write_NoCheck                   0x08000f11   Thumb Code    38  stmflash.o(i.STMFLASH_Write_NoCheck)
    SysTick_CLKSourceConfig                  0x08001021   Thumb Code    40  misc.o(i.SysTick_CLKSourceConfig)
    SysTick_Handler                          0x08001049   Thumb Code    16  delay.o(i.SysTick_Handler)
    SystemInit                               0x08001059   Thumb Code    78  system_stm32f10x.o(i.SystemInit)
    USART1_IRQHandler                        0x080010b9   Thumb Code   140  usart.o(i.USART1_IRQHandler)
    USART_Cmd                                0x0800115d   Thumb Code    24  stm32f10x_usart.o(i.USART_Cmd)
    USART_DMACmd                             0x08001175   Thumb Code    18  stm32f10x_usart.o(i.USART_DMACmd)
    USART_GetFlagStatus                      0x08001187   Thumb Code    26  stm32f10x_usart.o(i.USART_GetFlagStatus)
    USART_GetITStatus                        0x080011a1   Thumb Code    84  stm32f10x_usart.o(i.USART_GetITStatus)
    USART_ITConfig                           0x080011f5   Thumb Code    74  stm32f10x_usart.o(i.USART_ITConfig)
    USART_Init                               0x08001241   Thumb Code   210  stm32f10x_usart.o(i.USART_Init)
    USART_ReceiveData                        0x08001319   Thumb Code    10  stm32f10x_usart.o(i.USART_ReceiveData)
    UsageFault_Handler                       0x08001323   Thumb Code     4  stm32f10x_it.o(i.UsageFault_Handler)
    _sys_exit                                0x08001327   Thumb Code     4  usart.o(i._sys_exit)
    bJudgeChecksum                           0x0800132b   Thumb Code    56  protocol.o(i.bJudgeChecksum)
    delay_init                               0x08001365   Thumb Code    74  delay.o(i.delay_init)
    eFrame_Analy                             0x080013c1   Thumb Code   252  protocol.o(i.eFrame_Analy)
    fputc                                    0x080014bd   Thumb Code    24  usart.o(i.fputc)
    iap_load_app                             0x080014d9   Thumb Code    36  iap.o(i.iap_load_app)
    iap_write_appbin                         0x08001505   Thumb Code    98  iap.o(i.iap_write_appbin)
    main                                     0x0800156d   Thumb Code   136  main.o(i.main)
    pvPortMalloc                             0x08002159   Thumb Code   262  heap_4.o(i.pvPortMalloc)
    pvTaskIncrementMutexHeldCount            0x080022ad   Thumb Code    26  tasks.o(i.pvTaskIncrementMutexHeldCount)
    pxPortInitialiseStack                    0x080022cd   Thumb Code    30  port.o(i.pxPortInitialiseStack)
    ucCodeChecksum                           0x080022f1   Thumb Code    50  protocol.o(i.ucCodeChecksum)
    ucCode_RespondFrame                      0x08002323   Thumb Code   132  protocol.o(i.ucCode_RespondFrame)
    uxListRemove                             0x080023a7   Thumb Code    40  list.o(i.uxListRemove)
    vAppInforInit                            0x080023d1   Thumb Code    46  main.o(i.vAppInforInit)
    vCommandFrameHandle                      0x08002405   Thumb Code    64  main.o(i.vCommandFrameHandle)
    vDataFrameHandle                         0x08002455   Thumb Code   262  main.o(i.vDataFrameHandle)
    vDma1_4_Usart1_TX_Init                   0x08002569   Thumb Code    72  usart.o(i.vDma1_4_Usart1_TX_Init)
    vDma1_6_Usart2_RX_Init                   0x080025b9   Thumb Code    78  usart.o(i.vDma1_6_Usart2_RX_Init)
    vDma1_7_Usart2_TX_Init                   0x08002611   Thumb Code    80  usart.o(i.vDma1_7_Usart2_TX_Init)
    vFirmwareWriteTask                       0x08002669   Thumb Code   192  main.o(i.vFirmwareWriteTask)
    vFrameDataHandlerTask                    0x08002745   Thumb Code   248  main.o(i.vFrameDataHandlerTask)
    vLed_Task                                0x08002869   Thumb Code    24  main.o(i.vLed_Task)
    vListInitialise                          0x08002889   Thumb Code    26  list.o(i.vListInitialise)
    vListInitialiseItem                      0x080028a3   Thumb Code     6  list.o(i.vListInitialiseItem)
    vListInsert                              0x080028a9   Thumb Code    52  list.o(i.vListInsert)
    vListInsertEnd                           0x080028dd   Thumb Code    24  list.o(i.vListInsertEnd)
    vPortEnterCritical                       0x080028f5   Thumb Code    68  port.o(i.vPortEnterCritical)
    vPortExitCritical                        0x0800297d   Thumb Code    48  port.o(i.vPortExitCritical)
    vPortFree                                0x080029ed   Thumb Code   120  heap_4.o(i.vPortFree)
    vPortSetupTimerInterrupt                 0x08002aa5   Thumb Code    26  port.o(i.vPortSetupTimerInterrupt)
    vPortValidateInterruptPriority           0x08002ac5   Thumb Code    86  port.o(i.vPortValidateInterruptPriority)
    vQueueAddToRegistry                      0x08002b65   Thumb Code    38  queue.o(i.vQueueAddToRegistry)
    vQueueWaitForMessageRestricted           0x08002b91   Thumb Code    74  queue.o(i.vQueueWaitForMessageRestricted)
    vTaskDelay                               0x08002bdd   Thumb Code    72  tasks.o(i.vTaskDelay)
    vTaskMissedYield                         0x08002c51   Thumb Code     8  tasks.o(i.vTaskMissedYield)
    vTaskPlaceOnEventList                    0x08002c5d   Thumb Code    42  tasks.o(i.vTaskPlaceOnEventList)
    vTaskPlaceOnEventListRestricted          0x08002cb1   Thumb Code    50  tasks.o(i.vTaskPlaceOnEventListRestricted)
    vTaskPriorityInherit                     0x08002d0d   Thumb Code   164  tasks.o(i.vTaskPriorityInherit)
    vTaskSetTimeOutState                     0x08002dbd   Thumb Code    32  tasks.o(i.vTaskSetTimeOutState)
    vTaskStartScheduler                      0x08002e09   Thumb Code   108  tasks.o(i.vTaskStartScheduler)
    vTaskSuspendAll                          0x08002eb5   Thumb Code    12  tasks.o(i.vTaskSuspendAll)
    vTaskSwitchContext                       0x08002ec5   Thumb Code   110  tasks.o(i.vTaskSwitchContext)
    vUart1_Init                              0x08002f6d   Thumb Code   174  usart.o(i.vUart1_Init)
    vUart2_Init                              0x08003025   Thumb Code   150  usart.o(i.vUart2_Init)
    vUsart1DmaInitForTest                    0x080030c5   Thumb Code    36  usart.o(i.vUsart1DmaInitForTest)
    vUsart1Interactive                       0x080030f1   Thumb Code   138  usart.o(i.vUsart1Interactive)
    vUsart2DmaInitForTest                    0x08003195   Thumb Code    60  usart.o(i.vUsart2DmaInitForTest)
    vUsart2Interactive                       0x080031e1   Thumb Code   270  usart.o(i.vUsart2Interactive)
    vUsartDataHandleTask                     0x0800331d   Thumb Code    18  main.o(i.vUsartDataHandleTask)
    xPortStartScheduler                      0x08003331   Thumb Code   140  port.o(i.xPortStartScheduler)
    xPortSysTickHandler                      0x080033d1   Thumb Code    46  port.o(i.xPortSysTickHandler)
    xQueueGenericCreate                      0x08003405   Thumb Code    78  queue.o(i.xQueueGenericCreate)
    xQueueGenericReceive                     0x08003479   Thumb Code   416  queue.o(i.xQueueGenericReceive)
    xQueueGenericReset                       0x08003641   Thumb Code   136  queue.o(i.xQueueGenericReset)
    xQueueGenericSend                        0x080036f1   Thumb Code   412  queue.o(i.xQueueGenericSend)
    xQueueGenericSendFromISR                 0x080038b5   Thumb Code   234  queue.o(i.xQueueGenericSendFromISR)
    xTaskCheckForTimeOut                     0x080039c5   Thumb Code   116  tasks.o(i.xTaskCheckForTimeOut)
    xTaskCreate                              0x08003a65   Thumb Code    96  tasks.o(i.xTaskCreate)
    xTaskGetSchedulerState                   0x08003ac5   Thumb Code    24  tasks.o(i.xTaskGetSchedulerState)
    xTaskGetTickCount                        0x08003ae5   Thumb Code     6  tasks.o(i.xTaskGetTickCount)
    xTaskIncrementTick                       0x08003af1   Thumb Code   272  tasks.o(i.xTaskIncrementTick)
    xTaskPriorityDisinherit                  0x08003c51   Thumb Code   168  tasks.o(i.xTaskPriorityDisinherit)
    xTaskRemoveFromEventList                 0x08003d29   Thumb Code   118  tasks.o(i.xTaskRemoveFromEventList)
    xTaskResumeAll                           0x08003ddd   Thumb Code   214  tasks.o(i.xTaskResumeAll)
    xTimerCreateTimerTask                    0x08003efd   Thumb Code    56  timers.o(i.xTimerCreateTimerTask)
    xTimerGenericCommand                     0x08003f71   Thumb Code   118  timers.o(i.xTimerGenericCommand)
    Region$$Table$$Base                      0x08004014   Number         0  anon$$obj.o(Region$$Table)
    Region$$Table$$Limit                     0x08004034   Number         0  anon$$obj.o(Region$$Table)
    ProductAppPassword                       0x20000000   Data           4  main.o(.data)
    LastCommand                              0x20000004   Data           1  main.o(.data)
    SystemCoreClock                          0x20000010   Data           4  system_stm32f10x.o(.data)
    AHBPrescTable                            0x20000014   Data          16  system_stm32f10x.o(.data)
    __stdout                                 0x20000028   Data           4  usart.o(.data)
    ucDMA1_Stream4TransmitGrooveIndex        0x2000002c   Data           1  usart.o(.data)
    ucUSART1_TransmitMessageNumber           0x2000002d   Data           1  usart.o(.data)
    ucWtiteDataToUSART1TransmitGrooveIndex   0x2000002e   Data           1  usart.o(.data)
    ucUSART1_TransmitWritingBytePointer      0x2000002f   Data           1  usart.o(.data)
    ucUSART1ReceiveBufferLength              0x20000030   Data           5  usart.o(.data)
    ucUSART1ReceiveGrooveIndex               0x20000035   Data           1  usart.o(.data)
    ucUSART1ReadBufferIndex                  0x20000036   Data           1  usart.o(.data)
    ucUSART1ReceiveWritingBytePointer        0x20000037   Data           1  usart.o(.data)
    ucDMA1_Stream5ReceiveGrooveIndex         0x20000038   Data           1  usart.o(.data)
    ucUSART1_ReceiveMessageNumber            0x20000039   Data           1  usart.o(.data)
    ucDMA1_Stream7TransmitGrooveIndex        0x2000003a   Data           1  usart.o(.data)
    ucUSART2_TransmitMessageNumber           0x2000003b   Data           1  usart.o(.data)
    ucWtiteDataToUSART2TransmitGrooveIndex   0x2000003c   Data           1  usart.o(.data)
    ucUSART2_TransmitWritingBytePointer      0x2000003d   Data           1  usart.o(.data)
    ucUSART2ReceiveBufferLength              0x2000003e   Data           5  usart.o(.data)
    ucUSART2ReceiveGrooveIndex               0x20000043   Data           1  usart.o(.data)
    ucUSART2ReadBufferIndex                  0x20000044   Data           1  usart.o(.data)
    ucUSART2ReceiveWritingBytePointer        0x20000045   Data           1  usart.o(.data)
    ucDMA1_Stream6ReceiveGrooveIndex         0x20000046   Data           1  usart.o(.data)
    ucUSART2_ReceiveMessageNumber            0x20000047   Data           1  usart.o(.data)
    pxCurrentTCB                             0x20000060   Data           4  tasks.o(.data)
    jump2app                                 0x200000d4   Data           4  iap.o(.data)
    FirmwareBuf                              0x200000d8   Data       10240  main.o(.bss)
    tAI                                      0x200028d8   Data          32  main.o(.bss)
    STMFLASH_BUF                             0x200028f8   Data        2048  stmflash.o(.bss)
    ucUSART1TrainsmitBuffer                  0x200030f8   Data        2700  usart.o(.bss)
    ucUSART1TrainsmitLength                  0x20003b84   Data          30  usart.o(.bss)
    ucUSART1ReceiveBuffer                    0x20003ba2   Data         450  usart.o(.bss)
    ucUSART2TrainsmitBuffer                  0x20003d64   Data        2700  usart.o(.bss)
    ucUSART2TrainsmitLength                  0x200047f0   Data          30  usart.o(.bss)
    ucUSART2ReceiveBuffer                    0x2000480e   Data         450  usart.o(.bss)
    xQueueRegistry                           0x200049d0   Data          64  queue.o(.bss)
    iapbuf                                   0x20009d1c   Data        2048  iap.o(.bss)
    FR_Rx                                    0x2000a51c   Data          64  protocol.o(.bss)
    FR_Tx                                    0x2000a55c   Data          60  protocol.o(.bss)
    __libspace_start                         0x2000a598   Data          96  libspace.o(.bss)
    __temporary_stack_top$libspace           0x2000a5f8   Data           0  libspace.o(.bss)



==============================================================================

Memory Map of the image

  Image Entry point : 0x0800027d

  Load Region LR_1 (Base: 0x08000000, Size: 0x0000410c, Max: 0xffffffff, ABSOLUTE)

    Execution Region ER_RO (Base: 0x08000000, Size: 0x00004034, Max: 0xffffffff, ABSOLUTE)

    Base Addr    Size         Type   Attr      Idx    E Section Name        Object

    0x08000000   0x00000130   Data   RO          569    RESET               startup_stm32f10x_hd.o
    0x08000130   0x00000008   Code   RO         2518  * !!!main             c_w.l(__main.o)
    0x08000138   0x00000034   Code   RO         2695    !!!scatter          c_w.l(__scatter.o)
    0x0800016c   0x0000001a   Code   RO         2697    !!handler_copy      c_w.l(__scatter_copy.o)
    0x08000186   0x00000002   PAD
    0x08000188   0x0000001c   Code   RO         2699    !!handler_zi        c_w.l(__scatter_zi.o)
    0x080001a4   0x00000000   Code   RO         2507    .ARM.Collect$$_printf_percent$$00000000  c_w.l(_printf_percent.o)
    0x080001a4   0x00000006   Code   RO         2505    .ARM.Collect$$_printf_percent$$00000009  c_w.l(_printf_d.o)
    0x080001aa   0x00000006   Code   RO         2504    .ARM.Collect$$_printf_percent$$00000014  c_w.l(_printf_s.o)
    0x080001b0   0x00000004   Code   RO         2533    .ARM.Collect$$_printf_percent$$00000017  c_w.l(_printf_percent_end.o)
    0x080001b4   0x00000002   Code   RO         2570    .ARM.Collect$$libinit$$00000000  c_w.l(libinit.o)
    0x080001b6   0x00000000   Code   RO         2577    .ARM.Collect$$libinit$$00000002  c_w.l(libinit2.o)
    0x080001b6   0x00000000   Code   RO         2579    .ARM.Collect$$libinit$$00000004  c_w.l(libinit2.o)
    0x080001b6   0x00000000   Code   RO         2582    .ARM.Collect$$libinit$$0000000A  c_w.l(libinit2.o)
    0x080001b6   0x00000000   Code   RO         2584    .ARM.Collect$$libinit$$0000000C  c_w.l(libinit2.o)
    0x080001b6   0x00000000   Code   RO         2586    .ARM.Collect$$libinit$$0000000E  c_w.l(libinit2.o)
    0x080001b6   0x00000000   Code   RO         2589    .ARM.Collect$$libinit$$00000011  c_w.l(libinit2.o)
    0x080001b6   0x00000000   Code   RO         2591    .ARM.Collect$$libinit$$00000013  c_w.l(libinit2.o)
    0x080001b6   0x00000000   Code   RO         2593    .ARM.Collect$$libinit$$00000015  c_w.l(libinit2.o)
    0x080001b6   0x00000000   Code   RO         2595    .ARM.Collect$$libinit$$00000017  c_w.l(libinit2.o)
    0x080001b6   0x00000000   Code   RO         2597    .ARM.Collect$$libinit$$00000019  c_w.l(libinit2.o)
    0x080001b6   0x00000000   Code   RO         2599    .ARM.Collect$$libinit$$0000001B  c_w.l(libinit2.o)
    0x080001b6   0x00000000   Code   RO         2601    .ARM.Collect$$libinit$$0000001D  c_w.l(libinit2.o)
    0x080001b6   0x00000000   Code   RO         2603    .ARM.Collect$$libinit$$0000001F  c_w.l(libinit2.o)
    0x080001b6   0x00000000   Code   RO         2605    .ARM.Collect$$libinit$$00000021  c_w.l(libinit2.o)
    0x080001b6   0x00000000   Code   RO         2607    .ARM.Collect$$libinit$$00000023  c_w.l(libinit2.o)
    0x080001b6   0x00000000   Code   RO         2609    .ARM.Collect$$libinit$$00000025  c_w.l(libinit2.o)
    0x080001b6   0x00000000   Code   RO         2613    .ARM.Collect$$libinit$$0000002C  c_w.l(libinit2.o)
    0x080001b6   0x00000000   Code   RO         2615    .ARM.Collect$$libinit$$0000002E  c_w.l(libinit2.o)
    0x080001b6   0x00000000   Code   RO         2617    .ARM.Collect$$libinit$$00000030  c_w.l(libinit2.o)
    0x080001b6   0x00000000   Code   RO         2619    .ARM.Collect$$libinit$$00000032  c_w.l(libinit2.o)
    0x080001b6   0x00000002   Code   RO         2620    .ARM.Collect$$libinit$$00000033  c_w.l(libinit2.o)
    0x080001b8   0x00000002   Code   RO         2638    .ARM.Collect$$libshutdown$$00000000  c_w.l(libshutdown.o)
    0x080001ba   0x00000000   Code   RO         2649    .ARM.Collect$$libshutdown$$00000003  c_w.l(libshutdown2.o)
    0x080001ba   0x00000000   Code   RO         2652    .ARM.Collect$$libshutdown$$00000006  c_w.l(libshutdown2.o)
    0x080001ba   0x00000000   Code   RO         2655    .ARM.Collect$$libshutdown$$00000009  c_w.l(libshutdown2.o)
    0x080001ba   0x00000000   Code   RO         2657    .ARM.Collect$$libshutdown$$0000000B  c_w.l(libshutdown2.o)
    0x080001ba   0x00000000   Code   RO         2660    .ARM.Collect$$libshutdown$$0000000E  c_w.l(libshutdown2.o)
    0x080001ba   0x00000002   Code   RO         2661    .ARM.Collect$$libshutdown$$0000000F  c_w.l(libshutdown2.o)
    0x080001bc   0x00000000   Code   RO         2522    .ARM.Collect$$rtentry$$00000000  c_w.l(__rtentry.o)
    0x080001bc   0x00000000   Code   RO         2539    .ARM.Collect$$rtentry$$00000002  c_w.l(__rtentry2.o)
    0x080001bc   0x00000006   Code   RO         2551    .ARM.Collect$$rtentry$$00000004  c_w.l(__rtentry4.o)
    0x080001c2   0x00000000   Code   RO         2541    .ARM.Collect$$rtentry$$00000009  c_w.l(__rtentry2.o)
    0x080001c2   0x00000004   Code   RO         2542    .ARM.Collect$$rtentry$$0000000A  c_w.l(__rtentry2.o)
    0x080001c6   0x00000000   Code   RO         2544    .ARM.Collect$$rtentry$$0000000C  c_w.l(__rtentry2.o)
    0x080001c6   0x00000008   Code   RO         2545    .ARM.Collect$$rtentry$$0000000D  c_w.l(__rtentry2.o)
    0x080001ce   0x00000002   Code   RO         2574    .ARM.Collect$$rtexit$$00000000  c_w.l(rtexit.o)
    0x080001d0   0x00000000   Code   RO         2622    .ARM.Collect$$rtexit$$00000002  c_w.l(rtexit2.o)
    0x080001d0   0x00000004   Code   RO         2623    .ARM.Collect$$rtexit$$00000003  c_w.l(rtexit2.o)
    0x080001d4   0x00000006   Code   RO         2624    .ARM.Collect$$rtexit$$00000004  c_w.l(rtexit2.o)
    0x080001da   0x00000002   PAD
    0x080001dc   0x00000006   Code   RO          436    .emb_text           sys.o
    0x080001e2   0x00000002   PAD
    0x080001e4   0x00000096   Code   RO         2309    .emb_text           port.o
    0x0800027a   0x00000002   PAD
    0x0800027c   0x00000040   Code   RO          570  * .text               startup_stm32f10x_hd.o
    0x080002bc   0x00000002   Code   RO         2467    .text               c_w.l(use_no_semi_2.o)
    0x080002be   0x00000002   PAD
    0x080002c0   0x00000018   Code   RO         2473    .text               c_w.l(noretval__2printf.o)
    0x080002d8   0x00000068   Code   RO         2477    .text               c_w.l(__printf.o)
    0x08000340   0x00000052   Code   RO         2479    .text               c_w.l(_printf_str.o)
    0x08000392   0x00000002   PAD
    0x08000394   0x00000078   Code   RO         2481    .text               c_w.l(_printf_dec.o)
    0x0800040c   0x0000008a   Code   RO         2512    .text               c_w.l(rt_memcpy_v6.o)
    0x08000496   0x00000010   Code   RO         2514    .text               c_w.l(aeabi_memset.o)
    0x080004a6   0x00000006   Code   RO         2516    .text               c_w.l(heapauxi.o)
    0x080004ac   0x00000002   Code   RO         2520    .text               c_w.l(use_no_semi.o)
    0x080004ae   0x000000b2   Code   RO         2523    .text               c_w.l(_printf_intcommon.o)
    0x08000560   0x00000030   Code   RO         2525    .text               c_w.l(_printf_char_common.o)
    0x08000590   0x0000002c   Code   RO         2529    .text               c_w.l(_printf_char.o)
    0x080005bc   0x00000024   Code   RO         2531    .text               c_w.l(_printf_char_file.o)
    0x080005e0   0x00000064   Code   RO         2534    .text               c_w.l(rt_memcpy_w.o)
    0x08000644   0x00000044   Code   RO         2536    .text               c_w.l(rt_memclr.o)
    0x08000688   0x00000008   Code   RO         2555    .text               c_w.l(ferror.o)
    0x08000690   0x0000004e   Code   RO         2559    .text               c_w.l(rt_memclr_w.o)
    0x080006de   0x0000004a   Code   RO         2561    .text               c_w.l(sys_stackheap_outer.o)
    0x08000728   0x0000000c   Code   RO         2563    .text               c_w.l(exit.o)
    0x08000734   0x00000008   Code   RO         2571    .text               c_w.l(libspace.o)
    0x0800073c   0x00000004   Code   RO          210    i.BusFault_Handler  stm32f10x_it.o
    0x08000740   0x0000001c   Code   RO         1128    i.DMA_ClearFlag     stm32f10x_dma.o
    0x0800075c   0x00000018   Code   RO         1130    i.DMA_Cmd           stm32f10x_dma.o
    0x08000774   0x0000014c   Code   RO         1131    i.DMA_DeInit        stm32f10x_dma.o
    0x080008c0   0x00000008   Code   RO         1132    i.DMA_GetCurrDataCounter  stm32f10x_dma.o
    0x080008c8   0x0000002c   Code   RO         1133    i.DMA_GetFlagStatus  stm32f10x_dma.o
    0x080008f4   0x0000003c   Code   RO         1136    i.DMA_Init          stm32f10x_dma.o
    0x08000930   0x00000002   Code   RO          211    i.DebugMon_Handler  stm32f10x_it.o
    0x08000932   0x00000002   PAD
    0x08000934   0x0000004c   Code   RO         1205    i.FLASH_ErasePage   stm32f10x_flash.o
    0x08000980   0x00000034   Code   RO         1206    i.FLASH_GetBank1Status  stm32f10x_flash.o
    0x080009b4   0x00000014   Code   RO         1215    i.FLASH_Lock        stm32f10x_flash.o
    0x080009c8   0x00000040   Code   RO         1218    i.FLASH_ProgramHalfWord  stm32f10x_flash.o
    0x08000a08   0x00000018   Code   RO         1223    i.FLASH_Unlock      stm32f10x_flash.o
    0x08000a20   0x00000026   Code   RO         1227    i.FLASH_WaitForLastOperation  stm32f10x_flash.o
    0x08000a46   0x00000116   Code   RO          616    i.GPIO_Init         stm32f10x_gpio.o
    0x08000b5c   0x00000090   Code   RO          618    i.GPIO_PinRemapConfig  stm32f10x_gpio.o
    0x08000bec   0x00000004   Code   RO          624    i.GPIO_SetBits      stm32f10x_gpio.o
    0x08000bf0   0x00000004   Code   RO          212    i.HardFault_Handler  stm32f10x_it.o
    0x08000bf4   0x0000004c   Code   RO          315    i.LED_Init          led.o
    0x08000c40   0x00000004   Code   RO          213    i.MemManage_Handler  stm32f10x_it.o
    0x08000c44   0x00000002   Code   RO          214    i.NMI_Handler       stm32f10x_it.o
    0x08000c46   0x00000002   PAD
    0x08000c48   0x00000070   Code   RO          574    i.NVIC_Init         misc.o
    0x08000cb8   0x00000014   Code   RO          575    i.NVIC_PriorityGroupConfig  misc.o
    0x08000ccc   0x00000020   Code   RO          749    i.RCC_AHBPeriphClockCmd  stm32f10x_rcc.o
    0x08000cec   0x00000020   Code   RO          750    i.RCC_APB1PeriphClockCmd  stm32f10x_rcc.o
    0x08000d0c   0x00000020   Code   RO          752    i.RCC_APB2PeriphClockCmd  stm32f10x_rcc.o
    0x08000d2c   0x000000d4   Code   RO          760    i.RCC_GetClocksFreq  stm32f10x_rcc.o
    0x08000e00   0x00000022   Code   RO          349    i.STMFLASH_Read     stmflash.o
    0x08000e22   0x00000006   Code   RO          350    i.STMFLASH_ReadHalfWord  stmflash.o
    0x08000e28   0x000000e8   Code   RO          351    i.STMFLASH_Write    stmflash.o
    0x08000f10   0x00000026   Code   RO          352    i.STMFLASH_Write_NoCheck  stmflash.o
    0x08000f36   0x00000008   Code   RO          281    i.SetSysClock       system_stm32f10x.o
    0x08000f3e   0x00000002   PAD
    0x08000f40   0x000000e0   Code   RO          282    i.SetSysClockTo72   system_stm32f10x.o
    0x08001020   0x00000028   Code   RO          578    i.SysTick_CLKSourceConfig  misc.o
    0x08001048   0x00000010   Code   RO          388    i.SysTick_Handler   delay.o
    0x08001058   0x00000060   Code   RO          284    i.SystemInit        system_stm32f10x.o
    0x080010b8   0x000000a4   Code   RO          465    i.USART1_IRQHandler  usart.o
    0x0800115c   0x00000018   Code   RO          952    i.USART_Cmd         stm32f10x_usart.o
    0x08001174   0x00000012   Code   RO          953    i.USART_DMACmd      stm32f10x_usart.o
    0x08001186   0x0000001a   Code   RO          955    i.USART_GetFlagStatus  stm32f10x_usart.o
    0x080011a0   0x00000054   Code   RO          956    i.USART_GetITStatus  stm32f10x_usart.o
    0x080011f4   0x0000004a   Code   RO          958    i.USART_ITConfig    stm32f10x_usart.o
    0x0800123e   0x00000002   PAD
    0x08001240   0x000000d8   Code   RO          959    i.USART_Init        stm32f10x_usart.o
    0x08001318   0x0000000a   Code   RO          966    i.USART_ReceiveData  stm32f10x_usart.o
    0x08001322   0x00000004   Code   RO          215    i.UsageFault_Handler  stm32f10x_it.o
    0x08001326   0x00000004   Code   RO          466    i._sys_exit         usart.o
    0x0800132a   0x00000038   Code   RO         2408    i.bJudgeChecksum    protocol.o
    0x08001362   0x00000002   PAD
    0x08001364   0x0000005c   Code   RO          389    i.delay_init        delay.o
    0x080013c0   0x000000fc   Code   RO         2409    i.eFrame_Analy      protocol.o
    0x080014bc   0x0000001c   Code   RO          467    i.fputc             usart.o
    0x080014d8   0x0000002c   Code   RO         2386    i.iap_load_app      iap.o
    0x08001504   0x00000068   Code   RO         2387    i.iap_write_appbin  iap.o
    0x0800156c   0x000000f8   Code   RO            1    i.main              main.o
    0x08001664   0x00000098   Code   RO         1770    i.prvAddCurrentTaskToDelayedList  tasks.o
    0x080016fc   0x000000b8   Code   RO         1771    i.prvAddNewTaskToReadyList  tasks.o
    0x080017b4   0x00000064   Code   RO         2130    i.prvCheckForValidListAndQueue  timers.o
    0x08001818   0x00000064   Code   RO         1772    i.prvCheckTasksWaitingTermination  tasks.o
    0x0800187c   0x0000002a   Code   RO         1534    i.prvCopyDataFromQueue  queue.o
    0x080018a6   0x0000007c   Code   RO         1535    i.prvCopyDataToQueue  queue.o
    0x08001922   0x00000012   Code   RO         1773    i.prvDeleteTCB      tasks.o
    0x08001934   0x00000028   Code   RO         2131    i.prvGetNextExpireTime  timers.o
    0x0800195c   0x0000007c   Code   RO         2260    i.prvHeapInit       heap_4.o
    0x080019d8   0x00000028   Code   RO         1774    i.prvIdleTask       tasks.o
    0x08001a00   0x0000002e   Code   RO         1537    i.prvInitialiseNewQueue  queue.o
    0x08001a2e   0x00000002   PAD
    0x08001a30   0x000000d0   Code   RO         1775    i.prvInitialiseNewTask  tasks.o
    0x08001b00   0x00000068   Code   RO         1776    i.prvInitialiseTaskLists  tasks.o
    0x08001b68   0x00000068   Code   RO         2261    i.prvInsertBlockIntoFreeList  heap_4.o
    0x08001bd0   0x00000058   Code   RO         2133    i.prvInsertTimerInActiveList  timers.o
    0x08001c28   0x0000001a   Code   RO         1538    i.prvIsQueueEmpty   queue.o
    0x08001c42   0x0000001e   Code   RO         1539    i.prvIsQueueFull    queue.o
    0x08001c60   0x000000a0   Code   RO         1540    i.prvNotifyQueueSetContainer  queue.o
    0x08001d00   0x00000080   Code   RO         2134    i.prvProcessExpiredTimer  timers.o
    0x08001d80   0x0000012c   Code   RO         2135    i.prvProcessReceivedCommands  timers.o
    0x08001eac   0x00000074   Code   RO         2136    i.prvProcessTimerOrBlockTask  timers.o
    0x08001f20   0x00000034   Code   RO         1778    i.prvResetNextTaskUnblockTime  tasks.o
    0x08001f54   0x0000002c   Code   RO         2137    i.prvSampleTimeNow  timers.o
    0x08001f80   0x000000bc   Code   RO         2138    i.prvSwitchTimerLists  timers.o
    0x0800203c   0x00000070   Code   RO         2310    i.prvTaskExitError  port.o
    0x080020ac   0x0000001a   Code   RO         2139    i.prvTimerTask      timers.o
    0x080020c6   0x00000092   Code   RO         1541    i.prvUnlockQueue    queue.o
    0x08002158   0x00000154   Code   RO         2262    i.pvPortMalloc      heap_4.o
    0x080022ac   0x00000020   Code   RO         1782    i.pvTaskIncrementMutexHeldCount  tasks.o
    0x080022cc   0x00000024   Code   RO         2311    i.pxPortInitialiseStack  port.o
    0x080022f0   0x00000032   Code   RO         2410    i.ucCodeChecksum    protocol.o
    0x08002322   0x00000084   Code   RO         2414    i.ucCode_RespondFrame  protocol.o
    0x080023a6   0x00000028   Code   RO         1497    i.uxListRemove      list.o
    0x080023ce   0x00000002   PAD
    0x080023d0   0x00000034   Code   RO            2    i.vAppInforInit     main.o
    0x08002404   0x00000050   Code   RO            3    i.vCommandFrameHandle  main.o
    0x08002454   0x00000114   Code   RO            4    i.vDataFrameHandle  main.o
    0x08002568   0x00000050   Code   RO          468    i.vDma1_4_Usart1_TX_Init  usart.o
    0x080025b8   0x00000058   Code   RO          469    i.vDma1_6_Usart2_RX_Init  usart.o
    0x08002610   0x00000058   Code   RO          470    i.vDma1_7_Usart2_TX_Init  usart.o
    0x08002668   0x000000dc   Code   RO            5    i.vFirmwareWriteTask  main.o
    0x08002744   0x00000124   Code   RO            6    i.vFrameDataHandlerTask  main.o
    0x08002868   0x00000020   Code   RO            7    i.vLed_Task         main.o
    0x08002888   0x0000001a   Code   RO         1498    i.vListInitialise   list.o
    0x080028a2   0x00000006   Code   RO         1499    i.vListInitialiseItem  list.o
    0x080028a8   0x00000034   Code   RO         1500    i.vListInsert       list.o
    0x080028dc   0x00000018   Code   RO         1501    i.vListInsertEnd    list.o
    0x080028f4   0x00000088   Code   RO         2313    i.vPortEnterCritical  port.o
    0x0800297c   0x00000070   Code   RO         2314    i.vPortExitCritical  port.o
    0x080029ec   0x000000b8   Code   RO         2263    i.vPortFree         heap_4.o
    0x08002aa4   0x00000020   Code   RO         2315    i.vPortSetupTimerInterrupt  port.o
    0x08002ac4   0x000000a0   Code   RO         2316    i.vPortValidateInterruptPriority  port.o
    0x08002b64   0x0000002c   Code   RO         1547    i.vQueueAddToRegistry  queue.o
    0x08002b90   0x0000004a   Code   RO         1551    i.vQueueWaitForMessageRestricted  queue.o
    0x08002bda   0x00000002   PAD
    0x08002bdc   0x00000074   Code   RO         1790    i.vTaskDelay        tasks.o
    0x08002c50   0x0000000c   Code   RO         1796    i.vTaskMissedYield  tasks.o
    0x08002c5c   0x00000054   Code   RO         1798    i.vTaskPlaceOnEventList  tasks.o
    0x08002cb0   0x0000005c   Code   RO         1799    i.vTaskPlaceOnEventListRestricted  tasks.o
    0x08002d0c   0x000000b0   Code   RO         1801    i.vTaskPriorityInherit  tasks.o
    0x08002dbc   0x0000004c   Code   RO         1805    i.vTaskSetTimeOutState  tasks.o
    0x08002e08   0x000000ac   Code   RO         1806    i.vTaskStartScheduler  tasks.o
    0x08002eb4   0x00000010   Code   RO         1808    i.vTaskSuspendAll   tasks.o
    0x08002ec4   0x000000a8   Code   RO         1809    i.vTaskSwitchContext  tasks.o
    0x08002f6c   0x000000b8   Code   RO          471    i.vUart1_Init       usart.o
    0x08003024   0x000000a0   Code   RO          472    i.vUart2_Init       usart.o
    0x080030c4   0x0000002c   Code   RO          473    i.vUsart1DmaInitForTest  usart.o
    0x080030f0   0x000000a4   Code   RO          474    i.vUsart1Interactive  usart.o
    0x08003194   0x0000004c   Code   RO          475    i.vUsart2DmaInitForTest  usart.o
    0x080031e0   0x0000013c   Code   RO          476    i.vUsart2Interactive  usart.o
    0x0800331c   0x00000012   Code   RO            8    i.vUsartDataHandleTask  main.o
    0x0800332e   0x00000002   PAD
    0x08003330   0x000000a0   Code   RO         2317    i.xPortStartScheduler  port.o
    0x080033d0   0x00000034   Code   RO         2318    i.xPortSysTickHandler  port.o
    0x08003404   0x00000074   Code   RO         1556    i.xQueueGenericCreate  queue.o
    0x08003478   0x000001c8   Code   RO         1557    i.xQueueGenericReceive  queue.o
    0x08003640   0x000000b0   Code   RO         1558    i.xQueueGenericReset  queue.o
    0x080036f0   0x000001c4   Code   RO         1559    i.xQueueGenericSend  queue.o
    0x080038b4   0x00000110   Code   RO         1560    i.xQueueGenericSendFromISR  queue.o
    0x080039c4   0x000000a0   Code   RO         1810    i.xTaskCheckForTimeOut  tasks.o
    0x08003a64   0x00000060   Code   RO         1811    i.xTaskCreate       tasks.o
    0x08003ac4   0x00000020   Code   RO         1815    i.xTaskGetSchedulerState  tasks.o
    0x08003ae4   0x0000000c   Code   RO         1816    i.xTaskGetTickCount  tasks.o
    0x08003af0   0x00000160   Code   RO         1818    i.xTaskIncrementTick  tasks.o
    0x08003c50   0x000000d8   Code   RO         1821    i.xTaskPriorityDisinherit  tasks.o
    0x08003d28   0x000000b4   Code   RO         1822    i.xTaskRemoveFromEventList  tasks.o
    0x08003ddc   0x00000120   Code   RO         1824    i.xTaskResumeAll    tasks.o
    0x08003efc   0x00000074   Code   RO         2143    i.xTimerCreateTimerTask  timers.o
    0x08003f70   0x000000a4   Code   RO         2144    i.xTimerGenericCommand  timers.o
    0x08004014   0x00000020   Data   RO         2693    Region$$Table       anon$$obj.o


    Execution Region ER_RW (Base: 0x20000000, Size: 0x000000d8, Max: 0xffffffff, ABSOLUTE)

    Base Addr    Size         Type   Attr      Idx    E Section Name        Object

    0x20000000   0x00000010   Data   RW           10    .data               main.o
    0x20000010   0x00000014   Data   RW          285    .data               system_stm32f10x.o
    0x20000024   0x00000004   Data   RW          393    .data               delay.o
    0x20000028   0x00000023   Data   RW          478    .data               usart.o
    0x2000004b   0x00000014   Data   RW          780    .data               stm32f10x_rcc.o
    0x2000005f   0x00000001   PAD
    0x20000060   0x0000003c   Data   RW         1827    .data               tasks.o
    0x2000009c   0x00000014   Data   RW         2152    .data               timers.o
    0x200000b0   0x00000018   Data   RW         2268    .data               heap_4.o
    0x200000c8   0x0000000c   Data   RW         2319    .data               port.o
    0x200000d4   0x00000004   Data   RW         2389    .data               iap.o


    Execution Region ER_ZI (Base: 0x200000d8, Size: 0x0000af20, Max: 0xffffffff, ABSOLUTE)

    Base Addr    Size         Type   Attr      Idx    E Section Name        Object

    0x200000d8   0x00002820   Zero   RW            9    .bss                main.o
    0x200028f8   0x00000800   Zero   RW          354    .bss                stmflash.o
    0x200030f8   0x000018d8   Zero   RW          477    .bss                usart.o
    0x200049d0   0x00000040   Zero   RW         1571    .bss                queue.o
    0x20004a10   0x000002e4   Zero   RW         1826    .bss                tasks.o
    0x20004cf4   0x00000028   Zero   RW         2151    .bss                timers.o
    0x20004d1c   0x00005000   Zero   RW         2267    .bss                heap_4.o
    0x20009d1c   0x00000800   Zero   RW         2388    .bss                iap.o
    0x2000a51c   0x0000007c   Zero   RW         2415    .bss                protocol.o
    0x2000a598   0x00000060   Zero   RW         2572    .bss                c_w.l(libspace.o)
    0x2000a5f8   0x00000200   Zero   RW          568    HEAP                startup_stm32f10x_hd.o
    0x2000a7f8   0x00000800   Zero   RW          567    STACK               startup_stm32f10x_hd.o


==============================================================================

Image component sizes


      Code (inc. data)   RO Data    RW Data    ZI Data      Debug   Object Name

       108         18          0          4          0       1179   delay.o
         0          0          0          0          0      11824   event_groups.o
       752        176          0         24      20480       3839   heap_4.o
       148         14          0          4       2048       1952   iap.o
        76          8          0          0          0        503   led.o
       148          0          0          0          0       3038   list.o
      1218        234          0         16      10272     266027   main.o
       172         22          0          0          0       2065   misc.o
       950        320          0         12          0      10185   port.o
       490          6          0          0        124       4581   protocol.o
      2164        238          0          0         64      15045   queue.o
        64         26        304          0       2560        800   startup_stm32f10x_hd.o
       496         26          0          0          0       5107   stm32f10x_dma.o
       274         30          0          0          0       3406   stm32f10x_flash.o
       426          6          0          0          0       3325   stm32f10x_gpio.o
        20          0          0          0          0       2497   stm32f10x_it.o
       308         38          0         20          0       5022   stm32f10x_rcc.o
       452          6          0          0          0       6187   stm32f10x_usart.o
       310         10          0          0       2048       3473   stmflash.o
         6          0          0          0          0        372   sys.o
       328         28          0         20          0       2097   system_stm32f10x.o
      3138        802          0         60        740      27753   tasks.o
      1310        312          0         20         40       8327   timers.o
      1396        170          0         35       6360      13475   usart.o

    ----------------------------------------------------------------------
     14776       2490        336        216      44736     402079   Object Totals
         0          0         32          0          0          0   (incl. Generated)
        22          0          0          1          0          0   (incl. Padding)

    ----------------------------------------------------------------------

      Code (inc. data)   RO Data    RW Data    ZI Data      Debug   Library Member Name

         8          0          0          0          0         68   __main.o
       104          0          0          0          0         84   __printf.o
         0          0          0          0          0          0   __rtentry.o
        12          0          0          0          0          0   __rtentry2.o
         6          0          0          0          0          0   __rtentry4.o
        52          8          0          0          0          0   __scatter.o
        26          0          0          0          0          0   __scatter_copy.o
        28          0          0          0          0          0   __scatter_zi.o
        44          0          0          0          0        108   _printf_char.o
        48          6          0          0          0         96   _printf_char_common.o
        36          4          0          0          0         80   _printf_char_file.o
         6          0          0          0          0          0   _printf_d.o
       120         16          0          0          0         92   _printf_dec.o
       178          0          0          0          0         88   _printf_intcommon.o
         0          0          0          0          0          0   _printf_percent.o
         4          0          0          0          0          0   _printf_percent_end.o
         6          0          0          0          0          0   _printf_s.o
        82          0          0          0          0         80   _printf_str.o
        16          0          0          0          0         68   aeabi_memset.o
        12          0          0          0          0         72   exit.o
         8          0          0          0          0         68   ferror.o
         6          0          0          0          0        152   heapauxi.o
         2          0          0          0          0          0   libinit.o
         2          0          0          0          0          0   libinit2.o
         2          0          0          0          0          0   libshutdown.o
         2          0          0          0          0          0   libshutdown2.o
         8          4          0          0         96         68   libspace.o
        24          4          0          0          0         84   noretval__2printf.o
        68          0          0          0          0         68   rt_memclr.o
        78          0          0          0          0         80   rt_memclr_w.o
       138          0          0          0          0         68   rt_memcpy_v6.o
       100          0          0          0          0         80   rt_memcpy_w.o
         2          0          0          0          0          0   rtexit.o
        10          0          0          0          0          0   rtexit2.o
        74          0          0          0          0         80   sys_stackheap_outer.o
         2          0          0          0          0         68   use_no_semi.o
         2          0          0          0          0         68   use_no_semi_2.o

    ----------------------------------------------------------------------
      1324         42          0          0         96       1720   Library Totals
         8          0          0          0          0          0   (incl. Padding)

    ----------------------------------------------------------------------

      Code (inc. data)   RO Data    RW Data    ZI Data      Debug   Library Name

      1316         42          0          0         96       1720   c_w.l

    ----------------------------------------------------------------------
      1324         42          0          0         96       1720   Library Totals

    ----------------------------------------------------------------------

==============================================================================


      Code (inc. data)   RO Data    RW Data    ZI Data      Debug   

     16100       2532        336        216      44832     395839   Grand Totals
     16100       2532        336        216      44832     395839   ELF Image Totals
     16100       2532        336        216          0          0   ROM Totals

==============================================================================

    Total RO  Size (Code + RO Data)                16436 (  16.05kB)
    Total RW  Size (RW Data + ZI Data)             45048 (  43.99kB)
    Total ROM Size (Code + RO Data + RW Data)      16652 (  16.26kB)

==============================================================================

